Component: ARM Compiler 5.06 update 7 (build 960) Tool: armlink [4d3601]

==============================================================================

Section Cross References

    main.o(i.EXTI_Configure) refers to hal_rcc.o(i.RCC_AHBPeriphClockCmd) for RCC_AHBPeriphClockCmd
    main.o(i.EXTI_Configure) refers to hal_rcc.o(i.RCC_APB1PeriphClockCmd) for RCC_APB1PeriphClockCmd
    main.o(i.EXTI_Configure) refers to hal_gpio.o(i.GPIO_StructInit) for GPIO_StructInit
    main.o(i.EXTI_Configure) refers to hal_gpio.o(i.GPIO_Init) for GPIO_Init
    main.o(i.EXTI_Configure) refers to hal_syscfg.o(i.SYSCFG_EXTILineConfig) for SYSCFG_EXTILineConfig
    main.o(i.EXTI_Configure) refers to hal_exti.o(i.EXTI_StructInit) for EXTI_StructInit
    main.o(i.EXTI_Configure) refers to hal_exti.o(i.EXTI_Init) for EXTI_Init
    main.o(i.EXTI_Configure) refers to hal_misc.o(i.NVIC_Init) for NVIC_Init
    main.o(i.app_upgrade_success) refers to flash_ops.o(i.flash_read_bytes) for flash_read_bytes
    main.o(i.app_upgrade_success) refers to flash_ops.o(i.flash_erase_page) for flash_erase_page
    main.o(i.app_upgrade_success) refers to flash_ops.o(i.flash_write_halfword) for flash_write_halfword
    main.o(i.app_upgrade_success) refers to main.o(.data) for app_info
    main.o(i.deep_sleep) refers to hal_gpio.o(i.GPIO_StructInit) for GPIO_StructInit
    main.o(i.deep_sleep) refers to hal_gpio.o(i.GPIO_Init) for GPIO_Init
    main.o(i.deep_sleep) refers to hal_gpio.o(i.GPIO_WriteBit) for GPIO_WriteBit
    main.o(i.deep_sleep) refers to main.o(i.hardware_init) for hardware_init
    main.o(i.deep_sleep) refers to mm32spin0230_it.o(.data) for t1s_f
    main.o(i.deep_sleep) refers to main.o(.data) for sleep_time
    main.o(i.deep_sleep) refers to magic_cool.o(.data) for magic_cool_mode
    main.o(i.get_systick) refers to mm32spin0230_it.o(.data) for sys_tick
    main.o(i.hardware_init) refers to usart.o(i.USART_Configure) for USART_Configure
    main.o(i.hardware_init) refers to gpio.o(i.GPIO_Configure) for GPIO_Configure
    main.o(i.hardware_init) refers to adc.o(i.ADC_Configure) for ADC_Configure
    main.o(i.hardware_init) refers to tim.o(i.TIM13_Configure) for TIM13_Configure
    main.o(i.hardware_init) refers to tim.o(i.TIM1_Configure) for TIM1_Configure
    main.o(i.hardware_init) refers to opa.o(i.OPAMP_Configure) for OPAMP_Configure
    main.o(i.hardware_init) refers to main.o(i.EXTI_Configure) for EXTI_Configure
    main.o(i.main) refers to main.o(i.app_upgrade_success) for app_upgrade_success
    main.o(i.main) refers to platform.o(i.PLATFORM_Init) for PLATFORM_Init
    main.o(i.main) refers to main.o(i.hardware_init) for hardware_init
    main.o(i.main) refers to controller.o(i.rm_magic_config) for rm_magic_config
    main.o(i.main) refers to controller.o(i.rm_magic_run) for rm_magic_run
    main.o(i.main) refers to usart.o(i.uart_cmd_process) for uart_cmd_process
    main.o(i.main) refers to main.o(i.deep_sleep) for deep_sleep
    main.o(i.sys_delayms) refers to usart.o(i.uart_cmd_process) for uart_cmd_process
    main.o(i.sys_delayms) refers to mm32spin0230_it.o(.data) for sys_tick
    mm32spin0230_it.o(i.DMA1_Channel2_IRQHandler) refers to hal_dma.o(i.DMA_GetITStatus) for DMA_GetITStatus
    mm32spin0230_it.o(i.DMA1_Channel2_IRQHandler) refers to hal_dma.o(i.DMA_Cmd) for DMA_Cmd
    mm32spin0230_it.o(i.DMA1_Channel2_IRQHandler) refers to hal_dma.o(i.DMA_ClearITPendingBit) for DMA_ClearITPendingBit
    mm32spin0230_it.o(i.EXTI4_15_IRQHandler) refers to hal_exti.o(i.EXTI_GetITStatus) for EXTI_GetITStatus
    mm32spin0230_it.o(i.EXTI4_15_IRQHandler) refers to hal_exti.o(i.EXTI_ClearITPendingBit) for EXTI_ClearITPendingBit
    mm32spin0230_it.o(i.HardFault_Handler) refers to tim.o(i.pwm_enable) for pwm_enable
    mm32spin0230_it.o(i.SysTick_Handler) refers to uidiv.o(.text) for __aeabi_uidivmod
    mm32spin0230_it.o(i.SysTick_Handler) refers to controller.o(i.key_scan) for key_scan
    mm32spin0230_it.o(i.SysTick_Handler) refers to platform.o(.data) for PLATFORM_DelayTick
    mm32spin0230_it.o(i.SysTick_Handler) refers to mm32spin0230_it.o(.data) for sys_tick
    mm32spin0230_it.o(i.USART1_IRQHandler) refers to usart.o(i.usart_callback) for usart_callback
    platform.o(i.PLATFORM_DelayMS) refers to platform.o(.data) for PLATFORM_DelayTick
    platform.o(i.PLATFORM_Init) refers to platform.o(i.PLATFORM_InitDelay) for PLATFORM_InitDelay
    platform.o(i.PLATFORM_InitConsole) refers to hal_rcc.o(i.RCC_APB1PeriphClockCmd) for RCC_APB1PeriphClockCmd
    platform.o(i.PLATFORM_InitConsole) refers to hal_usart.o(i.USART_StructInit) for USART_StructInit
    platform.o(i.PLATFORM_InitConsole) refers to hal_usart.o(i.USART_Init) for USART_Init
    platform.o(i.PLATFORM_InitConsole) refers to hal_rcc.o(i.RCC_AHBPeriphClockCmd) for RCC_AHBPeriphClockCmd
    platform.o(i.PLATFORM_InitConsole) refers to hal_gpio.o(i.GPIO_PinAFConfig) for GPIO_PinAFConfig
[...]
    ..\Core\Src\platform.c                   0x00000000   Number         0  platform.o ABSOLUTE
    ..\Core\Src\tim.c                        0x00000000   Number         0  tim.o ABSOLUTE
    ..\Core\Src\usart.c                      0x00000000   Number         0  usart.o ABSOLUTE
    ..\Core\User\controller.c                0x00000000   Number         0  controller.o ABSOLUTE
    ..\Core\User\magic_cool.c                0x00000000   Number         0  magic_cool.o ABSOLUTE
    ..\Core\User\pid.c                       0x00000000   Number         0  pid.o ABSOLUTE
    ..\Core\User\rm_fft.c                    0x00000000   Number         0  rm_fft.o ABSOLUTE
    ..\Core\User\rm_math.c                   0x00000000   Number         0  rm_math.o ABSOLUTE
    ..\Device\MM32SPIN0230\HAL_Lib\src\hal_adc.c 0x00000000   Number         0  hal_adc.o ABSOLUTE
    ..\Device\MM32SPIN0230\HAL_Lib\src\hal_comp.c 0x00000000   Number         0  hal_comp.o ABSOLUTE
    ..\Device\MM32SPIN0230\HAL_Lib\src\hal_dbg.c 0x00000000   Number         0  hal_dbg.o ABSOLUTE
    ..\Device\MM32SPIN0230\HAL_Lib\src\hal_dma.c 0x00000000   Number         0  hal_dma.o ABSOLUTE
    ..\Device\MM32SPIN0230\HAL_Lib\src\hal_exti.c 0x00000000   Number         0  hal_exti.o ABSOLUTE
    ..\Device\MM32SPIN0230\HAL_Lib\src\hal_flash.c 0x00000000   Number         0  hal_flash.o ABSOLUTE
    ..\Device\MM32SPIN0230\HAL_Lib\src\hal_gpio.c 0x00000000   Number         0  hal_gpio.o ABSOLUTE
    ..\Device\MM32SPIN0230\HAL_Lib\src\hal_hwdiv.c 0x00000000   Number         0  hal_hwdiv.o ABSOLUTE
    ..\Device\MM32SPIN0230\HAL_Lib\src\hal_iwdg.c 0x00000000   Number         0  hal_iwdg.o ABSOLUTE
    ..\Device\MM32SPIN0230\HAL_Lib\src\hal_misc.c 0x00000000   Number         0  hal_misc.o ABSOLUTE
    ..\Device\MM32SPIN0230\HAL_Lib\src\hal_opamp.c 0x00000000   Number         0  hal_opamp.o ABSOLUTE
    ..\Device\MM32SPIN0230\HAL_Lib\src\hal_pwr.c 0x00000000   Number         0  hal_pwr.o ABSOLUTE
    ..\Device\MM32SPIN0230\HAL_Lib\src\hal_rcc.c 0x00000000   Number         0  hal_rcc.o ABSOLUTE
    ..\Device\MM32SPIN0230\HAL_Lib\src\hal_syscfg.c 0x00000000   Number         0  hal_syscfg.o ABSOLUTE
    ..\Device\MM32SPIN0230\HAL_Lib\src\hal_tim.c 0x00000000   Number         0  hal_tim.o ABSOLUTE
    ..\Device\MM32SPIN0230\HAL_Lib\src\hal_uid.c 0x00000000   Number         0  hal_uid.o ABSOLUTE
    ..\Device\MM32SPIN0230\HAL_Lib\src\hal_usart.c 0x00000000   Number         0  hal_usart.o ABSOLUTE
    ..\Device\MM32SPIN0230\Source\KEIL_StartAsm\startup_mm32spin0230_keil.s 0x00000000   Number         0  startup_mm32spin0230_keil.o ABSOLUTE
    ..\Device\MM32SPIN0230\Source\system_mm32spin0230.c 0x00000000   Number         0  system_mm32spin0230.o ABSOLUTE
    ..\\Core\\Src\\adc.c                     0x00000000   Number         0  adc.o ABSOLUTE
    ..\\Core\\Src\\flash_ops.c               0x00000000   Number         0  flash_ops.o ABSOLUTE
    ..\\Core\\Src\\gpio.c                    0x00000000   Number         0  gpio.o ABSOLUTE
    ..\\Core\\Src\\main.c                    0x00000000   Number         0  main.o ABSOLUTE
    ..\\Core\\Src\\mm32spin0230_it.c         0x00000000   Number         0  mm32spin0230_it.o ABSOLUTE
    ..\\Core\\Src\\opa.c                     0x00000000   Number         0  opa.o ABSOLUTE
    ..\\Core\\Src\\platform.c                0x00000000   Number         0  platform.o ABSOLUTE
    ..\\Core\\Src\\tim.c                     0x00000000   Number         0  tim.o ABSOLUTE
    ..\\Core\\Src\\usart.c                   0x00000000   Number         0  usart.o ABSOLUTE
    ..\\Core\\User\\controller.c             0x00000000   Number         0  controller.o ABSOLUTE
    ..\\Core\\User\\magic_cool.c             0x00000000   Number         0  magic_cool.o ABSOLUTE
    ..\\Core\\User\\pid.c                    0x00000000   Number         0  pid.o ABSOLUTE
    ..\\Core\\User\\rm_fft.c                 0x00000000   Number         0  rm_fft.o ABSOLUTE
    ..\\Core\\User\\rm_math.c                0x00000000   Number         0  rm_math.o ABSOLUTE
    ..\\Device\\MM32SPIN0230\\HAL_Lib\\src\\hal_adc.c 0x00000000   Number         0  hal_adc.o ABSOLUTE
    ..\\Device\\MM32SPIN0230\\HAL_Lib\\src\\hal_comp.c 0x00000000   Number         0  hal_comp.o ABSOLUTE
    ..\\Device\\MM32SPIN0230\\HAL_Lib\\src\\hal_dbg.c 0x00000000   Number         0  hal_dbg.o ABSOLUTE
    ..\\Device\\MM32SPIN0230\\HAL_Lib\\src\\hal_dma.c 0x00000000   Number         0  hal_dma.o ABSOLUTE
    ..\\Device\\MM32SPIN0230\\HAL_Lib\\src\\hal_exti.c 0x00000000   Number         0  hal_exti.o ABSOLUTE
    ..\\Device\\MM32SPIN0230\\HAL_Lib\\src\\hal_flash.c 0x00000000   Number         0  hal_flash.o ABSOLUTE
    ..\\Device\\MM32SPIN0230\\HAL_Lib\\src\\hal_gpio.c 0x00000000   Number         0  hal_gpio.o ABSOLUTE
    ..\\Device\\MM32SPIN0230\\HAL_Lib\\src\\hal_hwdiv.c 0x00000000   Number         0  hal_hwdiv.o ABSOLUTE
    ..\\Device\\MM32SPIN0230\\HAL_Lib\\src\\hal_iwdg.c 0x00000000   Number         0  hal_iwdg.o ABSOLUTE
    ..\\Device\\MM32SPIN0230\\HAL_Lib\\src\\hal_misc.c 0x00000000   Number         0  hal_misc.o ABSOLUTE
    ..\\Device\\MM32SPIN0230\\HAL_Lib\\src\\hal_opamp.c 0x00000000   Number         0  hal_opamp.o ABSOLUTE
    ..\\Device\\MM32SPIN0230\\HAL_Lib\\src\\hal_pwr.c 0x00000000   Number         0  hal_pwr.o ABSOLUTE
    ..\\Device\\MM32SPIN0230\\HAL_Lib\\src\\hal_rcc.c 0x00000000   Number         0  hal_rcc.o ABSOLUTE
    ..\\Device\\MM32SPIN0230\\HAL_Lib\\src\\hal_syscfg.c 0x00000000   Number         0  hal_syscfg.o ABSOLUTE
    ..\\Device\\MM32SPIN0230\\HAL_Lib\\src\\hal_tim.c 0x00000000   Number         0  hal_tim.o ABSOLUTE
    ..\\Device\\MM32SPIN0230\\HAL_Lib\\src\\hal_uid.c 0x00000000   Number         0  hal_uid.o ABSOLUTE
    ..\\Device\\MM32SPIN0230\\HAL_Lib\\src\\hal_usart.c 0x00000000   Number         0  hal_usart.o ABSOLUTE
    ..\\Device\\MM32SPIN0230\\Source\\system_mm32spin0230.c 0x00000000   Number         0  system_mm32spin0230.o ABSOLUTE
    arm_bitreversal2.c                       0x00000000   Number         0  arm_bitreversal2.o ABSOLUTE
    arm_cfft_f32.c                           0x00000000   Number         0  arm_cfft_f32.o ABSOLUTE
    arm_cfft_init_f32.c                      0x00000000   Number         0  arm_cfft_init_f32.o ABSOLUTE
    arm_cfft_radix8_f32.c                    0x00000000   Number         0  arm_cfft_radix8_f32.o ABSOLUTE
    arm_common_tables.c                      0x00000000   Number         0  arm_common_tables.o ABSOLUTE
    arm_const_structs.c                      0x00000000   Number         0  arm_const_structs.o ABSOLUTE
    cdcmple.s                                0x00000000   Number         0  cdcmple.o ABSOLUTE
    cdrcmple.s                               0x00000000   Number         0  cdrcmple.o ABSOLUTE
    cfcmple.s                                0x00000000   Number         0  cfcmple.o ABSOLUTE
    cfrcmple.s                               0x00000000   Number         0  cfrcmple.o ABSOLUTE
    dc.s                                     0x00000000   Number         0  dc.o ABSOLUTE
    handlers.s                               0x00000000   Number         0  handlers.o ABSOLUTE
    init.s                                   0x00000000   Number         0  init.o ABSOLUTE
    RESET                                    0x08002000   Section      192  startup_mm32spin0230_keil.o(RESET)
    .ARM.Collect$$$$00000000                 0x080020c0   Section        0  entry.o(.ARM.Collect$$$$00000000)
    .ARM.Collect$$$$00000001                 0x080020c0   Section        4  entry2.o(.ARM.Collect$$$$00000001)
    .ARM.Collect$$$$00000004                 0x080020c4   Section        4  entry5.o(.ARM.Collect$$$$00000004)
    .ARM.Collect$$$$00000008                 0x080020c8   Section        0  entry7b.o(.ARM.Collect$$$$00000008)
    .ARM.Collect$$$$0000000A                 0x080020c8   Section        0  entry8b.o(.ARM.Collect$$$$0000000A)
    .ARM.Collect$$$$0000000B                 0x080020c8   Section        8  entry9a.o(.ARM.Collect$$$$0000000B)
    .ARM.Collect$$$$0000000E                 0x080020d0   Section        4  entry12b.o(.ARM.Collect$$$$0000000E)
    .ARM.Collect$$$$0000000F                 0x080020d4   Section        0  entry10a.o(.ARM.Collect$$$$0000000F)
    .ARM.Collect$$$$00000011                 0x080020d4   Section        0  entry11a.o(.ARM.Collect$$$$00000011)
    .ARM.Collect$$$$00002712                 0x080020d4   Section        4  entry2.o(.ARM.Collect$$$$00002712)
    __lit__00000000                          0x080020d4   Data           4  entry2.o(.ARM.Collect$$$$00002712)
    .text                                    0x080020d8   Section       40  startup_mm32spin0230_keil.o(.text)
    .text                                    0x08002100   Section        0  uidiv.o(.text)
    .text                                    0x0800212c   Section        0  idiv.o(.text)
    .text                                    0x08002154   Section        0  memcpya.o(.text)
    .text                                    0x08002178   Section        0  memseta.o(.text)
    .text                                    0x0800219c   Section        0  fadd.o(.text)
    .text                                    0x0800224e   Section        0  fmul.o(.text)
    .text                                    0x080022c8   Section        0  fdiv.o(.text)
    .text                                    0x08002344   Section        0  dadd.o(.text)
    .text                                    0x080024ac   Section        0  dmul.o(.text)
    .text                                    0x0800257c   Section        0  ddiv.o(.text)
    .text                                    0x0800266c   Section        0  fflti.o(.text)
    .text                                    0x08002682   Section        0  ffltui.o(.text)
    .text                                    0x08002690   Section        0  ffixi.o(.text)
    .text                                    0x080026c2   Section        0  ffixui.o(.text)
    .text                                    0x080026ea   Section        0  f2d.o(.text)
    .text                                    0x08002712   Section        0  d2f.o(.text)
    .text                                    0x0800274c   Section       20  cfcmple.o(.text)
    .text                                    0x08002760   Section       20  cfrcmple.o(.text)
    .text                                    0x08002774   Section        0  llshl.o(.text)
    .text                                    0x08002794   Section        0  llsshr.o(.text)
    .text                                    0x080027ba   Section        0  fepilogue.o(.text)
    .text                                    0x080027ba   Section        0  iusefp.o(.text)
    .text                                    0x0800283c   Section        0  depilogue.o(.text)
    .text                                    0x080028fa   Section        0  dsqrt.o(.text)
    .text                                    0x0800299c   Section       36  init.o(.text)
    .text                                    0x080029c0   Section        0  llushr.o(.text)
    i.ADC_AnyChannelCmd                      0x080029e2   Section        0  hal_adc.o(i.ADC_AnyChannelCmd)
    i.ADC_AnyChannelNumCfg                   0x080029fa   Section        0  hal_adc.o(i.ADC_AnyChannelNumCfg)
    i.ADC_AnyChannelSelect                   0x08002a0a   Section        0  hal_adc.o(i.ADC_AnyChannelSelect)
    i.ADC_Cmd                                0x08002a52   Section        0  hal_adc.o(i.ADC_Cmd)
    i.ADC_Configure                          0x08002a6c   Section        0  adc.o(i.ADC_Configure)
    i.ADC_DMACmd                             0x08002af0   Section        0  hal_adc.o(i.ADC_DMACmd)
    i.ADC_DMA_Configure                      0x08002b08   Section        0  adc.o(i.ADC_DMA_Configure)
    i.ADC_DeInit                             0x08002b74   Section        0  hal_adc.o(i.ADC_DeInit)
    i.ADC_Init                               0x08002b94   Section        0  hal_adc.o(i.ADC_Init)
    i.ADC_SampleTimeConfig                   0x08002c00   Section        0  hal_adc.o(i.ADC_SampleTimeConfig)
    i.ADC_SoftwareStartConvCmd               0x08002c48   Section        0  hal_adc.o(i.ADC_SoftwareStartConvCmd)
    i.ADC_StructInit                         0x08002c64   Section        0  hal_adc.o(i.ADC_StructInit)
    i.DMA1_Channel2_IRQHandler               0x08002c70   Section        0  mm32spin0230_it.o(i.DMA1_Channel2_IRQHandler)
    i.DMA_ClearFlag                          0x08002c90   Section        0  hal_dma.o(i.DMA_ClearFlag)
    i.DMA_ClearITPendingBit                  0x08002c9c   Section        0  hal_dma.o(i.DMA_ClearITPendingBit)
    i.DMA_Cmd                                0x08002ca8   Section        0  hal_dma.o(i.DMA_Cmd)
    i.DMA_DeInit                             0x08002cc0   Section        0  hal_dma.o(i.DMA_DeInit)
    i.DMA_GetFlagStatus                      0x08002d08   Section        0  hal_dma.o(i.DMA_GetFlagStatus)
    i.DMA_GetITStatus                        0x08002d20   Section        0  hal_dma.o(i.DMA_GetITStatus)
    i.DMA_Init                               0x08002d38   Section        0  hal_dma.o(i.DMA_Init)
    i.DMA_StructInit                         0x08002d8c   Section        0  hal_dma.o(i.DMA_StructInit)
    i.EXTI4_15_IRQHandler                    0x08002da8   Section        0  mm32spin0230_it.o(i.EXTI4_15_IRQHandler)
    i.EXTI_ClearITPendingBit                 0x08002dc0   Section        0  hal_exti.o(i.EXTI_ClearITPendingBit)
    i.EXTI_Configure                         0x08002dcc   Section        0  main.o(i.EXTI_Configure)
    i.EXTI_GetITStatus                       0x08002e3c   Section        0  hal_exti.o(i.EXTI_GetITStatus)
    i.EXTI_Init                              0x08002e60   Section        0  hal_exti.o(i.EXTI_Init)
    i.EXTI_StructInit                        0x08002f20   Section        0  hal_exti.o(i.EXTI_StructInit)
    i.FLASH_ClearFlag                        0x08002f30   Section        0  hal_flash.o(i.FLASH_ClearFlag)
    i.FLASH_ErasePage                        0x08002f3c   Section        0  hal_flash.o(i.FLASH_ErasePage)
    i.FLASH_GetStatus                        0x08002f6c   Section        0  hal_flash.o(i.FLASH_GetStatus)
    i.FLASH_Lock                             0x08002fa4   Section        0  hal_flash.o(i.FLASH_Lock)
    i.FLASH_ProgramHalfWord                  0x08002fb8   Section        0  hal_flash.o(i.FLASH_ProgramHalfWord)
    i.FLASH_Unlock                           0x08002fdc   Section        0  hal_flash.o(i.FLASH_Unlock)
    i.FLASH_WaitForLastOperation             0x08002ff4   Section        0  hal_flash.o(i.FLASH_WaitForLastOperation)
    i.GPIO_Configure                         0x08003038   Section        0  gpio.o(i.GPIO_Configure)
    i.GPIO_Init                              0x08003084   Section        0  hal_gpio.o(i.GPIO_Init)
    i.GPIO_PinAFConfig                       0x0800311e   Section        0  hal_gpio.o(i.GPIO_PinAFConfig)
    i.GPIO_ReadInputDataBit                  0x08003146   Section        0  hal_gpio.o(i.GPIO_ReadInputDataBit)
    i.GPIO_StructInit                        0x08003158   Section        0  hal_gpio.o(i.GPIO_StructInit)
    i.GPIO_WriteBit                          0x08003168   Section        0  hal_gpio.o(i.GPIO_WriteBit)
    i.HardFault_Handler                      0x08003174   Section        0  mm32spin0230_it.o(i.HardFault_Handler)
    i.NMI_Handler                            0x0800317e   Section        0  mm32spin0230_it.o(i.NMI_Handler)
    i.NVIC_Init                              0x08003180   Section        0  hal_misc.o(i.NVIC_Init)
    i.OPAMP_Cmd                              0x080031e8   Section        0  hal_opamp.o(i.OPAMP_Cmd)
    i.OPAMP_Configure                        0x08003200   Section        0  opa.o(i.OPAMP_Configure)
    i.OPAMP_ModeConfig                       0x0800327c   Section        0  hal_opamp.o(i.OPAMP_ModeConfig)
    i.OPA_Disable                            0x0800328c   Section        0  opa.o(i.OPA_Disable)
    i.OPA_Enable                             0x080032bc   Section        0  opa.o(i.OPA_Enable)
    i.PLATFORM_Init                          0x080032e8   Section        0  platform.o(i.PLATFORM_Init)
    i.PLATFORM_InitDelay                     0x080032f0   Section        0  platform.o(i.PLATFORM_InitDelay)
    i.PendSV_Handler                         0x08003344   Section        0  mm32spin0230_it.o(i.PendSV_Handler)
    i.RCC_AHBPeriphClockCmd                  0x08003348   Section        0  hal_rcc.o(i.RCC_AHBPeriphClockCmd)
    i.RCC_APB1PeriphClockCmd                 0x08003368   Section        0  hal_rcc.o(i.RCC_APB1PeriphClockCmd)
    i.RCC_APB1PeriphResetCmd                 0x08003388   Section        0  hal_rcc.o(i.RCC_APB1PeriphResetCmd)
    i.RCC_GetClocksFreq                      0x080033a8   Section        0  hal_rcc.o(i.RCC_GetClocksFreq)
    i.SVC_Handler                            0x08003418   Section        0  mm32spin0230_it.o(i.SVC_Handler)
    i.SYSCFG_EXTILineConfig                  0x0800341c   Section        0  hal_syscfg.o(i.SYSCFG_EXTILineConfig)
    i.SetSysClockToDefine                    0x0800345c   Section        0  system_mm32spin0230.o(i.SetSysClockToDefine)
    SetSysClockToDefine                      0x0800345d   Thumb Code   208  system_mm32spin0230.o(i.SetSysClockToDefine)
    i.SysTick_Handler                        0x08003540   Section        0  mm32spin0230_it.o(i.SysTick_Handler)
    i.SystemInit                             0x08003588   Section        0  system_mm32spin0230.o(i.SystemInit)
    i.TIM13_Configure                        0x080035b8   Section        0  tim.o(i.TIM13_Configure)
    i.TIM1_Configure                         0x08003670   Section        0  tim.o(i.TIM1_Configure)
    i.TIM_ARRPreloadConfig                   0x0800377c   Section        0  hal_tim.o(i.TIM_ARRPreloadConfig)
    i.TIM_BDTRConfig                         0x08003794   Section        0  hal_tim.o(i.TIM_BDTRConfig)
    i.TIM_BDTRStructInit                     0x080037b2   Section        0  hal_tim.o(i.TIM_BDTRStructInit)
    i.TIM_CCxCmd                             0x080037c4   Section        0  hal_tim.o(i.TIM_CCxCmd)
    i.TIM_CCxNCmd                            0x080037de   Section        0  hal_tim.o(i.TIM_CCxNCmd)
    i.TIM_Cmd                                0x080037f8   Section        0  hal_tim.o(i.TIM_Cmd)
    i.TIM_CtrlPWMOutputs                     0x08003810   Section        0  hal_tim.o(i.TIM_CtrlPWMOutputs)
    i.TIM_OC1Init                            0x0800382c   Section        0  hal_tim.o(i.TIM_OC1Init)
    i.TIM_OC3Init                            0x080038bc   Section        0  hal_tim.o(i.TIM_OC3Init)
    i.TIM_OC3PreloadConfig                   0x08003950   Section        0  hal_tim.o(i.TIM_OC3PreloadConfig)
    i.TIM_OCStructInit                       0x0800395e   Section        0  hal_tim.o(i.TIM_OCStructInit)
    i.TIM_SetAutoreload                      0x08003972   Section        0  hal_tim.o(i.TIM_SetAutoreload)
    i.TIM_SetCompare1                        0x08003976   Section        0  hal_tim.o(i.TIM_SetCompare1)
    i.TIM_SetCompare3                        0x08003988   Section        0  hal_tim.o(i.TIM_SetCompare3)
    i.TIM_TimeBaseInit                       0x0800399c   Section        0  hal_tim.o(i.TIM_TimeBaseInit)
    i.TIM_TimeBaseStructInit                 0x080039f4   Section        0  hal_tim.o(i.TIM_TimeBaseStructInit)
    i.USART1_IRQHandler                      0x08003a06   Section        0  mm32spin0230_it.o(i.USART1_IRQHandler)
    i.USART_Cmd                              0x08003a0e   Section        0  hal_usart.o(i.USART_Cmd)
    i.USART_Configure                        0x08003a2c   Section        0  usart.o(i.USART_Configure)
    i.USART_GetFlagStatus                    0x08003af0   Section        0  hal_usart.o(i.USART_GetFlagStatus)
    i.USART_GetITStatus                      0x08003b02   Section        0  hal_usart.o(i.USART_GetITStatus)
    i.USART_ITConfig                         0x08003b7a   Section        0  hal_usart.o(i.USART_ITConfig)
    i.USART_Init                             0x08003bb0   Section        0  hal_usart.o(i.USART_Init)
    i.USART_ReceiveData                      0x08003c50   Section        0  hal_usart.o(i.USART_ReceiveData)
    i.USART_SendData                         0x08003c5a   Section        0  hal_usart.o(i.USART_SendData)
    i.USART_StructInit                       0x08003c62   Section        0  hal_usart.o(i.USART_StructInit)
    i.__ARM_clz                              0x08003c7a   Section        0  depilogue.o(i.__ARM_clz)
    i.__ARM_common_switch8                   0x08003ca8   Section        0  adc.o(i.__ARM_common_switch8)
    i.__NVIC_SetPriority                     0x08003cc4   Section        0  platform.o(i.__NVIC_SetPriority)
    __NVIC_SetPriority                       0x08003cc5   Thumb Code   110  platform.o(i.__NVIC_SetPriority)
    i.__scatterload_copy                     0x08003d3c   Section       14  handlers.o(i.__scatterload_copy)
    i.__scatterload_null                     0x08003d4a   Section        2  handlers.o(i.__scatterload_null)
    i.__scatterload_zeroinit                 0x08003d4c   Section       14  handlers.o(i.__scatterload_zeroinit)
    i.__set_errno                            0x08003d5c   Section        0  errno.o(i.__set_errno)
    i.abs_i                                  0x08003d68   Section        0  rm_math.o(i.abs_i)
    i.adc_get_conv_freq                      0x08003d78   Section        0  adc.o(i.adc_get_conv_freq)
    i.adc_hvli_input_conv                    0x08003e64   Section        0  adc.o(i.adc_hvli_input_conv)
    i.adc_output_conv                        0x08003f10   Section        0  adc.o(i.adc_output_conv)
    i.adc_set_channel_dma                    0x0800405c   Section        0  adc.o(i.adc_set_channel_dma)
    i.adc_set_conv_freq                      0x080040d0   Section        0  adc.o(i.adc_set_conv_freq)
    i.adc_voltage_get_vpp                    0x080040dc   Section        0  adc.o(i.adc_voltage_get_vpp)
    i.app_upgrade_success                    0x080041a4   Section        0  main.o(i.app_upgrade_success)
    i.crc16                                  0x080041f0   Section        0  usart.o(i.crc16)
    i.deep_sleep                             0x08004230   Section        0  main.o(i.deep_sleep)
    i.find_maxima_i                          0x08004348   Section        0  rm_math.o(i.find_maxima_i)
    i.flash_erase_page                       0x08004384   Section        0  flash_ops.o(i.flash_erase_page)
    i.flash_read_bytes                       0x080043b0   Section        0  flash_ops.o(i.flash_read_bytes)
    i.flash_write_halfword                   0x080043c8   Section        0  flash_ops.o(i.flash_write_halfword)
    i.get_peak_to_peak                       0x08004404   Section        0  rm_math.o(i.get_peak_to_peak)
    i.get_period_start_end_index             0x08004678   Section        0  rm_math.o(i.get_period_start_end_index)
    i.get_systick                            0x0800477c   Section        0  main.o(i.get_systick)
    i.get_vol_cur_rms                        0x08004788   Section        0  rm_math.o(i.get_vol_cur_rms)
    i.handle_flow_adjust_cmd                 0x0800484c   Section        0  usart.o(i.handle_flow_adjust_cmd)
    handle_flow_adjust_cmd                   0x0800484d   Thumb Code    60  usart.o(i.handle_flow_adjust_cmd)
    i.handle_system_upgrade_cmd              0x08004888   Section        0  usart.o(i.handle_system_upgrade_cmd)
    handle_system_upgrade_cmd                0x08004889   Thumb Code   138  usart.o(i.handle_system_upgrade_cmd)
    i.hardware_init                          0x08004924   Section        0  main.o(i.hardware_init)
    i.key_scan                               0x08004948   Section        0  controller.o(i.key_scan)
    i.magic_cool_calc_impedance              0x08004a18   Section        0  magic_cool.o(i.magic_cool_calc_impedance)
    i.magic_cool_config                      0x08004ab8   Section        0  magic_cool.o(i.magic_cool_config)
    i.magic_cool_freq_track                  0x08004b0c   Section        0  magic_cool.o(i.magic_cool_freq_track)
    i.magic_cool_freq_track_current          0x08004b74   Section        0  magic_cool.o(i.magic_cool_freq_track_current)
    i.magic_cool_key_scan                    0x08004e80   Section        0  magic_cool.o(i.magic_cool_key_scan)
    i.magic_cool_mode2                       0x08004f00   Section        0  magic_cool.o(i.magic_cool_mode2)
    i.magic_cool_run                         0x08004fc0   Section        0  magic_cool.o(i.magic_cool_run)
    i.magic_cool_run_impedance               0x08005054   Section        0  magic_cool.o(i.magic_cool_run_impedance)
    i.magic_cool_set_adcfreq                 0x080051a4   Section        0  magic_cool.o(i.magic_cool_set_adcfreq)
    i.magic_cool_set_limt                    0x080051b0   Section        0  magic_cool.o(i.magic_cool_set_limt)
    i.magic_cool_set_target_vol              0x080051d0   Section        0  magic_cool.o(i.magic_cool_set_target_vol)
    i.magic_cool_test                        0x080051dc   Section        0  magic_cool.o(i.magic_cool_test)
    i.magic_cool_voltage_closeloop           0x080051e4   Section        0  magic_cool.o(i.magic_cool_voltage_closeloop)
    i.magic_cool_voltage_closeloop_dcdc      0x080051fc   Section        0  magic_cool.o(i.magic_cool_voltage_closeloop_dcdc)
    i.main                                   0x0800535c   Section        0  main.o(i.main)
    i.pwm1_set_duty                          0x0800537c   Section        0  tim.o(i.pwm1_set_duty)
    i.pwm_enable                             0x08005388   Section        0  tim.o(i.pwm_enable)
    i.pwm_get_freq                           0x080053c0   Section        0  tim.o(i.pwm_get_freq)
    i.pwm_set_config                         0x080053cc   Section        0  tim.o(i.pwm_set_config)
    i.pwm_set_freq                           0x080053dc   Section        0  tim.o(i.pwm_set_freq)
    i.pwm_set_freq_limt                      0x080053ec   Section        0  tim.o(i.pwm_set_freq_limt)
    i.rm_magic_config                        0x08005400   Section        0  controller.o(i.rm_magic_config)
    i.rm_magic_run                           0x08005408   Section        0  controller.o(i.rm_magic_run)
    i.set_power_enable                       0x08005410   Section        0  controller.o(i.set_power_enable)
    i.sqrt                                   0x08005430   Section        0  sqrt.o(i.sqrt)
    i.sys_delayms                            0x08005478   Section        0  main.o(i.sys_delayms)
    i.tim13_set_duty                         0x08005498   Section        0  tim.o(i.tim13_set_duty)
    i.timer1_set_output                      0x080054ac   Section        0  tim.o(i.timer1_set_output)
    i.uart_cmd_process                       0x08005500   Section        0  usart.o(i.uart_cmd_process)
    i.usart_callback                         0x080055ec   Section        0  usart.o(i.usart_callback)
    i.usart_handle_command                   0x08005650   Section        0  usart.o(i.usart_handle_command)
    i.usart_send_frame                       0x080056b8   Section        0  usart.o(i.usart_send_frame)
    i.usart_transmit                         0x08005758   Section        0  usart.o(i.usart_transmit)
    .ARM.__AT_0x20000000                     0x20000000   Section      192  usart.o(.ARM.__AT_0x20000000)
    vector_table                             0x20000000   Data         192  usart.o(.ARM.__AT_0x20000000)
    .ARM.__AT_0x200000C0                     0x200000c0   Section       20  usart.o(.ARM.__AT_0x200000C0)
    upgrade_state                            0x200000c0   Data          20  usart.o(.ARM.__AT_0x200000C0)
    .data                                    0x200000e0   Section        9  main.o(.data)
    app_info                                 0x200000e0   Data           8  main.o(.data)
    sleep_time                               0x200000e8   Data           1  main.o(.data)
    .data                                    0x200000ec   Section        5  mm32spin0230_it.o(.data)
    .data                                    0x200000f4   Section        4  platform.o(.data)
    .data                                    0x200000f8   Section       12  usart.o(.data)
    update_tick                              0x20000100   Data           4  usart.o(.data)
    .data                                    0x20000104   Section       46  adc.o(.data)
    .data                                    0x20000134   Section       24  tim.o(.data)
    .data                                    0x2000014c   Section       24  controller.o(.data)
    debounce_cnt2                            0x2000015e   Data           1  controller.o(.data)
    key_status                               0x2000015f   Data           1  controller.o(.data)
    key2_current_time                        0x20000160   Data           4  controller.o(.data)
    .data                                    0x20000164   Section      100  magic_cool.o(.data)
    cnt0                                     0x200001af   Data           1  magic_cool.o(.data)
    cnt1                                     0x200001b0   Data           1  magic_cool.o(.data)
    cnt2                                     0x200001b1   Data           1  magic_cool.o(.data)
    scan_tick                                0x200001b4   Data           4  magic_cool.o(.data)
    tick_ph                                  0x200001b8   Data           4  magic_cool.o(.data)
    tick_cur                                 0x200001bc   Data           4  magic_cool.o(.data)
    tick_vol                                 0x200001c0   Data           4  magic_cool.o(.data)
    tick_imp                                 0x200001c4   Data           4  magic_cool.o(.data)
    .data                                    0x200001c8   Section       20  hal_rcc.o(.data)
    .data                                    0x200001dc   Section        4  system_mm32spin0230.o(.data)
    .data                                    0x200001e0   Section        4  errno.o(.data)
    _errno                                   0x200001e0   Data           4  errno.o(.data)
    .bss                                     0x200001e4   Section       60  usart.o(.bss)
    .bss                                     0x20000220   Section     1536  adc.o(.bss)
    .bss                                     0x20000820   Section      256  magic_cool.o(.bss)
    STACK                                    0x20000920   Section     1280  startup_mm32spin0230_keil.o(STACK)

    Global Symbols

    Symbol Name                              Value     Ov Type        Size  Object(Section)

    BuildAttributes$$THM_ISAv3M$S$PE$A:L22$X:L11$S22$IEEE1$IW$USESV6$~STKCKD$USESV7$~SHL$OTIME$ROPI$IEEEX$EBA8$MICROLIB$REQ8$PRES8$EABIv2 0x00000000   Number         0  anon$$obj.o ABSOLUTE
    __ARM_use_no_argv                        0x00000000   Number         0  main.o ABSOLUTE
    _printf_a                                0x00000000   Number         0  stubs.o ABSOLUTE
    _printf_c                                0x00000000   Number         0  stubs.o ABSOLUTE
    _printf_charcount                        0x00000000   Number         0  stubs.o ABSOLUTE
    _printf_d                                0x00000000   Number         0  stubs.o ABSOLUTE
    _printf_e                                0x00000000   Number         0  stubs.o ABSOLUTE
    _printf_f                                0x00000000   Number         0  stubs.o ABSOLUTE
    _printf_flags                            0x00000000   Number         0  stubs.o ABSOLUTE
    _printf_fp_dec                           0x00000000   Number         0  stubs.o ABSOLUTE
    _printf_fp_hex                           0x00000000   Number         0  stubs.o ABSOLUTE
    _printf_g                                0x00000000   Number         0  stubs.o ABSOLUTE
    _printf_i                                0x00000000   Number         0  stubs.o ABSOLUTE
    _printf_int_dec                          0x00000000   Number         0  stubs.o ABSOLUTE
    _printf_l                                0x00000000   Number         0  stubs.o ABSOLUTE
    _printf_lc                               0x00000000   Number         0  stubs.o ABSOLUTE
    _printf_ll                               0x00000000   Number         0  stubs.o ABSOLUTE
    _printf_lld                              0x00000000   Number         0  stubs.o ABSOLUTE
    _printf_lli                              0x00000000   Number         0  stubs.o ABSOLUTE
    _printf_llo                              0x00000000   Number         0  stubs.o ABSOLUTE
    _printf_llu                              0x00000000   Number         0  stubs.o ABSOLUTE
    _printf_llx                              0x00000000   Number         0  stubs.o ABSOLUTE
    _printf_longlong_dec                     0x00000000   Number         0  stubs.o ABSOLUTE
    _printf_longlong_hex                     0x00000000   Number         0  stubs.o ABSOLUTE
    _printf_longlong_oct                     0x00000000   Number         0  stubs.o ABSOLUTE
    _printf_ls                               0x00000000   Number         0  stubs.o ABSOLUTE
    _printf_mbtowc                           0x00000000   Number         0  stubs.o ABSOLUTE
    _printf_n                                0x00000000   Number         0  stubs.o ABSOLUTE
    _printf_o                                0x00000000   Number         0  stubs.o ABSOLUTE
    _printf_p                                0x00000000   Number         0  stubs.o ABSOLUTE
    _printf_percent                          0x00000000   Number         0  stubs.o ABSOLUTE
    _printf_pre_padding                      0x00000000   Number         0  stubs.o ABSOLUTE
    _printf_return_value                     0x00000000   Number         0  stubs.o ABSOLUTE
    _printf_s                                0x00000000   Number         0  stubs.o ABSOLUTE
    _printf_sizespec                         0x00000000   Number         0  stubs.o ABSOLUTE
    _printf_str                              0x00000000   Number         0  stubs.o ABSOLUTE
    _printf_truncate_signed                  0x00000000   Number         0  stubs.o ABSOLUTE
    _printf_truncate_unsigned                0x00000000   Number         0  stubs.o ABSOLUTE
    _printf_u                                0x00000000   Number         0  stubs.o ABSOLUTE
    _printf_wc                               0x00000000   Number         0  stubs.o ABSOLUTE
    _printf_wctomb                           0x00000000   Number         0  stubs.o ABSOLUTE
    _printf_widthprec                        0x00000000   Number         0  stubs.o ABSOLUTE
    _printf_x                                0x00000000   Number         0  stubs.o ABSOLUTE
    __arm_fini_                               - Undefined Weak Reference
    __cpp_initialize__aeabi_                  - Undefined Weak Reference
    __cxa_finalize                            - Undefined Weak Reference
    __decompress                              - Undefined Weak Reference
    _clock_init                               - Undefined Weak Reference
    _microlib_exit                            - Undefined Weak Reference
    __Vectors_Size                           0x000000c0   Number         0  startup_mm32spin0230_keil.o ABSOLUTE
    __Vectors                                0x08002000   Data           4  startup_mm32spin0230_keil.o(RESET)
    __Vectors_End                            0x080020c0   Data           0  startup_mm32spin0230_keil.o(RESET)
    __main                                   0x080020c1   Thumb Code     0  entry.o(.ARM.Collect$$$$00000000)
    _main_stk                                0x080020c1   Thumb Code     0  entry2.o(.ARM.Collect$$$$00000001)
    _main_scatterload                        0x080020c5   Thumb Code     0  entry5.o(.ARM.Collect$$$$00000004)
    __main_after_scatterload                 0x080020c9   Thumb Code     0  entry5.o(.ARM.Collect$$$$00000004)
    _main_clock                              0x080020c9   Thumb Code     0  entry7b.o(.ARM.Collect$$$$00000008)
    _main_cpp_init                           0x080020c9   Thumb Code     0  entry8b.o(.ARM.Collect$$$$0000000A)
    _main_init                               0x080020c9   Thumb Code     0  entry9a.o(.ARM.Collect$$$$0000000B)
    __rt_lib_shutdown_fini                   0x080020d1   Thumb Code     0  entry12b.o(.ARM.Collect$$$$0000000E)
    __rt_final_cpp                           0x080020d5   Thumb Code     0  entry10a.o(.ARM.Collect$$$$0000000F)
    __rt_final_exit                          0x080020d5   Thumb Code     0  entry11a.o(.ARM.Collect$$$$00000011)
    Reset_Handler                            0x080020d9   Thumb Code    14  startup_mm32spin0230_keil.o(.text)
    ADC_IRQHandler                           0x080020f1   Thumb Code     0  startup_mm32spin0230_keil.o(.text)
    COMP1_2_IRQHandler                       0x080020f1   Thumb Code     0  startup_mm32spin0230_keil.o(.text)
    DMA1_Channel1_IRQHandler                 0x080020f1   Thumb Code     0  startup_mm32spin0230_keil.o(.text)
    EXTI0_1_IRQHandler                       0x080020f1   Thumb Code     0  startup_mm32spin0230_keil.o(.text)
    EXTI2_3_IRQHandler                       0x080020f1   Thumb Code     0  startup_mm32spin0230_keil.o(.text)
    FLASH_IRQHandler                         0x080020f1   Thumb Code     0  startup_mm32spin0230_keil.o(.text)
    HWDIV_IRQHandler                         0x080020f1   Thumb Code     0  startup_mm32spin0230_keil.o(.text)
    IWDG_IRQHandler                          0x080020f1   Thumb Code     0  startup_mm32spin0230_keil.o(.text)
    PVD_IRQHandler                           0x080020f1   Thumb Code     0  startup_mm32spin0230_keil.o(.text)
    RCC_IRQHandler                           0x080020f1   Thumb Code     0  startup_mm32spin0230_keil.o(.text)
    TIM13_IRQHandler                         0x080020f1   Thumb Code     0  startup_mm32spin0230_keil.o(.text)
    TIM14_IRQHandler                         0x080020f1   Thumb Code     0  startup_mm32spin0230_keil.o(.text)
    TIM1_BRK_UP_TRG_COM_IRQHandler           0x080020f1   Thumb Code     0  startup_mm32spin0230_keil.o(.text)
    TIM1_CC_IRQHandler                       0x080020f1   Thumb Code     0  startup_mm32spin0230_keil.o(.text)
    TIM2_IRQHandler                          0x080020f1   Thumb Code     0  startup_mm32spin0230_keil.o(.text)
    TIM6_IRQHandler                          0x080020f1   Thumb Code     0  startup_mm32spin0230_keil.o(.text)
    __aeabi_uidiv                            0x08002101   Thumb Code     0  uidiv.o(.text)
    __aeabi_uidivmod                         0x08002101   Thumb Code    44  uidiv.o(.text)
    __aeabi_idiv                             0x0800212d   Thumb Code     0  idiv.o(.text)
    __aeabi_idivmod                          0x0800212d   Thumb Code    40  idiv.o(.text)
    __aeabi_memcpy                           0x08002155   Thumb Code    36  memcpya.o(.text)
    __aeabi_memcpy4                          0x08002155   Thumb Code     0  memcpya.o(.text)
    __aeabi_memcpy8                          0x08002155   Thumb Code     0  memcpya.o(.text)
    __aeabi_memset                           0x08002179   Thumb Code    14  memseta.o(.text)
    __aeabi_memset4                          0x08002179   Thumb Code     0  memseta.o(.text)
    __aeabi_memset8                          0x08002179   Thumb Code     0  memseta.o(.text)
    __aeabi_memclr                           0x08002187   Thumb Code     4  memseta.o(.text)
    __aeabi_memclr4                          0x08002187   Thumb Code     0  memseta.o(.text)
    __aeabi_memclr8                          0x08002187   Thumb Code     0  memseta.o(.text)
    _memset$wrapper                          0x0800218b   Thumb Code    18  memseta.o(.text)
    __aeabi_fadd                             0x0800219d   Thumb Code   162  fadd.o(.text)
    __aeabi_fsub                             0x0800223f   Thumb Code     8  fadd.o(.text)
    __aeabi_frsub                            0x08002247   Thumb Code     8  fadd.o(.text)
    __aeabi_fmul                             0x0800224f   Thumb Code   122  fmul.o(.text)
    __aeabi_fdiv                             0x080022c9   Thumb Code   124  fdiv.o(.text)
    __aeabi_dadd                             0x08002345   Thumb Code   330  dadd.o(.text)
    __aeabi_dsub                             0x0800248f   Thumb Code    12  dadd.o(.text)
    __aeabi_drsub                            0x0800249b   Thumb Code    12  dadd.o(.text)
    __aeabi_dmul                             0x080024ad   Thumb Code   202  dmul.o(.text)
    __aeabi_ddiv                             0x0800257d   Thumb Code   234  ddiv.o(.text)
    __aeabi_i2f                              0x0800266d   Thumb Code    22  fflti.o(.text)
    __aeabi_ui2f                             0x08002683   Thumb Code    14  ffltui.o(.text)
    __aeabi_f2iz                             0x08002691   Thumb Code    50  ffixi.o(.text)
    __aeabi_f2uiz                            0x080026c3   Thumb Code    40  ffixui.o(.text)
    __aeabi_f2d                              0x080026eb   Thumb Code    40  f2d.o(.text)
    __aeabi_d2f                              0x08002713   Thumb Code    56  d2f.o(.text)
    __aeabi_cfcmpeq                          0x0800274d   Thumb Code     0  cfcmple.o(.text)
    __aeabi_cfcmple                          0x0800274d   Thumb Code    20  cfcmple.o(.text)
    __aeabi_cfrcmple                         0x08002761   Thumb Code    20  cfrcmple.o(.text)
    __aeabi_llsl                             0x08002775   Thumb Code    32  llshl.o(.text)
    _ll_shift_l                              0x08002775   Thumb Code     0  llshl.o(.text)
    __aeabi_lasr                             0x08002795   Thumb Code    38  llsshr.o(.text)
    _ll_sshift_r                             0x08002795   Thumb Code     0  llsshr.o(.text)
    __I$use$fp                               0x080027bb   Thumb Code     0  iusefp.o(.text)
    _float_round                             0x080027bb   Thumb Code    16  fepilogue.o(.text)
    _float_epilogue                          0x080027cb   Thumb Code   114  fepilogue.o(.text)
    _double_round                            0x0800283d   Thumb Code    26  depilogue.o(.text)
    _double_epilogue                         0x08002857   Thumb Code   164  depilogue.o(.text)
    _dsqrt                                   0x080028fb   Thumb Code   162  dsqrt.o(.text)
    __scatterload                            0x0800299d   Thumb Code    28  init.o(.text)
    __scatterload_rt2                        0x0800299d   Thumb Code     0  init.o(.text)
    __aeabi_llsr                             0x080029c1   Thumb Code    34  llushr.o(.text)
    _ll_ushift_r                             0x080029c1   Thumb Code     0  llushr.o(.text)
    ADC_AnyChannelCmd                        0x080029e3   Thumb Code    24  hal_adc.o(i.ADC_AnyChannelCmd)
    ADC_AnyChannelNumCfg                     0x080029fb   Thumb Code    16  hal_adc.o(i.ADC_AnyChannelNumCfg)
    ADC_AnyChannelSelect                     0x08002a0b   Thumb Code    72  hal_adc.o(i.ADC_AnyChannelSelect)
    ADC_Cmd                                  0x08002a53   Thumb Code    24  hal_adc.o(i.ADC_Cmd)
    ADC_Configure                            0x08002a6d   Thumb Code   124  adc.o(i.ADC_Configure)
    ADC_DMACmd                               0x08002af1   Thumb Code    24  hal_adc.o(i.ADC_DMACmd)
    ADC_DMA_Configure                        0x08002b09   Thumb Code    98  adc.o(i.ADC_DMA_Configure)
    ADC_DeInit                               0x08002b75   Thumb Code    28  hal_adc.o(i.ADC_DeInit)
    ADC_Init                                 0x08002b95   Thumb Code   100  hal_adc.o(i.ADC_Init)
    ADC_SampleTimeConfig                     0x08002c01   Thumb Code    72  hal_adc.o(i.ADC_SampleTimeConfig)
    ADC_SoftwareStartConvCmd                 0x08002c49   Thumb Code    28  hal_adc.o(i.ADC_SoftwareStartConvCmd)
    ADC_StructInit                           0x08002c65   Thumb Code    12  hal_adc.o(i.ADC_StructInit)
    DMA1_Channel2_IRQHandler                 0x08002c71   Thumb Code    28  mm32spin0230_it.o(i.DMA1_Channel2_IRQHandler)
    DMA_ClearFlag                            0x08002c91   Thumb Code     6  hal_dma.o(i.DMA_ClearFlag)
    DMA_ClearITPendingBit                    0x08002c9d   Thumb Code     6  hal_dma.o(i.DMA_ClearITPendingBit)
    DMA_Cmd                                  0x08002ca9   Thumb Code    24  hal_dma.o(i.DMA_Cmd)
    DMA_DeInit                               0x08002cc1   Thumb Code    68  hal_dma.o(i.DMA_DeInit)
    DMA_GetFlagStatus                        0x08002d09   Thumb Code    20  hal_dma.o(i.DMA_GetFlagStatus)
    DMA_GetITStatus                          0x08002d21   Thumb Code    20  hal_dma.o(i.DMA_GetITStatus)
    DMA_Init                                 0x08002d39   Thumb Code    80  hal_dma.o(i.DMA_Init)
    DMA_StructInit                           0x08002d8d   Thumb Code    28  hal_dma.o(i.DMA_StructInit)
    EXTI4_15_IRQHandler                      0x08002da9   Thumb Code    24  mm32spin0230_it.o(i.EXTI4_15_IRQHandler)
    EXTI_ClearITPendingBit                   0x08002dc1   Thumb Code     6  hal_exti.o(i.EXTI_ClearITPendingBit)
    EXTI_Configure                           0x08002dcd   Thumb Code   112  main.o(i.EXTI_Configure)
    EXTI_GetITStatus                         0x08002e3d   Thumb Code    30  hal_exti.o(i.EXTI_GetITStatus)
    EXTI_Init                                0x08002e61   Thumb Code   186  hal_exti.o(i.EXTI_Init)
    EXTI_StructInit                          0x08002f21   Thumb Code    16  hal_exti.o(i.EXTI_StructInit)
    FLASH_ClearFlag                          0x08002f31   Thumb Code     6  hal_flash.o(i.FLASH_ClearFlag)
    FLASH_ErasePage                          0x08002f3d   Thumb Code    38  hal_flash.o(i.FLASH_ErasePage)
    FLASH_GetStatus                          0x08002f6d   Thumb Code    52  hal_flash.o(i.FLASH_GetStatus)
    FLASH_Lock                               0x08002fa5   Thumb Code    14  hal_flash.o(i.FLASH_Lock)
    FLASH_ProgramHalfWord                    0x08002fb9   Thumb Code    30  hal_flash.o(i.FLASH_ProgramHalfWord)
    FLASH_Unlock                             0x08002fdd   Thumb Code    12  hal_flash.o(i.FLASH_Unlock)
    FLASH_WaitForLastOperation               0x08002ff5   Thumb Code    62  hal_flash.o(i.FLASH_WaitForLastOperation)
    GPIO_Configure                           0x08003039   Thumb Code    70  gpio.o(i.GPIO_Configure)
    GPIO_Init                                0x08003085   Thumb Code   154  hal_gpio.o(i.GPIO_Init)
    GPIO_PinAFConfig                         0x0800311f   Thumb Code    40  hal_gpio.o(i.GPIO_PinAFConfig)
    GPIO_ReadInputDataBit                    0x08003147   Thumb Code    18  hal_gpio.o(i.GPIO_ReadInputDataBit)
    GPIO_StructInit                          0x08003159   Thumb Code    16  hal_gpio.o(i.GPIO_StructInit)
    GPIO_WriteBit                            0x08003169   Thumb Code    12  hal_gpio.o(i.GPIO_WriteBit)
    HardFault_Handler                        0x08003175   Thumb Code    10  mm32spin0230_it.o(i.HardFault_Handler)
    NMI_Handler                              0x0800317f   Thumb Code     2  mm32spin0230_it.o(i.NMI_Handler)
    NVIC_Init                                0x08003181   Thumb Code   100  hal_misc.o(i.NVIC_Init)
    OPAMP_Cmd                                0x080031e9   Thumb Code    24  hal_opamp.o(i.OPAMP_Cmd)
    OPAMP_Configure                          0x08003201   Thumb Code   112  opa.o(i.OPAMP_Configure)
    OPAMP_ModeConfig                         0x0800327d   Thumb Code    14  hal_opamp.o(i.OPAMP_ModeConfig)
    OPA_Disable                              0x0800328d   Thumb Code    40  opa.o(i.OPA_Disable)
    OPA_Enable                               0x080032bd   Thumb Code    36  opa.o(i.OPA_Enable)
    PLATFORM_Init                            0x080032e9   Thumb Code     8  platform.o(i.PLATFORM_Init)
    PLATFORM_InitDelay                       0x080032f1   Thumb Code    76  platform.o(i.PLATFORM_InitDelay)
    PendSV_Handler                           0x08003345   Thumb Code     2  mm32spin0230_it.o(i.PendSV_Handler)
    RCC_AHBPeriphClockCmd                    0x08003349   Thumb Code    28  hal_rcc.o(i.RCC_AHBPeriphClockCmd)
    RCC_APB1PeriphClockCmd                   0x08003369   Thumb Code    28  hal_rcc.o(i.RCC_APB1PeriphClockCmd)
    RCC_APB1PeriphResetCmd                   0x08003389   Thumb Code    28  hal_rcc.o(i.RCC_APB1PeriphResetCmd)
    RCC_GetClocksFreq                        0x080033a9   Thumb Code    90  hal_rcc.o(i.RCC_GetClocksFreq)
    SVC_Handler                              0x08003419   Thumb Code     2  mm32spin0230_it.o(i.SVC_Handler)
    SYSCFG_EXTILineConfig                    0x0800341d   Thumb Code    60  hal_syscfg.o(i.SYSCFG_EXTILineConfig)
    SysTick_Handler                          0x08003541   Thumb Code    58  mm32spin0230_it.o(i.SysTick_Handler)
    SystemInit                               0x08003589   Thumb Code    40  system_mm32spin0230.o(i.SystemInit)
    TIM13_Configure                          0x080035b9   Thumb Code   176  tim.o(i.TIM13_Configure)
    TIM1_Configure                           0x08003671   Thumb Code   250  tim.o(i.TIM1_Configure)
    TIM_ARRPreloadConfig                     0x0800377d   Thumb Code    24  hal_tim.o(i.TIM_ARRPreloadConfig)
    TIM_BDTRConfig                           0x08003795   Thumb Code    30  hal_tim.o(i.TIM_BDTRConfig)
    TIM_BDTRStructInit                       0x080037b3   Thumb Code    18  hal_tim.o(i.TIM_BDTRStructInit)
    TIM_CCxCmd                               0x080037c5   Thumb Code    26  hal_tim.o(i.TIM_CCxCmd)
    TIM_CCxNCmd                              0x080037df   Thumb Code    26  hal_tim.o(i.TIM_CCxNCmd)
    TIM_Cmd                                  0x080037f9   Thumb Code    24  hal_tim.o(i.TIM_Cmd)
    TIM_CtrlPWMOutputs                       0x08003811   Thumb Code    28  hal_tim.o(i.TIM_CtrlPWMOutputs)
    TIM_OC1Init                              0x0800382d   Thumb Code   138  hal_tim.o(i.TIM_OC1Init)
    TIM_OC3Init                              0x080038bd   Thumb Code   144  hal_tim.o(i.TIM_OC3Init)
    TIM_OC3PreloadConfig                     0x08003951   Thumb Code    14  hal_tim.o(i.TIM_OC3PreloadConfig)
    TIM_OCStructInit                         0x0800395f   Thumb Code    20  hal_tim.o(i.TIM_OCStructInit)
    TIM_SetAutoreload                        0x08003973   Thumb Code     4  hal_tim.o(i.TIM_SetAutoreload)
    TIM_SetCompare1                          0x08003977   Thumb Code    18  hal_tim.o(i.TIM_SetCompare1)
    TIM_SetCompare3                          0x08003989   Thumb Code    18  hal_tim.o(i.TIM_SetCompare3)
    TIM_TimeBaseInit                         0x0800399d   Thumb Code    84  hal_tim.o(i.TIM_TimeBaseInit)
    TIM_TimeBaseStructInit                   0x080039f5   Thumb Code    18  hal_tim.o(i.TIM_TimeBaseStructInit)
    USART1_IRQHandler                        0x08003a07   Thumb Code     8  mm32spin0230_it.o(i.USART1_IRQHandler)
    USART_Cmd                                0x08003a0f   Thumb Code    28  hal_usart.o(i.USART_Cmd)
    USART_Configure                          0x08003a2d   Thumb Code   190  usart.o(i.USART_Configure)
    USART_GetFlagStatus                      0x08003af1   Thumb Code    18  hal_usart.o(i.USART_GetFlagStatus)
    USART_GetITStatus                        0x08003b03   Thumb Code   120  hal_usart.o(i.USART_GetITStatus)
    USART_ITConfig                           0x08003b7b   Thumb Code    52  hal_usart.o(i.USART_ITConfig)
    USART_Init                               0x08003bb1   Thumb Code   154  hal_usart.o(i.USART_Init)
    USART_ReceiveData                        0x08003c51   Thumb Code    10  hal_usart.o(i.USART_ReceiveData)
    USART_SendData                           0x08003c5b   Thumb Code     8  hal_usart.o(i.USART_SendData)
    USART_StructInit                         0x08003c63   Thumb Code    24  hal_usart.o(i.USART_StructInit)
    __ARM_clz                                0x08003c7b   Thumb Code    46  depilogue.o(i.__ARM_clz)
    __ARM_common_switch8                     0x08003ca9   Thumb Code    28  adc.o(i.__ARM_common_switch8)
    __scatterload_copy                       0x08003d3d   Thumb Code    14  handlers.o(i.__scatterload_copy)
    __scatterload_null                       0x08003d4b   Thumb Code     2  handlers.o(i.__scatterload_null)
    __scatterload_zeroinit                   0x08003d4d   Thumb Code    14  handlers.o(i.__scatterload_zeroinit)
    __set_errno                              0x08003d5d   Thumb Code     6  errno.o(i.__set_errno)
    abs_i                                    0x08003d69   Thumb Code    14  rm_math.o(i.abs_i)
    adc_get_conv_freq                        0x08003d79   Thumb Code   174  adc.o(i.adc_get_conv_freq)
    adc_hvli_input_conv                      0x08003e65   Thumb Code   156  adc.o(i.adc_hvli_input_conv)
    adc_output_conv                          0x08003f11   Thumb Code   292  adc.o(i.adc_output_conv)
    adc_set_channel_dma                      0x0800405d   Thumb Code   106  adc.o(i.adc_set_channel_dma)
    adc_set_conv_freq                        0x080040d1   Thumb Code     6  adc.o(i.adc_set_conv_freq)
    adc_voltage_get_vpp                      0x080040dd   Thumb Code   178  adc.o(i.adc_voltage_get_vpp)
    app_upgrade_success                      0x080041a5   Thumb Code    60  main.o(i.app_upgrade_success)
    crc16                                    0x080041f1   Thumb Code    60  usart.o(i.crc16)
    deep_sleep                               0x08004231   Thumb Code   248  main.o(i.deep_sleep)
    find_maxima_i                            0x08004349   Thumb Code    60  rm_math.o(i.find_maxima_i)
    flash_erase_page                         0x08004385   Thumb Code    44  flash_ops.o(i.flash_erase_page)
    flash_read_bytes                         0x080043b1   Thumb Code    24  flash_ops.o(i.flash_read_bytes)
    flash_write_halfword                     0x080043c9   Thumb Code    58  flash_ops.o(i.flash_write_halfword)
    get_peak_to_peak                         0x08004405   Thumb Code   624  rm_math.o(i.get_peak_to_peak)
    get_period_start_end_index               0x08004679   Thumb Code   258  rm_math.o(i.get_period_start_end_index)
    get_systick                              0x0800477d   Thumb Code     6  main.o(i.get_systick)
    get_vol_cur_rms                          0x08004789   Thumb Code   196  rm_math.o(i.get_vol_cur_rms)
    hardware_init                            0x08004925   Thumb Code    36  main.o(i.hardware_init)
    key_scan                                 0x08004949   Thumb Code   188  controller.o(i.key_scan)
    magic_cool_calc_impedance                0x08004a19   Thumb Code   142  magic_cool.o(i.magic_cool_calc_impedance)
    magic_cool_config                        0x08004ab9   Thumb Code    68  magic_cool.o(i.magic_cool_config)
    magic_cool_freq_track                    0x08004b0d   Thumb Code    82  magic_cool.o(i.magic_cool_freq_track)
    magic_cool_freq_track_current            0x08004b75   Thumb Code   742  magic_cool.o(i.magic_cool_freq_track_current)
    magic_cool_key_scan                      0x08004e81   Thumb Code   100  magic_cool.o(i.magic_cool_key_scan)
    magic_cool_mode2                         0x08004f01   Thumb Code   156  magic_cool.o(i.magic_cool_mode2)
    magic_cool_run                           0x08004fc1   Thumb Code   140  magic_cool.o(i.magic_cool_run)
    magic_cool_run_impedance                 0x08005055   Thumb Code   296  magic_cool.o(i.magic_cool_run_impedance)
    magic_cool_set_adcfreq                   0x080051a5   Thumb Code    10  magic_cool.o(i.magic_cool_set_adcfreq)
    magic_cool_set_limt                      0x080051b1   Thumb Code    24  magic_cool.o(i.magic_cool_set_limt)
    magic_cool_set_target_vol                0x080051d1   Thumb Code     6  magic_cool.o(i.magic_cool_set_target_vol)
    magic_cool_test                          0x080051dd   Thumb Code     8  magic_cool.o(i.magic_cool_test)
    magic_cool_voltage_closeloop             0x080051e5   Thumb Code    22  magic_cool.o(i.magic_cool_voltage_closeloop)
    magic_cool_voltage_closeloop_dcdc        0x080051fd   Thumb Code   332  magic_cool.o(i.magic_cool_voltage_closeloop_dcdc)
    main                                     0x0800535d   Thumb Code    32  main.o(i.main)
    pwm1_set_duty                            0x0800537d   Thumb Code    12  tim.o(i.pwm1_set_duty)
    pwm_enable                               0x08005389   Thumb Code    52  tim.o(i.pwm_enable)
    pwm_get_freq                             0x080053c1   Thumb Code     6  tim.o(i.pwm_get_freq)
    pwm_set_config                           0x080053cd   Thumb Code    16  tim.o(i.pwm_set_config)
    pwm_set_freq                             0x080053dd   Thumb Code    14  tim.o(i.pwm_set_freq)
    pwm_set_freq_limt                        0x080053ed   Thumb Code    10  tim.o(i.pwm_set_freq_limt)
    rm_magic_config                          0x08005401   Thumb Code     8  controller.o(i.rm_magic_config)
    rm_magic_run                             0x08005409   Thumb Code     8  controller.o(i.rm_magic_run)
    set_power_enable                         0x08005411   Thumb Code    28  controller.o(i.set_power_enable)
    sqrt                                     0x08005431   Thumb Code    66  sqrt.o(i.sqrt)
    sys_delayms                              0x08005479   Thumb Code    26  main.o(i.sys_delayms)
    tim13_set_duty                           0x08005499   Thumb Code    14  tim.o(i.tim13_set_duty)
    timer1_set_output                        0x080054ad   Thumb Code    64  tim.o(i.timer1_set_output)
    uart_cmd_process                         0x08005501   Thumb Code   220  usart.o(i.uart_cmd_process)
    usart_callback                           0x080055ed   Thumb Code    84  usart.o(i.usart_callback)
    usart_handle_command                     0x08005651   Thumb Code   104  usart.o(i.usart_handle_command)
    usart_send_frame                         0x080056b9   Thumb Code   160  usart.o(i.usart_send_frame)
    usart_transmit                           0x08005759   Thumb Code    40  usart.o(i.usart_transmit)
    Region$$Table$$Base                      0x08005784   Number         0  anon$$obj.o(Region$$Table)
    Region$$Table$$Limit                     0x080057a4   Number         0  anon$$obj.o(Region$$Table)
    sys_tick                                 0x200000ec   Data           4  mm32spin0230_it.o(.data)
    t1s_f                                    0x200000f0   Data           1  mm32spin0230_it.o(.data)
    PLATFORM_DelayTick                       0x200000f4   Data           4  platform.o(.data)
    uart_rx_flag                             0x200000f8   Data           4  usart.o(.data)
    uart_rx_len                              0x200000fc   Data           4  usart.o(.data)
    adc_freq                                 0x20000104   Data           4  adc.o(.data)
    adc_freq_Level                           0x20000108   Data           4  adc.o(.data)
    adc_vpp                                  0x2000010c   Data           4  adc.o(.data)
    adc_ipp                                  0x20000110   Data           4  adc.o(.data)
    adc_vol_avg                              0x20000114   Data           4  adc.o(.data)
    adc_cur_avg                              0x20000118   Data           4  adc.o(.data)
    adc_vrms                                 0x2000011c   Data           4  adc.o(.data)
    adc_irms                                 0x20000120   Data           4  adc.o(.data)
    adc_dc_hvol_avg                          0x20000124   Data           4  adc.o(.data)
    adc_dc_hcur_avg                          0x20000128   Data           4  adc.o(.data)
    adc_dc_lcur_avg                          0x2000012c   Data           4  adc.o(.data)
    adc_dc_lcur_offset                       0x20000130   Data           2  adc.o(.data)
    tim1_min_freq                            0x20000134   Data           4  tim.o(.data)
    tim1_max_freq                            0x20000138   Data           4  tim.o(.data)
    tim1_freq                                0x2000013c   Data           4  tim.o(.data)
    tim1_reload                              0x20000140   Data           4  tim.o(.data)
    tim1_duty                                0x20000144   Data           4  tim.o(.data)
    tim1_duty_dt                             0x20000148   Data           4  tim.o(.data)
    key1_last                                0x2000014c   Data           1  controller.o(.data)
    key2_last                                0x2000014d   Data           1  controller.o(.data)
    key3_last                                0x2000014e   Data           1  controller.o(.data)
    key_tick                                 0x20000150   Data           4  controller.o(.data)
    autofreq_flag                            0x20000154   Data           1  controller.o(.data)
    vol_temp                                 0x20000156   Data           2  controller.o(.data)
    vol_max1                                 0x20000158   Data           2  controller.o(.data)
    vol_min0                                 0x2000015a   Data           2  controller.o(.data)
    vol_min1                                 0x2000015c   Data           2  controller.o(.data)
    flow_target                              0x20000164   Data           4  magic_cool.o(.data)
    update_cur                               0x20000168   Data           1  magic_cool.o(.data)
    voltage_gain                             0x2000016c   Data           4  magic_cool.o(.data)
    magic_cool_channel                       0x20000170   Data           1  magic_cool.o(.data)
    magic_cool_mode                          0x20000171   Data           1  magic_cool.o(.data)
    magic_cool_adj_dir                       0x20000172   Data           1  magic_cool.o(.data)
    magic_cool_ipp                           0x20000174   Data           4  magic_cool.o(.data)
    magic_cool_ph_min                        0x20000178   Data           4  magic_cool.o(.data)
    magic_cool_freqstart                     0x2000017c   Data           4  magic_cool.o(.data)
    magic_cool_freqstop                      0x20000180   Data           4  magic_cool.o(.data)
    magic_cool_runfreq                       0x20000184   Data           4  magic_cool.o(.data)
    magic_cool_freq_step                     0x20000188   Data           4  magic_cool.o(.data)
    magic_cool_target_vol                    0x2000018c   Data           4  magic_cool.o(.data)
    magic_cool_key_count                     0x20000190   Data           4  magic_cool.o(.data)
    magic_cool_pwr_max                       0x20000194   Data           4  magic_cool.o(.data)
    pwm1_duty_out                            0x20000198   Data           2  magic_cool.o(.data)
    pwm1_duty_limit_min                      0x2000019a   Data           2  magic_cool.o(.data)
    pwm1_duty_limit_max                      0x2000019c   Data           2  magic_cool.o(.data)
    magic_cool_ph_proxth                     0x200001a0   Data           4  magic_cool.o(.data)
    manual                                   0x200001a4   Data           4  magic_cool.o(.data)
    mode2_tick                               0x200001a8   Data           4  magic_cool.o(.data)
    mc_key1_last                             0x200001ac   Data           1  magic_cool.o(.data)
    mc_key2_last                             0x200001ad   Data           1  magic_cool.o(.data)
    mc_key3_last                             0x200001ae   Data           1  magic_cool.o(.data)
    AHBPreTable                              0x200001c8   Data          12  hal_rcc.o(.data)
    APBPreTable                              0x200001d4   Data           8  hal_rcc.o(.data)
    SystemCoreClock                          0x200001dc   Data           4  system_mm32spin0230.o(.data)
    uart_rxbuffer                            0x200001e4   Data          30  usart.o(.bss)
    uart_cmd                                 0x20000202   Data          30  usart.o(.bss)
    adc_data                                 0x20000220   Data         512  adc.o(.bss)
    adc_voltage_data                         0x20000420   Data         512  adc.o(.bss)
    adc_current_data                         0x20000620   Data         512  adc.o(.bss)
    freq_pwr                                 0x20000820   Data         256  magic_cool.o(.bss)
    __initial_sp                             0x20000e20   Data           0  startup_mm32spin0230_keil.o(STACK)



==============================================================================

Memory Map of the image

  Image Entry point : 0x080020c1

  Load Region LR_IROM1 (Base: 0x08002000, Size: 0x000038a8, Max: 0x00005c00, ABSOLUTE)

    Execution Region ER_IROM1 (Exec base: 0x08002000, Load base: 0x08002000, Size: 0x000037a4, Max: 0x00005c00, ABSOLUTE)

    Exec Addr    Load Addr    Size         Type   Attr      Idx    E Section Name        Object

    0x08002000   0x08002000   0x000000c0   Data   RO         3243    RESET               startup_mm32spin0230_keil.o
    0x080020c0   0x080020c0   0x00000000   Code   RO         3523  * .ARM.Collect$$$$00000000  mc_p.l(entry.o)
    0x080020c0   0x080020c0   0x00000004   Code   RO         3859    .ARM.Collect$$$$00000001  mc_p.l(entry2.o)
    0x080020c4   0x080020c4   0x00000004   Code   RO         3862    .ARM.Collect$$$$00000004  mc_p.l(entry5.o)
    0x080020c8   0x080020c8   0x00000000   Code   RO         3864    .ARM.Collect$$$$00000008  mc_p.l(entry7b.o)
    0x080020c8   0x080020c8   0x00000000   Code   RO         3866    .ARM.Collect$$$$0000000A  mc_p.l(entry8b.o)
    0x080020c8   0x080020c8   0x00000008   Code   RO         3867    .ARM.Collect$$$$0000000B  mc_p.l(entry9a.o)
    0x080020d0   0x080020d0   0x00000004   Code   RO         3874    .ARM.Collect$$$$0000000E  mc_p.l(entry12b.o)
    0x080020d4   0x080020d4   0x00000000   Code   RO         3869    .ARM.Collect$$$$0000000F  mc_p.l(entry10a.o)
    0x080020d4   0x080020d4   0x00000000   Code   RO         3871    .ARM.Collect$$$$00000011  mc_p.l(entry11a.o)
    0x080020d4   0x080020d4   0x00000004   Code   RO         3860    .ARM.Collect$$$$00002712  mc_p.l(entry2.o)
    0x080020d8   0x080020d8   0x00000028   Code   RO         3244    .text               startup_mm32spin0230_keil.o
    0x08002100   0x08002100   0x0000002c   Code   RO         3526    .text               mc_p.l(uidiv.o)
    0x0800212c   0x0800212c   0x00000028   Code   RO         3528    .text               mc_p.l(idiv.o)
    0x08002154   0x08002154   0x00000024   Code   RO         3530    .text               mc_p.l(memcpya.o)
    0x08002178   0x08002178   0x00000024   Code   RO         3532    .text               mc_p.l(memseta.o)
    0x0800219c   0x0800219c   0x000000b2   Code   RO         3797    .text               mf_p.l(fadd.o)
    0x0800224e   0x0800224e   0x0000007a   Code   RO         3799    .text               mf_p.l(fmul.o)
    0x080022c8   0x080022c8   0x0000007c   Code   RO         3801    .text               mf_p.l(fdiv.o)
    0x08002344   0x08002344   0x00000168   Code   RO         3803    .text               mf_p.l(dadd.o)
    0x080024ac   0x080024ac   0x000000d0   Code   RO         3805    .text               mf_p.l(dmul.o)
    0x0800257c   0x0800257c   0x000000f0   Code   RO         3807    .text               mf_p.l(ddiv.o)
    0x0800266c   0x0800266c   0x00000016   Code   RO         3809    .text               mf_p.l(fflti.o)
    0x08002682   0x08002682   0x0000000e   Code   RO         3811    .text               mf_p.l(ffltui.o)
    0x08002690   0x08002690   0x00000032   Code   RO         3815    .text               mf_p.l(ffixi.o)
    0x080026c2   0x080026c2   0x00000028   Code   RO         3817    .text               mf_p.l(ffixui.o)
    0x080026ea   0x080026ea   0x00000028   Code   RO         3819    .text               mf_p.l(f2d.o)
    0x08002712   0x08002712   0x00000038   Code   RO         3821    .text               mf_p.l(d2f.o)
    0x0800274a   0x0800274a   0x00000002   PAD
    0x0800274c   0x0800274c   0x00000014   Code   RO         3823    .text               mf_p.l(cfcmple.o)
    0x08002760   0x08002760   0x00000014   Code   RO         3825    .text               mf_p.l(cfrcmple.o)
    0x08002774   0x08002774   0x00000020   Code   RO         3878    .text               mc_p.l(llshl.o)
    0x08002794   0x08002794   0x00000026   Code   RO         3880    .text               mc_p.l(llsshr.o)
    0x080027ba   0x080027ba   0x00000000   Code   RO         3889    .text               mc_p.l(iusefp.o)
    0x080027ba   0x080027ba   0x00000082   Code   RO         3890    .text               mf_p.l(fepilogue.o)
    0x0800283c   0x0800283c   0x000000be   Code   RO         3894    .text               mf_p.l(depilogue.o)
    0x080028fa   0x080028fa   0x000000a2   Code   RO         3900    .text               mf_p.l(dsqrt.o)
    0x0800299c   0x0800299c   0x00000024   Code   RO         3908    .text               mc_p.l(init.o)
    0x080029c0   0x080029c0   0x00000022   Code   RO         3910    .text               mc_p.l(llushr.o)
    0x080029e2   0x080029e2   0x00000018   Code   RO         1265    i.ADC_AnyChannelCmd  hal_adc.o
    0x080029fa   0x080029fa   0x00000010   Code   RO         1266    i.ADC_AnyChannelNumCfg  hal_adc.o
    0x08002a0a   0x08002a0a   0x00000048   Code   RO         1267    i.ADC_AnyChannelSelect  hal_adc.o
    0x08002a52   0x08002a52   0x00000018   Code   RO         1272    i.ADC_Cmd           hal_adc.o
    0x08002a6a   0x08002a6a   0x00000002   PAD
    0x08002a6c   0x08002a6c   0x00000084   Code   RO          483    i.ADC_Configure     adc.o
    0x08002af0   0x08002af0   0x00000018   Code   RO         1273    i.ADC_DMACmd        hal_adc.o
    0x08002b08   0x08002b08   0x0000006c   Code   RO          484    i.ADC_DMA_Configure  adc.o
    0x08002b74   0x08002b74   0x00000020   Code   RO         1274    i.ADC_DeInit        hal_adc.o
    0x08002b94   0x08002b94   0x0000006c   Code   RO         1286    i.ADC_Init          hal_adc.o
    0x08002c00   0x08002c00   0x00000048   Code   RO         1294    i.ADC_SampleTimeConfig  hal_adc.o
    0x08002c48   0x08002c48   0x0000001c   Code   RO         1295    i.ADC_SoftwareStartConvCmd  hal_adc.o
    0x08002c64   0x08002c64   0x0000000c   Code   RO         1297    i.ADC_StructInit    hal_adc.o
    0x08002c70   0x08002c70   0x00000020   Code   RO          236    i.DMA1_Channel2_IRQHandler  mm32spin0230_it.o
    0x08002c90   0x08002c90   0x0000000c   Code   RO         1622    i.DMA_ClearFlag     hal_dma.o
    0x08002c9c   0x08002c9c   0x0000000c   Code   RO         1623    i.DMA_ClearITPendingBit  hal_dma.o
    0x08002ca8   0x08002ca8   0x00000018   Code   RO         1624    i.DMA_Cmd           hal_dma.o
    0x08002cc0   0x08002cc0   0x00000048   Code   RO         1625    i.DMA_DeInit        hal_dma.o
    0x08002d08   0x08002d08   0x00000018   Code   RO         1627    i.DMA_GetFlagStatus  hal_dma.o
    0x08002d20   0x08002d20   0x00000018   Code   RO         1628    i.DMA_GetITStatus   hal_dma.o
    0x08002d38   0x08002d38   0x00000054   Code   RO         1630    i.DMA_Init          hal_dma.o
    0x08002d8c   0x08002d8c   0x0000001c   Code   RO         1632    i.DMA_StructInit    hal_dma.o
    0x08002da8   0x08002da8   0x00000018   Code   RO          237    i.EXTI4_15_IRQHandler  mm32spin0230_it.o
    0x08002dc0   0x08002dc0   0x0000000c   Code   RO         1703    i.EXTI_ClearITPendingBit  hal_exti.o
    0x08002dcc   0x08002dcc   0x00000070   Code   RO            3    i.EXTI_Configure    main.o
    0x08002e3c   0x08002e3c   0x00000024   Code   RO         1707    i.EXTI_GetITStatus  hal_exti.o
    0x08002e60   0x08002e60   0x000000c0   Code   RO         1708    i.EXTI_Init         hal_exti.o
    0x08002f20   0x08002f20   0x00000010   Code   RO         1709    i.EXTI_StructInit   hal_exti.o
    0x08002f30   0x08002f30   0x0000000c   Code   RO         1764    i.FLASH_ClearFlag   hal_flash.o
    0x08002f3c   0x08002f3c   0x00000030   Code   RO         1769    i.FLASH_ErasePage   hal_flash.o
    0x08002f6c   0x08002f6c   0x00000038   Code   RO         1772    i.FLASH_GetStatus   hal_flash.o
    0x08002fa4   0x08002fa4   0x00000014   Code   RO         1775    i.FLASH_Lock        hal_flash.o
    0x08002fb8   0x08002fb8   0x00000024   Code   RO         1780    i.FLASH_ProgramHalfWord  hal_flash.o
    0x08002fdc   0x08002fdc   0x00000018   Code   RO         1785    i.FLASH_Unlock      hal_flash.o
    0x08002ff4   0x08002ff4   0x00000044   Code   RO         1787    i.FLASH_WaitForLastOperation  hal_flash.o
    0x08003038   0x08003038   0x0000004c   Code   RO          566    i.GPIO_Configure    gpio.o
    0x08003084   0x08003084   0x0000009a   Code   RO         1924    i.GPIO_Init         hal_gpio.o
    0x0800311e   0x0800311e   0x00000028   Code   RO         1925    i.GPIO_PinAFConfig  hal_gpio.o
    0x08003146   0x08003146   0x00000012   Code   RO         1928    i.GPIO_ReadInputDataBit  hal_gpio.o
    0x08003158   0x08003158   0x00000010   Code   RO         1933    i.GPIO_StructInit   hal_gpio.o
    0x08003168   0x08003168   0x0000000c   Code   RO         1935    i.GPIO_WriteBit     hal_gpio.o
    0x08003174   0x08003174   0x0000000a   Code   RO          238    i.HardFault_Handler  mm32spin0230_it.o
    0x0800317e   0x0800317e   0x00000002   Code   RO          239    i.NMI_Handler       mm32spin0230_it.o
    0x08003180   0x08003180   0x00000068   Code   RO         2150    i.NVIC_Init         hal_misc.o
    0x080031e8   0x080031e8   0x00000018   Code   RO         2182    i.OPAMP_Cmd         hal_opamp.o
    0x08003200   0x08003200   0x0000007c   Code   RO         1157    i.OPAMP_Configure   opa.o
    0x0800327c   0x0800327c   0x0000000e   Code   RO         2183    i.OPAMP_ModeConfig  hal_opamp.o
    0x0800328a   0x0800328a   0x00000002   PAD
    0x0800328c   0x0800328c   0x00000030   Code   RO         1158    i.OPA_Disable       opa.o
    0x080032bc   0x080032bc   0x0000002c   Code   RO         1159    i.OPA_Enable        opa.o
    0x080032e8   0x080032e8   0x00000008   Code   RO          305    i.PLATFORM_Init     platform.o
    0x080032f0   0x080032f0   0x00000054   Code   RO          307    i.PLATFORM_InitDelay  platform.o
    0x08003344   0x08003344   0x00000002   Code   RO          240    i.PendSV_Handler    mm32spin0230_it.o
    0x08003346   0x08003346   0x00000002   PAD
    0x08003348   0x08003348   0x00000020   Code   RO         2258    i.RCC_AHBPeriphClockCmd  hal_rcc.o
    0x08003368   0x08003368   0x00000020   Code   RO         2260    i.RCC_APB1PeriphClockCmd  hal_rcc.o
    0x08003388   0x08003388   0x00000020   Code   RO         2261    i.RCC_APB1PeriphResetCmd  hal_rcc.o
    0x080033a8   0x080033a8   0x00000070   Code   RO         2265    i.RCC_GetClocksFreq  hal_rcc.o
    0x08003418   0x08003418   0x00000002   Code   RO          241    i.SVC_Handler       mm32spin0230_it.o
    0x0800341a   0x0800341a   0x00000002   PAD
    0x0800341c   0x0800341c   0x00000040   Code   RO         2385    i.SYSCFG_EXTILineConfig  hal_syscfg.o
    0x0800345c   0x0800345c   0x000000e4   Code   RO         3203    i.SetSysClockToDefine  system_mm32spin0230.o
    0x08003540   0x08003540   0x00000048   Code   RO          242    i.SysTick_Handler   mm32spin0230_it.o
    0x08003588   0x08003588   0x00000030   Code   RO         3204    i.SystemInit        system_mm32spin0230.o
    0x080035b8   0x080035b8   0x000000b8   Code   RO          604    i.TIM13_Configure   tim.o
    0x08003670   0x08003670   0x0000010c   Code   RO          605    i.TIM1_Configure    tim.o
    0x0800377c   0x0800377c   0x00000018   Code   RO         2425    i.TIM_ARRPreloadConfig  hal_tim.o
    0x08003794   0x08003794   0x0000001e   Code   RO         2426    i.TIM_BDTRConfig    hal_tim.o
    0x080037b2   0x080037b2   0x00000012   Code   RO         2427    i.TIM_BDTRStructInit  hal_tim.o
    0x080037c4   0x080037c4   0x0000001a   Code   RO         2431    i.TIM_CCxCmd        hal_tim.o
    0x080037de   0x080037de   0x0000001a   Code   RO         2432    i.TIM_CCxNCmd       hal_tim.o
    0x080037f8   0x080037f8   0x00000018   Code   RO         2439    i.TIM_Cmd           hal_tim.o
    0x08003810   0x08003810   0x0000001c   Code   RO         2441    i.TIM_CtrlPWMOutputs  hal_tim.o
    0x0800382c   0x0800382c   0x00000090   Code   RO         2470    i.TIM_OC1Init       hal_tim.o
    0x080038bc   0x080038bc   0x00000094   Code   RO         2480    i.TIM_OC3Init       hal_tim.o
    0x08003950   0x08003950   0x0000000e   Code   RO         2483    i.TIM_OC3PreloadConfig  hal_tim.o
    0x0800395e   0x0800395e   0x00000014   Code   RO         2490    i.TIM_OCStructInit  hal_tim.o
    0x08003972   0x08003972   0x00000004   Code   RO         2503    i.TIM_SetAutoreload  hal_tim.o
    0x08003976   0x08003976   0x00000012   Code   RO         2510    i.TIM_SetCompare1   hal_tim.o
    0x08003988   0x08003988   0x00000012   Code   RO         2512    i.TIM_SetCompare3   hal_tim.o
    0x0800399a   0x0800399a   0x00000002   PAD
    0x0800399c   0x0800399c   0x00000058   Code   RO         2521    i.TIM_TimeBaseInit  hal_tim.o
    0x080039f4   0x080039f4   0x00000012   Code   RO         2522    i.TIM_TimeBaseStructInit  hal_tim.o
    0x08003a06   0x08003a06   0x00000008   Code   RO          243    i.USART1_IRQHandler  mm32spin0230_it.o
    0x08003a0e   0x08003a0e   0x0000001c   Code   RO         3089    i.USART_Cmd         hal_usart.o
    0x08003a2a   0x08003a2a   0x00000002   PAD
    0x08003a2c   0x08003a2c   0x000000c4   Code   RO          396    i.USART_Configure   usart.o
    0x08003af0   0x08003af0   0x00000012   Code   RO         3092    i.USART_GetFlagStatus  hal_usart.o
    0x08003b02   0x08003b02   0x00000078   Code   RO         3093    i.USART_GetITStatus  hal_usart.o
    0x08003b7a   0x08003b7a   0x00000034   Code   RO         3095    i.USART_ITConfig    hal_usart.o
    0x08003bae   0x08003bae   0x00000002   PAD
    0x08003bb0   0x08003bb0   0x000000a0   Code   RO         3096    i.USART_Init        hal_usart.o
    0x08003c50   0x08003c50   0x0000000a   Code   RO         3097    i.USART_ReceiveData  hal_usart.o
    0x08003c5a   0x08003c5a   0x00000008   Code   RO         3099    i.USART_SendData    hal_usart.o
    0x08003c62   0x08003c62   0x00000018   Code   RO         3100    i.USART_StructInit  hal_usart.o
    0x08003c7a   0x08003c7a   0x0000002e   Code   RO         3896    i.__ARM_clz         mf_p.l(depilogue.o)
    0x08003ca8   0x08003ca8   0x0000001c   Code   RO          550    i.__ARM_common_switch8  adc.o
    0x08003cc4   0x08003cc4   0x00000078   Code   RO          312    i.__NVIC_SetPriority  platform.o
    0x08003d3c   0x08003d3c   0x0000000e   Code   RO         3916    i.__scatterload_copy  mc_p.l(handlers.o)
    0x08003d4a   0x08003d4a   0x00000002   Code   RO         3917    i.__scatterload_null  mc_p.l(handlers.o)
    0x08003d4c   0x08003d4c   0x0000000e   Code   RO         3918    i.__scatterload_zeroinit  mc_p.l(handlers.o)
    0x08003d5a   0x08003d5a   0x00000002   PAD
    0x08003d5c   0x08003d5c   0x0000000c   Code   RO         3884    i.__set_errno       mc_p.l(errno.o)
    0x08003d68   0x08003d68   0x0000000e   Code   RO         1012    i.abs_i             rm_math.o
    0x08003d76   0x08003d76   0x00000002   PAD
    0x08003d78   0x08003d78   0x000000ec   Code   RO          486    i.adc_get_conv_freq  adc.o
    0x08003e64   0x08003e64   0x000000ac   Code   RO          487    i.adc_hvli_input_conv  adc.o
    0x08003f10   0x08003f10   0x0000014c   Code   RO          488    i.adc_output_conv   adc.o
    0x0800405c   0x0800405c   0x00000074   Code   RO          489    i.adc_set_channel_dma  adc.o
    0x080040d0   0x080040d0   0x0000000c   Code   RO          490    i.adc_set_conv_freq  adc.o
    0x080040dc   0x080040dc   0x000000c8   Code   RO          491    i.adc_voltage_get_vpp  adc.o
    0x080041a4   0x080041a4   0x0000004c   Code   RO            4    i.app_upgrade_success  main.o
    0x080041f0   0x080041f0   0x00000040   Code   RO          399    i.crc16             usart.o
    0x08004230   0x08004230   0x00000118   Code   RO            5    i.deep_sleep        main.o
    0x08004348   0x08004348   0x0000003c   Code   RO         1021    i.find_maxima_i     rm_math.o
    0x08004384   0x08004384   0x0000002c   Code   RO         1212    i.flash_erase_page  flash_ops.o
    0x080043b0   0x080043b0   0x00000018   Code   RO         1213    i.flash_read_bytes  flash_ops.o
    0x080043c8   0x080043c8   0x0000003a   Code   RO         1216    i.flash_write_halfword  flash_ops.o
    0x08004402   0x08004402   0x00000002   PAD
    0x08004404   0x08004404   0x00000274   Code   RO         1027    i.get_peak_to_peak  rm_math.o
    0x08004678   0x08004678   0x00000102   Code   RO         1028    i.get_period_start_end_index  rm_math.o
    0x0800477a   0x0800477a   0x00000002   PAD
    0x0800477c   0x0800477c   0x0000000c   Code   RO            6    i.get_systick       main.o
    0x08004788   0x08004788   0x000000c4   Code   RO         1031    i.get_vol_cur_rms   rm_math.o
    0x0800484c   0x0800484c   0x0000003c   Code   RO          400    i.handle_flow_adjust_cmd  usart.o
    0x08004888   0x08004888   0x0000009c   Code   RO          401    i.handle_system_upgrade_cmd  usart.o
    0x08004924   0x08004924   0x00000024   Code   RO            8    i.hardware_init     main.o
    0x08004948   0x08004948   0x000000d0   Code   RO          777    i.key_scan          controller.o
    0x08004a18   0x08004a18   0x000000a0   Code   RO          861    i.magic_cool_calc_impedance  magic_cool.o
    0x08004ab8   0x08004ab8   0x00000054   Code   RO          862    i.magic_cool_config  magic_cool.o
    0x08004b0c   0x08004b0c   0x00000068   Code   RO          865    i.magic_cool_freq_track  magic_cool.o
    0x08004b74   0x08004b74   0x0000030c   Code   RO          866    i.magic_cool_freq_track_current  magic_cool.o
    0x08004e80   0x08004e80   0x00000080   Code   RO          867    i.magic_cool_key_scan  magic_cool.o
    0x08004f00   0x08004f00   0x000000c0   Code   RO          868    i.magic_cool_mode2  magic_cool.o
    0x08004fc0   0x08004fc0   0x00000094   Code   RO          869    i.magic_cool_run    magic_cool.o
    0x08005054   0x08005054   0x00000150   Code   RO          870    i.magic_cool_run_impedance  magic_cool.o
    0x080051a4   0x080051a4   0x0000000a   Code   RO          871    i.magic_cool_set_adcfreq  magic_cool.o
    0x080051ae   0x080051ae   0x00000002   PAD
    0x080051b0   0x080051b0   0x00000020   Code   RO          872    i.magic_cool_set_limt  magic_cool.o
    0x080051d0   0x080051d0   0x0000000c   Code   RO          874    i.magic_cool_set_target_vol  magic_cool.o
    0x080051dc   0x080051dc   0x00000008   Code   RO          875    i.magic_cool_test   magic_cool.o
    0x080051e4   0x080051e4   0x00000016   Code   RO          876    i.magic_cool_voltage_closeloop  magic_cool.o
    0x080051fa   0x080051fa   0x00000002   PAD
    0x080051fc   0x080051fc   0x00000160   Code   RO          877    i.magic_cool_voltage_closeloop_dcdc  magic_cool.o
    0x0800535c   0x0800535c   0x00000020   Code   RO            9    i.main              main.o
    0x0800537c   0x0800537c   0x0000000c   Code   RO          606    i.pwm1_set_duty     tim.o
    0x08005388   0x08005388   0x00000038   Code   RO          613    i.pwm_enable        tim.o
    0x080053c0   0x080053c0   0x0000000c   Code   RO          616    i.pwm_get_freq      tim.o
    0x080053cc   0x080053cc   0x00000010   Code   RO          618    i.pwm_set_config    tim.o
    0x080053dc   0x080053dc   0x0000000e   Code   RO          620    i.pwm_set_freq      tim.o
    0x080053ea   0x080053ea   0x00000002   PAD
    0x080053ec   0x080053ec   0x00000014   Code   RO          621    i.pwm_set_freq_limt  tim.o
    0x08005400   0x08005400   0x00000008   Code   RO          778    i.rm_magic_config   controller.o
    0x08005408   0x08005408   0x00000008   Code   RO          779    i.rm_magic_run      controller.o
    0x08005410   0x08005410   0x00000020   Code   RO          780    i.set_power_enable  controller.o
    0x08005430   0x08005430   0x00000048   Code   RO         3508    i.sqrt              m_ps.l(sqrt.o)
    0x08005478   0x08005478   0x00000020   Code   RO           10    i.sys_delayms       main.o
    0x08005498   0x08005498   0x00000014   Code   RO          622    i.tim13_set_duty    tim.o
    0x080054ac   0x080054ac   0x00000054   Code   RO          627    i.timer1_set_output  tim.o
    0x08005500   0x08005500   0x000000ec   Code   RO          402    i.uart_cmd_process  usart.o
    0x080055ec   0x080055ec   0x00000064   Code   RO          403    i.usart_callback    usart.o
    0x08005650   0x08005650   0x00000068   Code   RO          404    i.usart_handle_command  usart.o
    0x080056b8   0x080056b8   0x000000a0   Code   RO          405    i.usart_send_frame  usart.o
    0x08005758   0x08005758   0x0000002c   Code   RO          406    i.usart_transmit    usart.o
    0x08005784   0x08005784   0x00000020   Data   RO         3914    Region$$Table       anon$$obj.o


    Execution Region RW_IRAM1 (Exec base: 0x20000000, Load base: 0x080057a4, Size: 0x000000d4, Max: 0x000000e0, ABSOLUTE, UNINIT)

    Exec Addr    Load Addr    Size         Type   Attr      Idx    E Section Name        Object

    0x20000000        -       0x000000c0   Zero   RW          407    .ARM.__AT_0x20000000  usart.o
    0x200000c0        -       0x00000014   Zero   RW          408    .ARM.__AT_0x200000C0  usart.o


    Execution Region RW_IRAM2 (Exec base: 0x200000e0, Load base: 0x080057a4, Size: 0x00000d40, Max: 0x00000f20, ABSOLUTE)

    Exec Addr    Load Addr    Size         Type   Attr      Idx    E Section Name        Object

    0x200000e0   0x080057a4   0x00000009   Data   RW           11    .data               main.o
    0x200000e9   0x080057ad   0x00000003   PAD
    0x200000ec   0x080057b0   0x00000005   Data   RW          244    .data               mm32spin0230_it.o
    0x200000f1   0x080057b5   0x00000003   PAD
    0x200000f4   0x080057b8   0x00000004   Data   RW          314    .data               platform.o
    0x200000f8   0x080057bc   0x0000000c   Data   RW          410    .data               usart.o
    0x20000104   0x080057c8   0x0000002e   Data   RW          493    .data               adc.o
    0x20000132   0x080057f6   0x00000002   PAD
    0x20000134   0x080057f8   0x00000018   Data   RW          629    .data               tim.o
    0x2000014c   0x08005810   0x00000018   Data   RW          781    .data               controller.o
    0x20000164   0x08005828   0x00000064   Data   RW          879    .data               magic_cool.o
    0x200001c8   0x0800588c   0x00000014   Data   RW         2276    .data               hal_rcc.o
    0x200001dc   0x080058a0   0x00000004   Data   RW         3205    .data               system_mm32spin0230.o
    0x200001e0   0x080058a4   0x00000004   Data   RW         3885    .data               mc_p.l(errno.o)
    0x200001e4        -       0x0000003c   Zero   RW          409    .bss                usart.o
    0x20000220        -       0x00000600   Zero   RW          492    .bss                adc.o
    0x20000820        -       0x00000100   Zero   RW          878    .bss                magic_cool.o
    0x20000920        -       0x00000500   Zero   RW         3241    STACK               startup_mm32spin0230_keil.o


==============================================================================

Image component sizes


      Code (inc. data)   RO Data    RW Data    ZI Data      Debug   Object Name

      1336        190          0         46       1536       6366   adc.o
       256         24          0         24          0       2754   controller.o
       126          0          0          0          0       2313   flash_ops.o
        76          6          0          0          0        501   gpio.o
       412         12          0          0          0       6012   hal_adc.o
       280         28          0          0          0       4705   hal_dma.o
       256         18          0          0          0       2586   hal_exti.o
       264         50          0          0          0       3963   hal_flash.o
       240          0          0          0          0       3657   hal_gpio.o
       104          4          0          0          0        888   hal_misc.o
        38          0          0          0          0       1471   hal_opamp.o
       208         34          0         20          0       3028   hal_rcc.o
        64          4          0          0          0        628   hal_syscfg.o
       648         14          0          0          0       9373   hal_tim.o
       420          6          0          0          0       5208   hal_usart.o
      2368        240          0        100        256      13358   magic_cool.o
       580         60          0          9          0     106181   main.o
       152         18          0          5          0       4313   mm32spin0230_it.o
       216         28          0          0          0       1405   opa.o
       212         18          0          4          0      13460   platform.o
      1156          4          0          0          0       5506   rm_math.o
        40         14        192          0       1280        704   startup_mm32spin0230_keil.o
       276         28          0          4          0       2567   system_mm32spin0230.o
       686         72          0         24          0       5903   tim.o
      1120         64          0         12        272      14443   usart.o

    ----------------------------------------------------------------------
     11560        936        224        256       3344     221293   Object Totals
         0          0         32          0          0          0   (incl. Generated)
        26          0          0          8          0          0   (incl. Padding)

    ----------------------------------------------------------------------

      Code (inc. data)   RO Data    RW Data    ZI Data      Debug   Library Member Name

        72          6          0          0          0         76   sqrt.o
         0          0          0          0          0          0   entry.o
         0          0          0          0          0          0   entry10a.o
         0          0          0          0          0          0   entry11a.o
         4          0          0          0          0          0   entry12b.o
         8          4          0          0          0          0   entry2.o
         4          0          0          0          0          0   entry5.o
         0          0          0          0          0          0   entry7b.o
         0          0          0          0          0          0   entry8b.o
         8          4          0          0          0          0   entry9a.o
        12          6          0          4          0         60   errno.o
        30          0          0          0          0          0   handlers.o
        40          0          0          0          0         72   idiv.o
        36          8          0          0          0         68   init.o
         0          0          0          0          0          0   iusefp.o
        32          0          0          0          0         68   llshl.o
        38          0          0          0          0         68   llsshr.o
        34          0          0          0          0         68   llushr.o
        36          0          0          0          0         60   memcpya.o
        36          0          0          0          0        100   memseta.o
        44          0          0          0          0         72   uidiv.o
        20          0          0          0          0         68   cfcmple.o
        20          0          0          0          0         68   cfrcmple.o
        56          0          0          0          0         68   d2f.o
       360          6          0          0          0        140   dadd.o
       240          6          0          0          0         84   ddiv.o
       236          0          0          0          0        216   depilogue.o
       208          6          0          0          0         88   dmul.o
       162          0          0          0          0         80   dsqrt.o
        40          0          0          0          0         60   f2d.o
       178          0          0          0          0        108   fadd.o
       124          0          0          0          0         72   fdiv.o
       130          0          0          0          0        144   fepilogue.o
        50          0          0          0          0         60   ffixi.o
        40          0          0          0          0         60   ffixui.o
        22          0          0          0          0         68   fflti.o
        14          0          0          0          0         68   ffltui.o
       122          0          0          0          0         72   fmul.o

    ----------------------------------------------------------------------
      2460         46          0          4          0       2236   Library Totals
         4          0          0          0          0          0   (incl. Padding)

    ----------------------------------------------------------------------

      Code (inc. data)   RO Data    RW Data    ZI Data      Debug   Library Name

        72          6          0          0          0         76   m_ps.l
       362         22          0          4          0        636   mc_p.l
      2022         18          0          0          0       1524   mf_p.l

    ----------------------------------------------------------------------
      2460         46          0          4          0       2236   Library Totals

    ----------------------------------------------------------------------

==============================================================================


      Code (inc. data)   RO Data    RW Data    ZI Data      Debug   

     14020        982        224        260       3344     216405   Grand Totals
     14020        982        224        260       3344     216405   ELF Image Totals
     14020        982        224        260          0          0   ROM Totals

==============================================================================

    Total RO  Size (Code + RO Data)                14244 (  13.91kB)
    Total RW  Size (RW Data + ZI Data)              3604 (   3.52kB)
    Total ROM Size (Code + RO Data + RW Data)      14504 (  14.16kB)

==============================================================================

