Component: ARM Compiler 5.06 update 7 (build 960) Tool: armlink [4d3601]

==============================================================================

Section Cross References

    main.o(i.get_systick) refers to mm32spin0230_it.o(.data) for sys_tick
    main.o(i.main) refers to platform.o(i.PLATFORM_Init) for PLATFORM_Init
    main.o(i.main) refers to usart.o(i.USART_PrintfConfigure) for USART_PrintfConfigure
    main.o(i.main) refers to gpio.o(i.GPIO_Configure) for GPIO_Configure
    main.o(i.main) refers to adc.o(i.ADC_Configure) for ADC_Configure
    main.o(i.main) refers to tim.o(i.TIM13_Configure) for TIM13_Configure
    main.o(i.main) refers to tim.o(i.TIM1_Configure) for TIM1_Configure
    main.o(i.main) refers to opa.o(i.OPAMP_Configure) for OPAMP_Configure
    main.o(i.main) refers to controller.o(i.rm_magic_config) for rm_magic_config
    main.o(i.main) refers to controller.o(i.rm_magic_run) for rm_magic_run
    main.o(i.sys_delayms) refers to mm32spin0230_it.o(.data) for sys_tick
    mm32spin0230_it.o(i.DMA1_Channel2_IRQHandler) refers to hal_dma.o(i.DMA_GetITStatus) for DMA_GetITStatus
    mm32spin0230_it.o(i.DMA1_Channel2_IRQHandler) refers to hal_dma.o(i.DMA_Cmd) for DMA_Cmd
    mm32spin0230_it.o(i.DMA1_Channel2_IRQHandler) refers to hal_dma.o(i.DMA_ClearITPendingBit) for DMA_ClearITPendingBit
    mm32spin0230_it.o(i.HardFault_Handler) refers to tim.o(i.pwm_enable) for pwm_enable
    mm32spin0230_it.o(i.SysTick_Handler) refers to controller.o(i.key_scan) for key_scan
    mm32spin0230_it.o(i.SysTick_Handler) refers to platform.o(.data) for PLATFORM_DelayTick
    mm32spin0230_it.o(i.SysTick_Handler) refers to mm32spin0230_it.o(.data) for sys_tick
    mm32spin0230_it.o(i.USART1_IRQHandler) refers to usart.o(i.usart_callback) for usart_callback
    platform.o(i.PLATFORM_DelayMS) refers to platform.o(.data) for PLATFORM_DelayTick
    platform.o(i.PLATFORM_Init) refers to platform.o(i.PLATFORM_InitDelay) for PLATFORM_InitDelay
    platform.o(i.PLATFORM_InitConsole) refers to hal_rcc.o(i.RCC_APB1PeriphClockCmd) for RCC_APB1PeriphClockCmd
    platform.o(i.PLATFORM_InitConsole) refers to hal_usart.o(i.USART_StructInit) for USART_StructInit
    platform.o(i.PLATFORM_InitConsole) refers to hal_usart.o(i.USART_Init) for USART_Init
    platform.o(i.PLATFORM_InitConsole) refers to hal_rcc.o(i.RCC_AHBPeriphClockCmd) for RCC_AHBPeriphClockCmd
    platform.o(i.PLATFORM_InitConsole) refers to hal_gpio.o(i.GPIO_PinAFConfig) for GPIO_PinAFConfig
    platform.o(i.PLATFORM_InitConsole) refers to hal_gpio.o(i.GPIO_StructInit) for GPIO_StructInit
    platform.o(i.PLATFORM_InitConsole) refers to hal_gpio.o(i.GPIO_Init) for GPIO_Init
    platform.o(i.PLATFORM_InitConsole) refers to hal_usart.o(i.USART_Cmd) for USART_Cmd
    platform.o(i.PLATFORM_InitDelay) refers to hal_rcc.o(i.RCC_GetClocksFreq) for RCC_GetClocksFreq
    platform.o(i.PLATFORM_InitDelay) refers to uidiv.o(.text) for __aeabi_uidivmod
    platform.o(i.PLATFORM_InitDelay) refers to platform.o(i.__NVIC_SetPriority) for __NVIC_SetPriority
    platform.o(i.PLATFORM_InitLED) refers to hal_rcc.o(i.RCC_AHBPeriphClockCmd) for RCC_AHBPeriphClockCmd
    platform.o(i.PLATFORM_InitLED) refers to hal_gpio.o(i.GPIO_StructInit) for GPIO_StructInit
    platform.o(i.PLATFORM_InitLED) refers to hal_gpio.o(i.GPIO_Init) for GPIO_Init
    platform.o(i.PLATFORM_InitLED) refers to platform.o(i.PLATFORM_LED_Enable) for PLATFORM_LED_Enable
    platform.o(i.PLATFORM_LED_Enable) refers to hal_gpio.o(i.GPIO_WriteBit) for GPIO_WriteBit
    platform.o(i.PLATFORM_LED_Toggle) refers to hal_gpio.o(i.GPIO_ReadOutputDataBit) for GPIO_ReadOutputDataBit
    platform.o(i.PLATFORM_LED_Toggle) refers to hal_gpio.o(i.GPIO_WriteBit) for GPIO_WriteBit
    platform.o(i.PLATFORM_PrintInfo) refers to printfa.o(i.__0printf) for __2printf
    platform.o(i.PLATFORM_PrintInfo) refers to hal_rcc.o(i.RCC_GetClocksFreq) for RCC_GetClocksFreq
    platform.o(i.PLATFORM_PrintInfo) refers to dfltui.o(.text) for __aeabi_ui2d
    platform.o(i.PLATFORM_PrintInfo) refers to ddiv.o(.text) for __aeabi_ddiv
    platform.o(i.fputc) refers to hal_usart.o(i.USART_SendData) for USART_SendData
    platform.o(i.fputc) refers to hal_usart.o(i.USART_GetFlagStatus) for USART_GetFlagStatus
    usart.o(i.USART_Configure) refers to main.o(i.sys_delayms) for sys_delayms
    usart.o(i.USART_Configure) refers to hal_rcc.o(i.RCC_APB1PeriphClockCmd) for RCC_APB1PeriphClockCmd
    usart.o(i.USART_Configure) refers to hal_usart.o(i.USART_StructInit) for USART_StructInit
    usart.o(i.USART_Configure) refers to hal_usart.o(i.USART_Init) for USART_Init
    usart.o(i.USART_Configure) refers to hal_rcc.o(i.RCC_AHBPeriphClockCmd) for RCC_AHBPeriphClockCmd
    usart.o(i.USART_Configure) refers to hal_gpio.o(i.GPIO_PinAFConfig) for GPIO_PinAFConfig
    usart.o(i.USART_Configure) refers to hal_gpio.o(i.GPIO_StructInit) for GPIO_StructInit
    usart.o(i.USART_Configure) refers to hal_gpio.o(i.GPIO_Init) for GPIO_Init
[...]
    ../clib/microlib/init/entry.s            0x00000000   Number         0  entry.o ABSOLUTE
    ../clib/microlib/longlong.c              0x00000000   Number         0  llshl.o ABSOLUTE
    ../clib/microlib/longlong.c              0x00000000   Number         0  llsshr.o ABSOLUTE
    ../clib/microlib/longlong.c              0x00000000   Number         0  llushr.o ABSOLUTE
    ../clib/microlib/printf/printf.c         0x00000000   Number         0  printf6.o ABSOLUTE
    ../clib/microlib/printf/printf.c         0x00000000   Number         0  printf7.o ABSOLUTE
    ../clib/microlib/printf/printf.c         0x00000000   Number         0  printf2.o ABSOLUTE
    ../clib/microlib/printf/printf.c         0x00000000   Number         0  printf8.o ABSOLUTE
    ../clib/microlib/printf/printf.c         0x00000000   Number         0  printfa.o ABSOLUTE
    ../clib/microlib/printf/printf.c         0x00000000   Number         0  printfb.o ABSOLUTE
    ../clib/microlib/printf/printf.c         0x00000000   Number         0  printf0.o ABSOLUTE
    ../clib/microlib/printf/printf.c         0x00000000   Number         0  printf1.o ABSOLUTE
    ../clib/microlib/printf/printf.c         0x00000000   Number         0  printf3.o ABSOLUTE
    ../clib/microlib/printf/printf.c         0x00000000   Number         0  printf4.o ABSOLUTE
    ../clib/microlib/printf/printf.c         0x00000000   Number         0  printf5.o ABSOLUTE
    ../clib/microlib/printf/stubs.s          0x00000000   Number         0  stubs.o ABSOLUTE
    ../clib/microlib/stdio/streams.c         0x00000000   Number         0  stdout.o ABSOLUTE
    ../clib/microlib/string/memcpy.c         0x00000000   Number         0  memcpya.o ABSOLUTE
    ../clib/microlib/string/memcpy.c         0x00000000   Number         0  memcpyb.o ABSOLUTE
    ../clib/microlib/string/memset.c         0x00000000   Number         0  memseta.o ABSOLUTE
    ../clib/microlib/stubs.s                 0x00000000   Number         0  iusefp.o ABSOLUTE
    ../fplib/microlib/d2f.c                  0x00000000   Number         0  d2f.o ABSOLUTE
    ../fplib/microlib/f2d.c                  0x00000000   Number         0  f2d.o ABSOLUTE
    ../fplib/microlib/fpadd.c                0x00000000   Number         0  dadd.o ABSOLUTE
    ../fplib/microlib/fpadd.c                0x00000000   Number         0  fadd.o ABSOLUTE
    ../fplib/microlib/fpdiv.c                0x00000000   Number         0  ddiv.o ABSOLUTE
    ../fplib/microlib/fpdiv.c                0x00000000   Number         0  fdiv.o ABSOLUTE
    ../fplib/microlib/fpepilogue.c           0x00000000   Number         0  fepilogue.o ABSOLUTE
    ../fplib/microlib/fpepilogue.c           0x00000000   Number         0  depilogue.o ABSOLUTE
    ../fplib/microlib/fpfix.c                0x00000000   Number         0  dfixul.o ABSOLUTE
    ../fplib/microlib/fpfix.c                0x00000000   Number         0  ffixi.o ABSOLUTE
    ../fplib/microlib/fpfix.c                0x00000000   Number         0  ffixui.o ABSOLUTE
    ../fplib/microlib/fpflt.c                0x00000000   Number         0  fflti.o ABSOLUTE
    ../fplib/microlib/fpflt.c                0x00000000   Number         0  ffltui.o ABSOLUTE
    ../fplib/microlib/fpflt.c                0x00000000   Number         0  dfltui.o ABSOLUTE
    ../fplib/microlib/fpmul.c                0x00000000   Number         0  dmul.o ABSOLUTE
    ../fplib/microlib/fpmul.c                0x00000000   Number         0  fmul.o ABSOLUTE
    ../fplib/microlib/fpscalb.c              0x00000000   Number         0  fscalb.o ABSOLUTE
    ../fplib/microlib/fpscalb.c              0x00000000   Number         0  dscalb.o ABSOLUTE
    ../fplib/microlib/fpsqrt.c               0x00000000   Number         0  dsqrt.o ABSOLUTE
    ../fplib/microlib/fpsqrt.c               0x00000000   Number         0  fsqrt.o ABSOLUTE
    ../mathlib/acos.c                        0x00000000   Number         0  acos_x.o ABSOLUTE
    ../mathlib/acos.c                        0x00000000   Number         0  acos.o ABSOLUTE
    ../mathlib/atan2f.c                      0x00000000   Number         0  atan2f_x.o ABSOLUTE
    ../mathlib/atan2f.c                      0x00000000   Number         0  atan2f.o ABSOLUTE
    ../mathlib/dunder.c                      0x00000000   Number         0  dunder.o ABSOLUTE
    ../mathlib/fpclassifyf.c                 0x00000000   Number         0  fpclassifyf.o ABSOLUTE
    ../mathlib/funder.c                      0x00000000   Number         0  funder.o ABSOLUTE
    ../mathlib/poly.c                        0x00000000   Number         0  poly.o ABSOLUTE
    ../mathlib/sqrt.c                        0x00000000   Number         0  sqrt_x.o ABSOLUTE
    ../mathlib/sqrt.c                        0x00000000   Number         0  sqrt.o ABSOLUTE
    ../mathlib/sqrtf.c                       0x00000000   Number         0  sqrtf.o ABSOLUTE
    ../mathlib/sqrtf.c                       0x00000000   Number         0  sqrtf_x.o ABSOLUTE
    ..\Core\Src\adc.c                        0x00000000   Number         0  adc.o ABSOLUTE
    ..\Core\Src\gpio.c                       0x00000000   Number         0  gpio.o ABSOLUTE
    ..\Core\Src\main.c                       0x00000000   Number         0  main.o ABSOLUTE
    ..\Core\Src\mm32spin0230_it.c            0x00000000   Number         0  mm32spin0230_it.o ABSOLUTE
    ..\Core\Src\opa.c                        0x00000000   Number         0  opa.o ABSOLUTE
    ..\Core\Src\platform.c                   0x00000000   Number         0  platform.o ABSOLUTE
    ..\Core\Src\tim.c                        0x00000000   Number         0  tim.o ABSOLUTE
    ..\Core\Src\usart.c                      0x00000000   Number         0  usart.o ABSOLUTE
    ..\Core\User\controller.c                0x00000000   Number         0  controller.o ABSOLUTE
    ..\Core\User\magic_cool.c                0x00000000   Number         0  magic_cool.o ABSOLUTE
    ..\Core\User\pid.c                       0x00000000   Number         0  pid.o ABSOLUTE
    ..\Core\User\rm_fft.c                    0x00000000   Number         0  rm_fft.o ABSOLUTE
    ..\Core\User\rm_math.c                   0x00000000   Number         0  rm_math.o ABSOLUTE
    ..\Device\MM32SPIN0230\HAL_Lib\src\hal_adc.c 0x00000000   Number         0  hal_adc.o ABSOLUTE
    ..\Device\MM32SPIN0230\HAL_Lib\src\hal_comp.c 0x00000000   Number         0  hal_comp.o ABSOLUTE
    ..\Device\MM32SPIN0230\HAL_Lib\src\hal_dbg.c 0x00000000   Number         0  hal_dbg.o ABSOLUTE
    ..\Device\MM32SPIN0230\HAL_Lib\src\hal_dma.c 0x00000000   Number         0  hal_dma.o ABSOLUTE
    ..\Device\MM32SPIN0230\HAL_Lib\src\hal_exti.c 0x00000000   Number         0  hal_exti.o ABSOLUTE
    ..\Device\MM32SPIN0230\HAL_Lib\src\hal_flash.c 0x00000000   Number         0  hal_flash.o ABSOLUTE
    ..\Device\MM32SPIN0230\HAL_Lib\src\hal_gpio.c 0x00000000   Number         0  hal_gpio.o ABSOLUTE
    ..\Device\MM32SPIN0230\HAL_Lib\src\hal_hwdiv.c 0x00000000   Number         0  hal_hwdiv.o ABSOLUTE
    ..\Device\MM32SPIN0230\HAL_Lib\src\hal_iwdg.c 0x00000000   Number         0  hal_iwdg.o ABSOLUTE
    ..\Device\MM32SPIN0230\HAL_Lib\src\hal_misc.c 0x00000000   Number         0  hal_misc.o ABSOLUTE
    ..\Device\MM32SPIN0230\HAL_Lib\src\hal_opamp.c 0x00000000   Number         0  hal_opamp.o ABSOLUTE
    ..\Device\MM32SPIN0230\HAL_Lib\src\hal_pwr.c 0x00000000   Number         0  hal_pwr.o ABSOLUTE
    ..\Device\MM32SPIN0230\HAL_Lib\src\hal_rcc.c 0x00000000   Number         0  hal_rcc.o ABSOLUTE
    ..\Device\MM32SPIN0230\HAL_Lib\src\hal_syscfg.c 0x00000000   Number         0  hal_syscfg.o ABSOLUTE
    ..\Device\MM32SPIN0230\HAL_Lib\src\hal_tim.c 0x00000000   Number         0  hal_tim.o ABSOLUTE
    ..\Device\MM32SPIN0230\HAL_Lib\src\hal_uid.c 0x00000000   Number         0  hal_uid.o ABSOLUTE
    ..\Device\MM32SPIN0230\HAL_Lib\src\hal_usart.c 0x00000000   Number         0  hal_usart.o ABSOLUTE
    ..\Device\MM32SPIN0230\Source\KEIL_StartAsm\startup_mm32spin0230_keil.s 0x00000000   Number         0  startup_mm32spin0230_keil.o ABSOLUTE
    ..\Device\MM32SPIN0230\Source\system_mm32spin0230.c 0x00000000   Number         0  system_mm32spin0230.o ABSOLUTE
    ..\\Core\\Src\\adc.c                     0x00000000   Number         0  adc.o ABSOLUTE
    ..\\Core\\Src\\gpio.c                    0x00000000   Number         0  gpio.o ABSOLUTE
    ..\\Core\\Src\\main.c                    0x00000000   Number         0  main.o ABSOLUTE
    ..\\Core\\Src\\mm32spin0230_it.c         0x00000000   Number         0  mm32spin0230_it.o ABSOLUTE
    ..\\Core\\Src\\opa.c                     0x00000000   Number         0  opa.o ABSOLUTE
    ..\\Core\\Src\\platform.c                0x00000000   Number         0  platform.o ABSOLUTE
    ..\\Core\\Src\\tim.c                     0x00000000   Number         0  tim.o ABSOLUTE
    ..\\Core\\Src\\usart.c                   0x00000000   Number         0  usart.o ABSOLUTE
    ..\\Core\\User\\controller.c             0x00000000   Number         0  controller.o ABSOLUTE
    ..\\Core\\User\\magic_cool.c             0x00000000   Number         0  magic_cool.o ABSOLUTE
    ..\\Core\\User\\pid.c                    0x00000000   Number         0  pid.o ABSOLUTE
    ..\\Core\\User\\rm_fft.c                 0x00000000   Number         0  rm_fft.o ABSOLUTE
    ..\\Core\\User\\rm_math.c                0x00000000   Number         0  rm_math.o ABSOLUTE
    ..\\Device\\MM32SPIN0230\\HAL_Lib\\src\\hal_adc.c 0x00000000   Number         0  hal_adc.o ABSOLUTE
    ..\\Device\\MM32SPIN0230\\HAL_Lib\\src\\hal_comp.c 0x00000000   Number         0  hal_comp.o ABSOLUTE
    ..\\Device\\MM32SPIN0230\\HAL_Lib\\src\\hal_dbg.c 0x00000000   Number         0  hal_dbg.o ABSOLUTE
    ..\\Device\\MM32SPIN0230\\HAL_Lib\\src\\hal_dma.c 0x00000000   Number         0  hal_dma.o ABSOLUTE
    ..\\Device\\MM32SPIN0230\\HAL_Lib\\src\\hal_exti.c 0x00000000   Number         0  hal_exti.o ABSOLUTE
    ..\\Device\\MM32SPIN0230\\HAL_Lib\\src\\hal_flash.c 0x00000000   Number         0  hal_flash.o ABSOLUTE
    ..\\Device\\MM32SPIN0230\\HAL_Lib\\src\\hal_gpio.c 0x00000000   Number         0  hal_gpio.o ABSOLUTE
    ..\\Device\\MM32SPIN0230\\HAL_Lib\\src\\hal_hwdiv.c 0x00000000   Number         0  hal_hwdiv.o ABSOLUTE
    ..\\Device\\MM32SPIN0230\\HAL_Lib\\src\\hal_iwdg.c 0x00000000   Number         0  hal_iwdg.o ABSOLUTE
    ..\\Device\\MM32SPIN0230\\HAL_Lib\\src\\hal_misc.c 0x00000000   Number         0  hal_misc.o ABSOLUTE
    ..\\Device\\MM32SPIN0230\\HAL_Lib\\src\\hal_opamp.c 0x00000000   Number         0  hal_opamp.o ABSOLUTE
    ..\\Device\\MM32SPIN0230\\HAL_Lib\\src\\hal_pwr.c 0x00000000   Number         0  hal_pwr.o ABSOLUTE
    ..\\Device\\MM32SPIN0230\\HAL_Lib\\src\\hal_rcc.c 0x00000000   Number         0  hal_rcc.o ABSOLUTE
    ..\\Device\\MM32SPIN0230\\HAL_Lib\\src\\hal_syscfg.c 0x00000000   Number         0  hal_syscfg.o ABSOLUTE
    ..\\Device\\MM32SPIN0230\\HAL_Lib\\src\\hal_tim.c 0x00000000   Number         0  hal_tim.o ABSOLUTE
    ..\\Device\\MM32SPIN0230\\HAL_Lib\\src\\hal_uid.c 0x00000000   Number         0  hal_uid.o ABSOLUTE
    ..\\Device\\MM32SPIN0230\\HAL_Lib\\src\\hal_usart.c 0x00000000   Number         0  hal_usart.o ABSOLUTE
    ..\\Device\\MM32SPIN0230\\Source\\system_mm32spin0230.c 0x00000000   Number         0  system_mm32spin0230.o ABSOLUTE
    arm_bitreversal2.c                       0x00000000   Number         0  arm_bitreversal2.o ABSOLUTE
    arm_cfft_f32.c                           0x00000000   Number         0  arm_cfft_f32.o ABSOLUTE
    arm_cfft_init_f32.c                      0x00000000   Number         0  arm_cfft_init_f32.o ABSOLUTE
    arm_cfft_radix8_f32.c                    0x00000000   Number         0  arm_cfft_radix8_f32.o ABSOLUTE
    arm_common_tables.c                      0x00000000   Number         0  arm_common_tables.o ABSOLUTE
    arm_const_structs.c                      0x00000000   Number         0  arm_const_structs.o ABSOLUTE
    cdcmple.s                                0x00000000   Number         0  cdcmple.o ABSOLUTE
    cdrcmple.s                               0x00000000   Number         0  cdrcmple.o ABSOLUTE
    cfcmple.s                                0x00000000   Number         0  cfcmple.o ABSOLUTE
    cfrcmple.s                               0x00000000   Number         0  cfrcmple.o ABSOLUTE
    dc.s                                     0x00000000   Number         0  dc.o ABSOLUTE
    handlers.s                               0x00000000   Number         0  handlers.o ABSOLUTE
    init.s                                   0x00000000   Number         0  init.o ABSOLUTE
    RESET                                    0x08000000   Section      192  startup_mm32spin0230_keil.o(RESET)
    .ARM.Collect$$$$00000000                 0x080000c0   Section        0  entry.o(.ARM.Collect$$$$00000000)
    .ARM.Collect$$$$00000001                 0x080000c0   Section        4  entry2.o(.ARM.Collect$$$$00000001)
    .ARM.Collect$$$$00000004                 0x080000c4   Section        4  entry5.o(.ARM.Collect$$$$00000004)
    .ARM.Collect$$$$00000008                 0x080000c8   Section        0  entry7b.o(.ARM.Collect$$$$00000008)
    .ARM.Collect$$$$0000000A                 0x080000c8   Section        0  entry8b.o(.ARM.Collect$$$$0000000A)
    .ARM.Collect$$$$0000000B                 0x080000c8   Section        8  entry9a.o(.ARM.Collect$$$$0000000B)
    .ARM.Collect$$$$0000000E                 0x080000d0   Section        4  entry12b.o(.ARM.Collect$$$$0000000E)
    .ARM.Collect$$$$0000000F                 0x080000d4   Section        0  entry10a.o(.ARM.Collect$$$$0000000F)
    .ARM.Collect$$$$00000011                 0x080000d4   Section        0  entry11a.o(.ARM.Collect$$$$00000011)
    .ARM.Collect$$$$00002712                 0x080000d4   Section        4  entry2.o(.ARM.Collect$$$$00002712)
    __lit__00000000                          0x080000d4   Data           4  entry2.o(.ARM.Collect$$$$00002712)
    .text                                    0x080000d8   Section       40  startup_mm32spin0230_keil.o(.text)
    .text                                    0x08000100   Section        0  uidiv.o(.text)
    .text                                    0x0800012c   Section        0  idiv.o(.text)
    .text                                    0x08000154   Section        0  memseta.o(.text)
    .text                                    0x08000178   Section        0  fadd.o(.text)
    .text                                    0x0800022a   Section        0  fmul.o(.text)
    .text                                    0x080002a4   Section        0  fdiv.o(.text)
    .text                                    0x08000320   Section        0  dadd.o(.text)
    .text                                    0x08000488   Section        0  dmul.o(.text)
    .text                                    0x08000558   Section        0  ddiv.o(.text)
    .text                                    0x08000648   Section        0  fflti.o(.text)
    .text                                    0x0800065e   Section        0  ffltui.o(.text)
    .text                                    0x0800066c   Section        0  dfltui.o(.text)
    .text                                    0x08000688   Section        0  ffixi.o(.text)
    .text                                    0x080006ba   Section        0  ffixui.o(.text)
    .text                                    0x080006e2   Section        0  f2d.o(.text)
    .text                                    0x0800070a   Section        0  d2f.o(.text)
    .text                                    0x08000744   Section       20  cfcmple.o(.text)
    .text                                    0x08000758   Section       20  cfrcmple.o(.text)
    .text                                    0x0800076c   Section        0  uldiv.o(.text)
    .text                                    0x080007cc   Section        0  llshl.o(.text)
    .text                                    0x080007ec   Section        0  llsshr.o(.text)
    .text                                    0x08000812   Section        0  iusefp.o(.text)
    .text                                    0x08000812   Section        0  fepilogue.o(.text)
    .text                                    0x08000894   Section        0  depilogue.o(.text)
    .text                                    0x08000952   Section        0  dsqrt.o(.text)
    .text                                    0x080009f4   Section        0  dfixul.o(.text)
    .text                                    0x08000a34   Section       40  cdrcmple.o(.text)
    .text                                    0x08000a5c   Section       36  init.o(.text)
    .text                                    0x08000a80   Section        0  llushr.o(.text)
    i.ADC_AnyChannelCmd                      0x08000aa2   Section        0  hal_adc.o(i.ADC_AnyChannelCmd)
    i.ADC_AnyChannelNumCfg                   0x08000aba   Section        0  hal_adc.o(i.ADC_AnyChannelNumCfg)
    i.ADC_AnyChannelSelect                   0x08000aca   Section        0  hal_adc.o(i.ADC_AnyChannelSelect)
    i.ADC_Cmd                                0x08000b12   Section        0  hal_adc.o(i.ADC_Cmd)
    i.ADC_Configure                          0x08000b2c   Section        0  adc.o(i.ADC_Configure)
    i.ADC_DMACmd                             0x08000bb0   Section        0  hal_adc.o(i.ADC_DMACmd)
    i.ADC_DMA_Configure                      0x08000bc8   Section        0  adc.o(i.ADC_DMA_Configure)
    i.ADC_DeInit                             0x08000c34   Section        0  hal_adc.o(i.ADC_DeInit)
    i.ADC_Init                               0x08000c54   Section        0  hal_adc.o(i.ADC_Init)
    i.ADC_SampleTimeConfig                   0x08000cc0   Section        0  hal_adc.o(i.ADC_SampleTimeConfig)
    i.ADC_SoftwareStartConvCmd               0x08000d08   Section        0  hal_adc.o(i.ADC_SoftwareStartConvCmd)
    i.ADC_StructInit                         0x08000d24   Section        0  hal_adc.o(i.ADC_StructInit)
    i.DMA1_Channel2_IRQHandler               0x08000d30   Section        0  mm32spin0230_it.o(i.DMA1_Channel2_IRQHandler)
    i.DMA_ClearFlag                          0x08000d50   Section        0  hal_dma.o(i.DMA_ClearFlag)
    i.DMA_ClearITPendingBit                  0x08000d5c   Section        0  hal_dma.o(i.DMA_ClearITPendingBit)
    i.DMA_Cmd                                0x08000d68   Section        0  hal_dma.o(i.DMA_Cmd)
    i.DMA_DeInit                             0x08000d80   Section        0  hal_dma.o(i.DMA_DeInit)
    i.DMA_GetFlagStatus                      0x08000dc8   Section        0  hal_dma.o(i.DMA_GetFlagStatus)
    i.DMA_GetITStatus                        0x08000de0   Section        0  hal_dma.o(i.DMA_GetITStatus)
    i.DMA_Init                               0x08000df8   Section        0  hal_dma.o(i.DMA_Init)
    i.DMA_StructInit                         0x08000e4c   Section        0  hal_dma.o(i.DMA_StructInit)
    i.GPIO_Configure                         0x08000e68   Section        0  gpio.o(i.GPIO_Configure)
    i.GPIO_Init                              0x08000eb4   Section        0  hal_gpio.o(i.GPIO_Init)
    i.GPIO_PinAFConfig                       0x08000f4e   Section        0  hal_gpio.o(i.GPIO_PinAFConfig)
    i.GPIO_ReadInputDataBit                  0x08000f76   Section        0  hal_gpio.o(i.GPIO_ReadInputDataBit)
    i.GPIO_StructInit                        0x08000f88   Section        0  hal_gpio.o(i.GPIO_StructInit)
    i.GPIO_WriteBit                          0x08000f98   Section        0  hal_gpio.o(i.GPIO_WriteBit)
    i.HardFault_Handler                      0x08000fa4   Section        0  mm32spin0230_it.o(i.HardFault_Handler)
    i.NMI_Handler                            0x08000fae   Section        0  mm32spin0230_it.o(i.NMI_Handler)
    i.NVIC_Init                              0x08000fb0   Section        0  hal_misc.o(i.NVIC_Init)
    i.OPAMP_Cmd                              0x08001018   Section        0  hal_opamp.o(i.OPAMP_Cmd)
    i.OPAMP_Configure                        0x08001030   Section        0  opa.o(i.OPAMP_Configure)
    i.OPAMP_ModeConfig                       0x080010ac   Section        0  hal_opamp.o(i.OPAMP_ModeConfig)
    i.PLATFORM_Init                          0x080010ba   Section        0  platform.o(i.PLATFORM_Init)
    i.PLATFORM_InitDelay                     0x080010c4   Section        0  platform.o(i.PLATFORM_InitDelay)
    i.PendSV_Handler                         0x08001118   Section        0  mm32spin0230_it.o(i.PendSV_Handler)
    i.RCC_AHBPeriphClockCmd                  0x0800111c   Section        0  hal_rcc.o(i.RCC_AHBPeriphClockCmd)
    i.RCC_APB1PeriphClockCmd                 0x0800113c   Section        0  hal_rcc.o(i.RCC_APB1PeriphClockCmd)
    i.RCC_APB1PeriphResetCmd                 0x0800115c   Section        0  hal_rcc.o(i.RCC_APB1PeriphResetCmd)
    i.RCC_GetClocksFreq                      0x0800117c   Section        0  hal_rcc.o(i.RCC_GetClocksFreq)
    i.SVC_Handler                            0x080011ec   Section        0  mm32spin0230_it.o(i.SVC_Handler)
    i.SetSysClockToDefine                    0x080011f0   Section        0  system_mm32spin0230.o(i.SetSysClockToDefine)
    SetSysClockToDefine                      0x080011f1   Thumb Code   280  system_mm32spin0230.o(i.SetSysClockToDefine)
    i.SysTick_Handler                        0x0800131c   Section        0  mm32spin0230_it.o(i.SysTick_Handler)
    i.SystemInit                             0x08001348   Section        0  system_mm32spin0230.o(i.SystemInit)
    i.TIM13_Configure                        0x08001378   Section        0  tim.o(i.TIM13_Configure)
    i.TIM1_Configure                         0x08001430   Section        0  tim.o(i.TIM1_Configure)
    i.TIM_ARRPreloadConfig                   0x0800153c   Section        0  hal_tim.o(i.TIM_ARRPreloadConfig)
    i.TIM_BDTRConfig                         0x08001554   Section        0  hal_tim.o(i.TIM_BDTRConfig)
    i.TIM_BDTRStructInit                     0x08001572   Section        0  hal_tim.o(i.TIM_BDTRStructInit)
    i.TIM_CCxCmd                             0x08001584   Section        0  hal_tim.o(i.TIM_CCxCmd)
    i.TIM_CCxNCmd                            0x0800159e   Section        0  hal_tim.o(i.TIM_CCxNCmd)
    i.TIM_Cmd                                0x080015b8   Section        0  hal_tim.o(i.TIM_Cmd)
    i.TIM_CtrlPWMOutputs                     0x080015d0   Section        0  hal_tim.o(i.TIM_CtrlPWMOutputs)
    i.TIM_OC1Init                            0x080015ec   Section        0  hal_tim.o(i.TIM_OC1Init)
    i.TIM_OC3Init                            0x0800167c   Section        0  hal_tim.o(i.TIM_OC3Init)
    i.TIM_OC3PreloadConfig                   0x08001710   Section        0  hal_tim.o(i.TIM_OC3PreloadConfig)
    i.TIM_OCStructInit                       0x0800171e   Section        0  hal_tim.o(i.TIM_OCStructInit)
    i.TIM_SetAutoreload                      0x08001732   Section        0  hal_tim.o(i.TIM_SetAutoreload)
    i.TIM_SetCompare1                        0x08001736   Section        0  hal_tim.o(i.TIM_SetCompare1)
    i.TIM_SetCompare3                        0x08001748   Section        0  hal_tim.o(i.TIM_SetCompare3)
    i.TIM_TimeBaseInit                       0x0800175c   Section        0  hal_tim.o(i.TIM_TimeBaseInit)
    i.TIM_TimeBaseStructInit                 0x080017b4   Section        0  hal_tim.o(i.TIM_TimeBaseStructInit)
    i.USART1_IRQHandler                      0x080017c6   Section        0  mm32spin0230_it.o(i.USART1_IRQHandler)
    i.USART_Cmd                              0x080017ce   Section        0  hal_usart.o(i.USART_Cmd)
    i.USART_GetFlagStatus                    0x080017ea   Section        0  hal_usart.o(i.USART_GetFlagStatus)
    i.USART_GetITStatus                      0x080017fc   Section        0  hal_usart.o(i.USART_GetITStatus)
    i.USART_ITConfig                         0x08001874   Section        0  hal_usart.o(i.USART_ITConfig)
    i.USART_Init                             0x080018a8   Section        0  hal_usart.o(i.USART_Init)
    i.USART_PrintfConfigure                  0x08001948   Section        0  usart.o(i.USART_PrintfConfigure)
    i.USART_ReceiveData                      0x08001a0c   Section        0  hal_usart.o(i.USART_ReceiveData)
    i.USART_SendData                         0x08001a16   Section        0  hal_usart.o(i.USART_SendData)
    i.USART_StructInit                       0x08001a1e   Section        0  hal_usart.o(i.USART_StructInit)
    i.__0printf                              0x08001a38   Section        0  printfa.o(i.__0printf)
    i.__ARM_clz                              0x08001a58   Section        0  depilogue.o(i.__ARM_clz)
    i.__ARM_common_switch8                   0x08001a86   Section        0  adc.o(i.__ARM_common_switch8)
    i.__NVIC_SetPriority                     0x08001aa4   Section        0  platform.o(i.__NVIC_SetPriority)
    __NVIC_SetPriority                       0x08001aa5   Thumb Code   110  platform.o(i.__NVIC_SetPriority)
    i.__scatterload_copy                     0x08001b1c   Section       14  handlers.o(i.__scatterload_copy)
    i.__scatterload_null                     0x08001b2a   Section        2  handlers.o(i.__scatterload_null)
    i.__scatterload_zeroinit                 0x08001b2c   Section       14  handlers.o(i.__scatterload_zeroinit)
    i.__set_errno                            0x08001b3c   Section        0  errno.o(i.__set_errno)
    i._fp_digits                             0x08001b48   Section        0  printfa.o(i._fp_digits)
    _fp_digits                               0x08001b49   Thumb Code   344  printfa.o(i._fp_digits)
    i._printf_core                           0x08001cbc   Section        0  printfa.o(i._printf_core)
    _printf_core                             0x08001cbd   Thumb Code  1760  printfa.o(i._printf_core)
    i._printf_post_padding                   0x080023ac   Section        0  printfa.o(i._printf_post_padding)
    _printf_post_padding                     0x080023ad   Thumb Code    32  printfa.o(i._printf_post_padding)
    i._printf_pre_padding                    0x080023cc   Section        0  printfa.o(i._printf_pre_padding)
    _printf_pre_padding                      0x080023cd   Thumb Code    44  printfa.o(i._printf_pre_padding)
    i.abs_i                                  0x080023f8   Section        0  rm_math.o(i.abs_i)
    i.adc_get_conv_freq                      0x08002408   Section        0  adc.o(i.adc_get_conv_freq)
    i.adc_hvli_input_conv                    0x080024f4   Section        0  adc.o(i.adc_hvli_input_conv)
    i.adc_output_conv                        0x080025c0   Section        0  adc.o(i.adc_output_conv)
    i.adc_set_channel_dma                    0x0800270c   Section        0  adc.o(i.adc_set_channel_dma)
    i.adc_set_conv_freq                      0x08002780   Section        0  adc.o(i.adc_set_conv_freq)
    i.adc_voltage_get_vpp                    0x0800278c   Section        0  adc.o(i.adc_voltage_get_vpp)
    i.arm_rm_pid_init_q15                    0x08002854   Section        0  pid.o(i.arm_rm_pid_init_q15)
    i.find_maxima_i                          0x080028c8   Section        0  rm_math.o(i.find_maxima_i)
    i.fputc                                  0x08002904   Section        0  platform.o(i.fputc)
    i.get_peak_to_peak                       0x08002928   Section        0  rm_math.o(i.get_peak_to_peak)
    i.get_period_start_end_index             0x08002b9c   Section        0  rm_math.o(i.get_period_start_end_index)
    i.get_systick                            0x08002ca0   Section        0  main.o(i.get_systick)
    i.get_vol_cur_rms                        0x08002cac   Section        0  rm_math.o(i.get_vol_cur_rms)
    i.key_scan                               0x08002d70   Section        0  controller.o(i.key_scan)
    i.led_off                                0x08002e40   Section        0  gpio.o(i.led_off)
    i.led_on                                 0x08002e54   Section        0  gpio.o(i.led_on)
    i.magic_cool_calc_impedance              0x08002e68   Section        0  magic_cool.o(i.magic_cool_calc_impedance)
    i.magic_cool_config                      0x08002fec   Section        0  magic_cool.o(i.magic_cool_config)
    i.magic_cool_freq_track                  0x08003048   Section        0  magic_cool.o(i.magic_cool_freq_track)
    i.magic_cool_freq_track_current          0x080030b0   Section        0  magic_cool.o(i.magic_cool_freq_track_current)
    i.magic_cool_key_scan                    0x08003578   Section        0  magic_cool.o(i.magic_cool_key_scan)
    i.magic_cool_mode2                       0x080035fc   Section        0  magic_cool.o(i.magic_cool_mode2)
    i.magic_cool_run                         0x08003790   Section        0  magic_cool.o(i.magic_cool_run)
    i.magic_cool_run_impedance               0x08003828   Section        0  magic_cool.o(i.magic_cool_run_impedance)
    i.magic_cool_set_adcfreq                 0x080039e4   Section        0  magic_cool.o(i.magic_cool_set_adcfreq)
    i.magic_cool_set_limt                    0x080039f0   Section        0  magic_cool.o(i.magic_cool_set_limt)
    i.magic_cool_set_target_vol              0x08003a10   Section        0  magic_cool.o(i.magic_cool_set_target_vol)
    i.magic_cool_test                        0x08003a1c   Section        0  magic_cool.o(i.magic_cool_test)
    i.magic_cool_voltage_closeloop           0x08003a24   Section        0  magic_cool.o(i.magic_cool_voltage_closeloop)
    i.magic_cool_voltage_closeloop_dcdc      0x08003a3c   Section        0  magic_cool.o(i.magic_cool_voltage_closeloop_dcdc)
    i.main                                   0x08003b94   Section        0  main.o(i.main)
    i.pid_init                               0x08003bc4   Section        0  pid.o(i.pid_init)
    i.pwm1_set_duty                          0x08003be8   Section        0  tim.o(i.pwm1_set_duty)
    i.pwm_enable                             0x08003bf4   Section        0  tim.o(i.pwm_enable)
    i.pwm_get_freq                           0x08003c2c   Section        0  tim.o(i.pwm_get_freq)
    i.pwm_set_config                         0x08003c38   Section        0  tim.o(i.pwm_set_config)
    i.pwm_set_freq                           0x08003c48   Section        0  tim.o(i.pwm_set_freq)
    i.pwm_set_freq_limt                      0x08003c58   Section        0  tim.o(i.pwm_set_freq_limt)
    i.rm_magic_config                        0x08003c6c   Section        0  controller.o(i.rm_magic_config)
    i.rm_magic_run                           0x08003c90   Section        0  controller.o(i.rm_magic_run)
    i.set_power_enable                       0x08003c98   Section        0  controller.o(i.set_power_enable)
    i.sqrt                                   0x08003cb8   Section        0  sqrt.o(i.sqrt)
    i.sys_delayms                            0x08003d00   Section        0  main.o(i.sys_delayms)
    i.tim13_set_duty                         0x08003d18   Section        0  tim.o(i.tim13_set_duty)
    i.timer1_set_output                      0x08003d2c   Section        0  tim.o(i.timer1_set_output)
    i.usart_callback                         0x08003d80   Section        0  usart.o(i.usart_callback)
    .conststring                             0x08003de4   Section      104  magic_cool.o(.conststring)
    .data                                    0x20000000   Section        4  mm32spin0230_it.o(.data)
    .data                                    0x20000004   Section        4  platform.o(.data)
    .data                                    0x20000008   Section       12  usart.o(.data)
    update_tick                              0x20000010   Data           4  usart.o(.data)
    .data                                    0x20000014   Section       46  adc.o(.data)
    .data                                    0x20000044   Section       24  tim.o(.data)
    .data                                    0x2000005c   Section       24  controller.o(.data)
    debounce_cnt2                            0x2000006e   Data           1  controller.o(.data)
    key_status                               0x2000006f   Data           1  controller.o(.data)
    key2_current_time                        0x20000070   Data           4  controller.o(.data)
    .data                                    0x20000074   Section       96  magic_cool.o(.data)
    scan_tick                                0x200000c0   Data           4  magic_cool.o(.data)
    tick_ph                                  0x200000c4   Data           4  magic_cool.o(.data)
    tick_cur                                 0x200000c8   Data           4  magic_cool.o(.data)
    tick_vol                                 0x200000cc   Data           4  magic_cool.o(.data)
    tick_imp                                 0x200000d0   Data           4  magic_cool.o(.data)
    .data                                    0x200000d4   Section       20  hal_rcc.o(.data)
    .data                                    0x200000e8   Section        4  system_mm32spin0230.o(.data)
    .data                                    0x200000ec   Section        4  stdout.o(.data)
    .data                                    0x200000f0   Section        4  errno.o(.data)
    _errno                                   0x200000f0   Data           4  errno.o(.data)
    .bss                                     0x200000f4   Section       60  usart.o(.bss)
    .bss                                     0x20000130   Section     1536  adc.o(.bss)
    .bss                                     0x20000730   Section      768  magic_cool.o(.bss)
    .bss                                     0x20000a30   Section       56  pid.o(.bss)
    STACK                                    0x20000a68   Section     1280  startup_mm32spin0230_keil.o(STACK)

    Global Symbols

    Symbol Name                              Value     Ov Type        Size  Object(Section)

    BuildAttributes$$THM_ISAv3M$S$PE$A:L22$X:L11$S22$IEEE1$IW$USESV6$~STKCKD$USESV7$~SHL$OTIME$ROPI$IEEEX$EBA8$MICROLIB$REQ8$PRES8$EABIv2 0x00000000   Number         0  anon$$obj.o ABSOLUTE
    __ARM_use_no_argv                        0x00000000   Number         0  main.o ABSOLUTE
    _printf_a                                0x00000000   Number         0  stubs.o ABSOLUTE
    _printf_c                                0x00000000   Number         0  stubs.o ABSOLUTE
    _printf_charcount                        0x00000000   Number         0  stubs.o ABSOLUTE
    _printf_d                                0x00000000   Number         0  stubs.o ABSOLUTE
    _printf_e                                0x00000000   Number         0  stubs.o ABSOLUTE
    _printf_f                                0x00000000   Number         0  stubs.o ABSOLUTE
    _printf_flags                            0x00000000   Number         0  stubs.o ABSOLUTE
    _printf_fp_dec                           0x00000000   Number         0  stubs.o ABSOLUTE
    _printf_fp_hex                           0x00000000   Number         0  stubs.o ABSOLUTE
    _printf_g                                0x00000000   Number         0  stubs.o ABSOLUTE
    _printf_i                                0x00000000   Number         0  stubs.o ABSOLUTE
    _printf_int_dec                          0x00000000   Number         0  stubs.o ABSOLUTE
    _printf_l                                0x00000000   Number         0  stubs.o ABSOLUTE
    _printf_lc                               0x00000000   Number         0  stubs.o ABSOLUTE
    _printf_ll                               0x00000000   Number         0  stubs.o ABSOLUTE
    _printf_lld                              0x00000000   Number         0  stubs.o ABSOLUTE
    _printf_lli                              0x00000000   Number         0  stubs.o ABSOLUTE
    _printf_llo                              0x00000000   Number         0  stubs.o ABSOLUTE
    _printf_llu                              0x00000000   Number         0  stubs.o ABSOLUTE
    _printf_llx                              0x00000000   Number         0  stubs.o ABSOLUTE
    _printf_longlong_dec                     0x00000000   Number         0  stubs.o ABSOLUTE
    _printf_longlong_hex                     0x00000000   Number         0  stubs.o ABSOLUTE
    _printf_longlong_oct                     0x00000000   Number         0  stubs.o ABSOLUTE
    _printf_ls                               0x00000000   Number         0  stubs.o ABSOLUTE
    _printf_mbtowc                           0x00000000   Number         0  stubs.o ABSOLUTE
    _printf_n                                0x00000000   Number         0  stubs.o ABSOLUTE
    _printf_o                                0x00000000   Number         0  stubs.o ABSOLUTE
    _printf_p                                0x00000000   Number         0  stubs.o ABSOLUTE
    _printf_percent                          0x00000000   Number         0  stubs.o ABSOLUTE
    _printf_pre_padding                      0x00000000   Number         0  stubs.o ABSOLUTE
    _printf_return_value                     0x00000000   Number         0  stubs.o ABSOLUTE
    _printf_s                                0x00000000   Number         0  stubs.o ABSOLUTE
    _printf_sizespec                         0x00000000   Number         0  stubs.o ABSOLUTE
    _printf_str                              0x00000000   Number         0  stubs.o ABSOLUTE
    _printf_truncate_signed                  0x00000000   Number         0  stubs.o ABSOLUTE
    _printf_truncate_unsigned                0x00000000   Number         0  stubs.o ABSOLUTE
    _printf_u                                0x00000000   Number         0  stubs.o ABSOLUTE
    _printf_wc                               0x00000000   Number         0  stubs.o ABSOLUTE
    _printf_wctomb                           0x00000000   Number         0  stubs.o ABSOLUTE
    _printf_widthprec                        0x00000000   Number         0  stubs.o ABSOLUTE
    _printf_x                                0x00000000   Number         0  stubs.o ABSOLUTE
    __arm_fini_                               - Undefined Weak Reference
    __cpp_initialize__aeabi_                  - Undefined Weak Reference
    __cxa_finalize                            - Undefined Weak Reference
    __decompress                              - Undefined Weak Reference
    _clock_init                               - Undefined Weak Reference
    _microlib_exit                            - Undefined Weak Reference
    __Vectors_Size                           0x000000c0   Number         0  startup_mm32spin0230_keil.o ABSOLUTE
    __Vectors                                0x08000000   Data           4  startup_mm32spin0230_keil.o(RESET)
    __Vectors_End                            0x080000c0   Data           0  startup_mm32spin0230_keil.o(RESET)
    __main                                   0x080000c1   Thumb Code     0  entry.o(.ARM.Collect$$$$00000000)
    _main_stk                                0x080000c1   Thumb Code     0  entry2.o(.ARM.Collect$$$$00000001)
    _main_scatterload                        0x080000c5   Thumb Code     0  entry5.o(.ARM.Collect$$$$00000004)
    __main_after_scatterload                 0x080000c9   Thumb Code     0  entry5.o(.ARM.Collect$$$$00000004)
    _main_clock                              0x080000c9   Thumb Code     0  entry7b.o(.ARM.Collect$$$$00000008)
    _main_cpp_init                           0x080000c9   Thumb Code     0  entry8b.o(.ARM.Collect$$$$0000000A)
    _main_init                               0x080000c9   Thumb Code     0  entry9a.o(.ARM.Collect$$$$0000000B)
    __rt_lib_shutdown_fini                   0x080000d1   Thumb Code     0  entry12b.o(.ARM.Collect$$$$0000000E)
    __rt_final_cpp                           0x080000d5   Thumb Code     0  entry10a.o(.ARM.Collect$$$$0000000F)
    __rt_final_exit                          0x080000d5   Thumb Code     0  entry11a.o(.ARM.Collect$$$$00000011)
    Reset_Handler                            0x080000d9   Thumb Code    14  startup_mm32spin0230_keil.o(.text)
    ADC_IRQHandler                           0x080000f1   Thumb Code     0  startup_mm32spin0230_keil.o(.text)
    COMP1_2_IRQHandler                       0x080000f1   Thumb Code     0  startup_mm32spin0230_keil.o(.text)
    DMA1_Channel1_IRQHandler                 0x080000f1   Thumb Code     0  startup_mm32spin0230_keil.o(.text)
    EXTI0_1_IRQHandler                       0x080000f1   Thumb Code     0  startup_mm32spin0230_keil.o(.text)
    EXTI2_3_IRQHandler                       0x080000f1   Thumb Code     0  startup_mm32spin0230_keil.o(.text)
    EXTI4_15_IRQHandler                      0x080000f1   Thumb Code     0  startup_mm32spin0230_keil.o(.text)
    FLASH_IRQHandler                         0x080000f1   Thumb Code     0  startup_mm32spin0230_keil.o(.text)
    HWDIV_IRQHandler                         0x080000f1   Thumb Code     0  startup_mm32spin0230_keil.o(.text)
    IWDG_IRQHandler                          0x080000f1   Thumb Code     0  startup_mm32spin0230_keil.o(.text)
    PVD_IRQHandler                           0x080000f1   Thumb Code     0  startup_mm32spin0230_keil.o(.text)
    RCC_IRQHandler                           0x080000f1   Thumb Code     0  startup_mm32spin0230_keil.o(.text)
    TIM13_IRQHandler                         0x080000f1   Thumb Code     0  startup_mm32spin0230_keil.o(.text)
    TIM14_IRQHandler                         0x080000f1   Thumb Code     0  startup_mm32spin0230_keil.o(.text)
    TIM1_BRK_UP_TRG_COM_IRQHandler           0x080000f1   Thumb Code     0  startup_mm32spin0230_keil.o(.text)
    TIM1_CC_IRQHandler                       0x080000f1   Thumb Code     0  startup_mm32spin0230_keil.o(.text)
    TIM2_IRQHandler                          0x080000f1   Thumb Code     0  startup_mm32spin0230_keil.o(.text)
    TIM6_IRQHandler                          0x080000f1   Thumb Code     0  startup_mm32spin0230_keil.o(.text)
    __aeabi_uidiv                            0x08000101   Thumb Code     0  uidiv.o(.text)
    __aeabi_uidivmod                         0x08000101   Thumb Code    44  uidiv.o(.text)
    __aeabi_idiv                             0x0800012d   Thumb Code     0  idiv.o(.text)
    __aeabi_idivmod                          0x0800012d   Thumb Code    40  idiv.o(.text)
    __aeabi_memset                           0x08000155   Thumb Code    14  memseta.o(.text)
    __aeabi_memset4                          0x08000155   Thumb Code     0  memseta.o(.text)
    __aeabi_memset8                          0x08000155   Thumb Code     0  memseta.o(.text)
    __aeabi_memclr                           0x08000163   Thumb Code     4  memseta.o(.text)
    __aeabi_memclr4                          0x08000163   Thumb Code     0  memseta.o(.text)
    __aeabi_memclr8                          0x08000163   Thumb Code     0  memseta.o(.text)
    _memset$wrapper                          0x08000167   Thumb Code    18  memseta.o(.text)
    __aeabi_fadd                             0x08000179   Thumb Code   162  fadd.o(.text)
    __aeabi_fsub                             0x0800021b   Thumb Code     8  fadd.o(.text)
    __aeabi_frsub                            0x08000223   Thumb Code     8  fadd.o(.text)
    __aeabi_fmul                             0x0800022b   Thumb Code   122  fmul.o(.text)
    __aeabi_fdiv                             0x080002a5   Thumb Code   124  fdiv.o(.text)
    __aeabi_dadd                             0x08000321   Thumb Code   330  dadd.o(.text)
    __aeabi_dsub                             0x0800046b   Thumb Code    12  dadd.o(.text)
    __aeabi_drsub                            0x08000477   Thumb Code    12  dadd.o(.text)
    __aeabi_dmul                             0x08000489   Thumb Code   202  dmul.o(.text)
    __aeabi_ddiv                             0x08000559   Thumb Code   234  ddiv.o(.text)
    __aeabi_i2f                              0x08000649   Thumb Code    22  fflti.o(.text)
    __aeabi_ui2f                             0x0800065f   Thumb Code    14  ffltui.o(.text)
    __aeabi_ui2d                             0x0800066d   Thumb Code    24  dfltui.o(.text)
    __aeabi_f2iz                             0x08000689   Thumb Code    50  ffixi.o(.text)
    __aeabi_f2uiz                            0x080006bb   Thumb Code    40  ffixui.o(.text)
    __aeabi_f2d                              0x080006e3   Thumb Code    40  f2d.o(.text)
    __aeabi_d2f                              0x0800070b   Thumb Code    56  d2f.o(.text)
    __aeabi_cfcmpeq                          0x08000745   Thumb Code     0  cfcmple.o(.text)
    __aeabi_cfcmple                          0x08000745   Thumb Code    20  cfcmple.o(.text)
    __aeabi_cfrcmple                         0x08000759   Thumb Code    20  cfrcmple.o(.text)
    __aeabi_uldivmod                         0x0800076d   Thumb Code    96  uldiv.o(.text)
    __aeabi_llsl                             0x080007cd   Thumb Code    32  llshl.o(.text)
    _ll_shift_l                              0x080007cd   Thumb Code     0  llshl.o(.text)
    __aeabi_lasr                             0x080007ed   Thumb Code    38  llsshr.o(.text)
    _ll_sshift_r                             0x080007ed   Thumb Code     0  llsshr.o(.text)
    __I$use$fp                               0x08000813   Thumb Code     0  iusefp.o(.text)
    _float_round                             0x08000813   Thumb Code    16  fepilogue.o(.text)
    _float_epilogue                          0x08000823   Thumb Code   114  fepilogue.o(.text)
    _double_round                            0x08000895   Thumb Code    26  depilogue.o(.text)
    _double_epilogue                         0x080008af   Thumb Code   164  depilogue.o(.text)
    _dsqrt                                   0x08000953   Thumb Code   162  dsqrt.o(.text)
    __aeabi_d2ulz                            0x080009f5   Thumb Code    54  dfixul.o(.text)
    __aeabi_cdrcmple                         0x08000a35   Thumb Code    38  cdrcmple.o(.text)
    __scatterload                            0x08000a5d   Thumb Code    28  init.o(.text)
    __scatterload_rt2                        0x08000a5d   Thumb Code     0  init.o(.text)
    __aeabi_llsr                             0x08000a81   Thumb Code    34  llushr.o(.text)
    _ll_ushift_r                             0x08000a81   Thumb Code     0  llushr.o(.text)
    ADC_AnyChannelCmd                        0x08000aa3   Thumb Code    24  hal_adc.o(i.ADC_AnyChannelCmd)
    ADC_AnyChannelNumCfg                     0x08000abb   Thumb Code    16  hal_adc.o(i.ADC_AnyChannelNumCfg)
    ADC_AnyChannelSelect                     0x08000acb   Thumb Code    72  hal_adc.o(i.ADC_AnyChannelSelect)
    ADC_Cmd                                  0x08000b13   Thumb Code    24  hal_adc.o(i.ADC_Cmd)
    ADC_Configure                            0x08000b2d   Thumb Code   124  adc.o(i.ADC_Configure)
    ADC_DMACmd                               0x08000bb1   Thumb Code    24  hal_adc.o(i.ADC_DMACmd)
    ADC_DMA_Configure                        0x08000bc9   Thumb Code    98  adc.o(i.ADC_DMA_Configure)
    ADC_DeInit                               0x08000c35   Thumb Code    28  hal_adc.o(i.ADC_DeInit)
    ADC_Init                                 0x08000c55   Thumb Code   100  hal_adc.o(i.ADC_Init)
    ADC_SampleTimeConfig                     0x08000cc1   Thumb Code    72  hal_adc.o(i.ADC_SampleTimeConfig)
    ADC_SoftwareStartConvCmd                 0x08000d09   Thumb Code    28  hal_adc.o(i.ADC_SoftwareStartConvCmd)
    ADC_StructInit                           0x08000d25   Thumb Code    12  hal_adc.o(i.ADC_StructInit)
    DMA1_Channel2_IRQHandler                 0x08000d31   Thumb Code    28  mm32spin0230_it.o(i.DMA1_Channel2_IRQHandler)
    DMA_ClearFlag                            0x08000d51   Thumb Code     6  hal_dma.o(i.DMA_ClearFlag)
    DMA_ClearITPendingBit                    0x08000d5d   Thumb Code     6  hal_dma.o(i.DMA_ClearITPendingBit)
    DMA_Cmd                                  0x08000d69   Thumb Code    24  hal_dma.o(i.DMA_Cmd)
    DMA_DeInit                               0x08000d81   Thumb Code    68  hal_dma.o(i.DMA_DeInit)
    DMA_GetFlagStatus                        0x08000dc9   Thumb Code    20  hal_dma.o(i.DMA_GetFlagStatus)
    DMA_GetITStatus                          0x08000de1   Thumb Code    20  hal_dma.o(i.DMA_GetITStatus)
    DMA_Init                                 0x08000df9   Thumb Code    80  hal_dma.o(i.DMA_Init)
    DMA_StructInit                           0x08000e4d   Thumb Code    28  hal_dma.o(i.DMA_StructInit)
    GPIO_Configure                           0x08000e69   Thumb Code    70  gpio.o(i.GPIO_Configure)
    GPIO_Init                                0x08000eb5   Thumb Code   154  hal_gpio.o(i.GPIO_Init)
    GPIO_PinAFConfig                         0x08000f4f   Thumb Code    40  hal_gpio.o(i.GPIO_PinAFConfig)
    GPIO_ReadInputDataBit                    0x08000f77   Thumb Code    18  hal_gpio.o(i.GPIO_ReadInputDataBit)
    GPIO_StructInit                          0x08000f89   Thumb Code    16  hal_gpio.o(i.GPIO_StructInit)
    GPIO_WriteBit                            0x08000f99   Thumb Code    12  hal_gpio.o(i.GPIO_WriteBit)
    HardFault_Handler                        0x08000fa5   Thumb Code    10  mm32spin0230_it.o(i.HardFault_Handler)
    NMI_Handler                              0x08000faf   Thumb Code     2  mm32spin0230_it.o(i.NMI_Handler)
    NVIC_Init                                0x08000fb1   Thumb Code   100  hal_misc.o(i.NVIC_Init)
    OPAMP_Cmd                                0x08001019   Thumb Code    24  hal_opamp.o(i.OPAMP_Cmd)
    OPAMP_Configure                          0x08001031   Thumb Code   112  opa.o(i.OPAMP_Configure)
    OPAMP_ModeConfig                         0x080010ad   Thumb Code    14  hal_opamp.o(i.OPAMP_ModeConfig)
    PLATFORM_Init                            0x080010bb   Thumb Code     8  platform.o(i.PLATFORM_Init)
    PLATFORM_InitDelay                       0x080010c5   Thumb Code    76  platform.o(i.PLATFORM_InitDelay)
    PendSV_Handler                           0x08001119   Thumb Code     2  mm32spin0230_it.o(i.PendSV_Handler)
    RCC_AHBPeriphClockCmd                    0x0800111d   Thumb Code    28  hal_rcc.o(i.RCC_AHBPeriphClockCmd)
    RCC_APB1PeriphClockCmd                   0x0800113d   Thumb Code    28  hal_rcc.o(i.RCC_APB1PeriphClockCmd)
    RCC_APB1PeriphResetCmd                   0x0800115d   Thumb Code    28  hal_rcc.o(i.RCC_APB1PeriphResetCmd)
    RCC_GetClocksFreq                        0x0800117d   Thumb Code    90  hal_rcc.o(i.RCC_GetClocksFreq)
    SVC_Handler                              0x080011ed   Thumb Code     2  mm32spin0230_it.o(i.SVC_Handler)
    SysTick_Handler                          0x0800131d   Thumb Code    36  mm32spin0230_it.o(i.SysTick_Handler)
    SystemInit                               0x08001349   Thumb Code    40  system_mm32spin0230.o(i.SystemInit)
    TIM13_Configure                          0x08001379   Thumb Code   176  tim.o(i.TIM13_Configure)
    TIM1_Configure                           0x08001431   Thumb Code   250  tim.o(i.TIM1_Configure)
    TIM_ARRPreloadConfig                     0x0800153d   Thumb Code    24  hal_tim.o(i.TIM_ARRPreloadConfig)
    TIM_BDTRConfig                           0x08001555   Thumb Code    30  hal_tim.o(i.TIM_BDTRConfig)
    TIM_BDTRStructInit                       0x08001573   Thumb Code    18  hal_tim.o(i.TIM_BDTRStructInit)
    TIM_CCxCmd                               0x08001585   Thumb Code    26  hal_tim.o(i.TIM_CCxCmd)
    TIM_CCxNCmd                              0x0800159f   Thumb Code    26  hal_tim.o(i.TIM_CCxNCmd)
    TIM_Cmd                                  0x080015b9   Thumb Code    24  hal_tim.o(i.TIM_Cmd)
    TIM_CtrlPWMOutputs                       0x080015d1   Thumb Code    28  hal_tim.o(i.TIM_CtrlPWMOutputs)
    TIM_OC1Init                              0x080015ed   Thumb Code   138  hal_tim.o(i.TIM_OC1Init)
    TIM_OC3Init                              0x0800167d   Thumb Code   144  hal_tim.o(i.TIM_OC3Init)
    TIM_OC3PreloadConfig                     0x08001711   Thumb Code    14  hal_tim.o(i.TIM_OC3PreloadConfig)
    TIM_OCStructInit                         0x0800171f   Thumb Code    20  hal_tim.o(i.TIM_OCStructInit)
    TIM_SetAutoreload                        0x08001733   Thumb Code     4  hal_tim.o(i.TIM_SetAutoreload)
    TIM_SetCompare1                          0x08001737   Thumb Code    18  hal_tim.o(i.TIM_SetCompare1)
    TIM_SetCompare3                          0x08001749   Thumb Code    18  hal_tim.o(i.TIM_SetCompare3)
    TIM_TimeBaseInit                         0x0800175d   Thumb Code    84  hal_tim.o(i.TIM_TimeBaseInit)
    TIM_TimeBaseStructInit                   0x080017b5   Thumb Code    18  hal_tim.o(i.TIM_TimeBaseStructInit)
    USART1_IRQHandler                        0x080017c7   Thumb Code     8  mm32spin0230_it.o(i.USART1_IRQHandler)
    USART_Cmd                                0x080017cf   Thumb Code    28  hal_usart.o(i.USART_Cmd)
    USART_GetFlagStatus                      0x080017eb   Thumb Code    18  hal_usart.o(i.USART_GetFlagStatus)
    USART_GetITStatus                        0x080017fd   Thumb Code   120  hal_usart.o(i.USART_GetITStatus)
    USART_ITConfig                           0x08001875   Thumb Code    52  hal_usart.o(i.USART_ITConfig)
    USART_Init                               0x080018a9   Thumb Code   154  hal_usart.o(i.USART_Init)
    USART_PrintfConfigure                    0x08001949   Thumb Code   190  usart.o(i.USART_PrintfConfigure)
    USART_ReceiveData                        0x08001a0d   Thumb Code    10  hal_usart.o(i.USART_ReceiveData)
    USART_SendData                           0x08001a17   Thumb Code     8  hal_usart.o(i.USART_SendData)
    USART_StructInit                         0x08001a1f   Thumb Code    24  hal_usart.o(i.USART_StructInit)
    __0printf                                0x08001a39   Thumb Code    24  printfa.o(i.__0printf)
    __1printf                                0x08001a39   Thumb Code     0  printfa.o(i.__0printf)
    __2printf                                0x08001a39   Thumb Code     0  printfa.o(i.__0printf)
    __c89printf                              0x08001a39   Thumb Code     0  printfa.o(i.__0printf)
    printf                                   0x08001a39   Thumb Code     0  printfa.o(i.__0printf)
    __ARM_clz                                0x08001a59   Thumb Code    46  depilogue.o(i.__ARM_clz)
    __ARM_common_switch8                     0x08001a87   Thumb Code    28  adc.o(i.__ARM_common_switch8)
    __scatterload_copy                       0x08001b1d   Thumb Code    14  handlers.o(i.__scatterload_copy)
    __scatterload_null                       0x08001b2b   Thumb Code     2  handlers.o(i.__scatterload_null)
    __scatterload_zeroinit                   0x08001b2d   Thumb Code    14  handlers.o(i.__scatterload_zeroinit)
    __set_errno                              0x08001b3d   Thumb Code     6  errno.o(i.__set_errno)
    abs_i                                    0x080023f9   Thumb Code    14  rm_math.o(i.abs_i)
    adc_get_conv_freq                        0x08002409   Thumb Code   174  adc.o(i.adc_get_conv_freq)
    adc_hvli_input_conv                      0x080024f5   Thumb Code   164  adc.o(i.adc_hvli_input_conv)
    adc_output_conv                          0x080025c1   Thumb Code   292  adc.o(i.adc_output_conv)
    adc_set_channel_dma                      0x0800270d   Thumb Code   106  adc.o(i.adc_set_channel_dma)
    adc_set_conv_freq                        0x08002781   Thumb Code     6  adc.o(i.adc_set_conv_freq)
    adc_voltage_get_vpp                      0x0800278d   Thumb Code   178  adc.o(i.adc_voltage_get_vpp)
    arm_rm_pid_init_q15                      0x08002855   Thumb Code   110  pid.o(i.arm_rm_pid_init_q15)
    find_maxima_i                            0x080028c9   Thumb Code    60  rm_math.o(i.find_maxima_i)
    fputc                                    0x08002905   Thumb Code    32  platform.o(i.fputc)
    get_peak_to_peak                         0x08002929   Thumb Code   624  rm_math.o(i.get_peak_to_peak)
    get_period_start_end_index               0x08002b9d   Thumb Code   258  rm_math.o(i.get_period_start_end_index)
    get_systick                              0x08002ca1   Thumb Code     6  main.o(i.get_systick)
    get_vol_cur_rms                          0x08002cad   Thumb Code   196  rm_math.o(i.get_vol_cur_rms)
    key_scan                                 0x08002d71   Thumb Code   188  controller.o(i.key_scan)
    led_off                                  0x08002e41   Thumb Code    14  gpio.o(i.led_off)
    led_on                                   0x08002e55   Thumb Code    14  gpio.o(i.led_on)
    magic_cool_calc_impedance                0x08002e69   Thumb Code   242  magic_cool.o(i.magic_cool_calc_impedance)
    magic_cool_config                        0x08002fed   Thumb Code    72  magic_cool.o(i.magic_cool_config)
    magic_cool_freq_track                    0x08003049   Thumb Code    82  magic_cool.o(i.magic_cool_freq_track)
    magic_cool_freq_track_current            0x080030b1   Thumb Code   978  magic_cool.o(i.magic_cool_freq_track_current)
    magic_cool_key_scan                      0x08003579   Thumb Code   104  magic_cool.o(i.magic_cool_key_scan)
    magic_cool_mode2                         0x080035fd   Thumb Code   346  magic_cool.o(i.magic_cool_mode2)
    magic_cool_run                           0x08003791   Thumb Code   144  magic_cool.o(i.magic_cool_run)
    magic_cool_run_impedance                 0x08003829   Thumb Code   342  magic_cool.o(i.magic_cool_run_impedance)
    magic_cool_set_adcfreq                   0x080039e5   Thumb Code    10  magic_cool.o(i.magic_cool_set_adcfreq)
    magic_cool_set_limt                      0x080039f1   Thumb Code    24  magic_cool.o(i.magic_cool_set_limt)
    magic_cool_set_target_vol                0x08003a11   Thumb Code     6  magic_cool.o(i.magic_cool_set_target_vol)
    magic_cool_test                          0x08003a1d   Thumb Code     8  magic_cool.o(i.magic_cool_test)
    magic_cool_voltage_closeloop             0x08003a25   Thumb Code    22  magic_cool.o(i.magic_cool_voltage_closeloop)
    magic_cool_voltage_closeloop_dcdc        0x08003a3d   Thumb Code   324  magic_cool.o(i.magic_cool_voltage_closeloop_dcdc)
    main                                     0x08003b95   Thumb Code    42  main.o(i.main)
    pid_init                                 0x08003bc5   Thumb Code    28  pid.o(i.pid_init)
    pwm1_set_duty                            0x08003be9   Thumb Code    12  tim.o(i.pwm1_set_duty)
    pwm_enable                               0x08003bf5   Thumb Code    52  tim.o(i.pwm_enable)
    pwm_get_freq                             0x08003c2d   Thumb Code     6  tim.o(i.pwm_get_freq)
    pwm_set_config                           0x08003c39   Thumb Code    16  tim.o(i.pwm_set_config)
    pwm_set_freq                             0x08003c49   Thumb Code    14  tim.o(i.pwm_set_freq)
    pwm_set_freq_limt                        0x08003c59   Thumb Code    10  tim.o(i.pwm_set_freq_limt)
    rm_magic_config                          0x08003c6d   Thumb Code    14  controller.o(i.rm_magic_config)
    rm_magic_run                             0x08003c91   Thumb Code     8  controller.o(i.rm_magic_run)
    set_power_enable                         0x08003c99   Thumb Code    28  controller.o(i.set_power_enable)
    sqrt                                     0x08003cb9   Thumb Code    66  sqrt.o(i.sqrt)
    sys_delayms                              0x08003d01   Thumb Code    18  main.o(i.sys_delayms)
    tim13_set_duty                           0x08003d19   Thumb Code    14  tim.o(i.tim13_set_duty)
    timer1_set_output                        0x08003d2d   Thumb Code    64  tim.o(i.timer1_set_output)
    usart_callback                           0x08003d81   Thumb Code    84  usart.o(i.usart_callback)
    Region$$Table$$Base                      0x08003e4c   Number         0  anon$$obj.o(Region$$Table)
    Region$$Table$$Limit                     0x08003e6c   Number         0  anon$$obj.o(Region$$Table)
    sys_tick                                 0x20000000   Data           4  mm32spin0230_it.o(.data)
    PLATFORM_DelayTick                       0x20000004   Data           4  platform.o(.data)
    uart_rx_flag                             0x20000008   Data           4  usart.o(.data)
    uart_rx_len                              0x2000000c   Data           4  usart.o(.data)
    adc_freq                                 0x20000014   Data           4  adc.o(.data)
    adc_freq_Level                           0x20000018   Data           4  adc.o(.data)
    adc_vpp                                  0x2000001c   Data           4  adc.o(.data)
    adc_ipp                                  0x20000020   Data           4  adc.o(.data)
    adc_vol_avg                              0x20000024   Data           4  adc.o(.data)
    adc_cur_avg                              0x20000028   Data           4  adc.o(.data)
    adc_vrms                                 0x2000002c   Data           4  adc.o(.data)
    adc_irms                                 0x20000030   Data           4  adc.o(.data)
    adc_dc_hvol_avg                          0x20000034   Data           4  adc.o(.data)
    adc_dc_hcur_avg                          0x20000038   Data           4  adc.o(.data)
    adc_dc_lcur_avg                          0x2000003c   Data           4  adc.o(.data)
    adc_dc_lcur_offset                       0x20000040   Data           2  adc.o(.data)
    tim1_min_freq                            0x20000044   Data           4  tim.o(.data)
    tim1_max_freq                            0x20000048   Data           4  tim.o(.data)
    tim1_freq                                0x2000004c   Data           4  tim.o(.data)
    tim1_reload                              0x20000050   Data           4  tim.o(.data)
    tim1_duty                                0x20000054   Data           4  tim.o(.data)
    tim1_duty_dt                             0x20000058   Data           4  tim.o(.data)
    key1_last                                0x2000005c   Data           1  controller.o(.data)
    key2_last                                0x2000005d   Data           1  controller.o(.data)
    key3_last                                0x2000005e   Data           1  controller.o(.data)
    key_tick                                 0x20000060   Data           4  controller.o(.data)
    autofreq_flag                            0x20000064   Data           1  controller.o(.data)
    vol_temp                                 0x20000066   Data           2  controller.o(.data)
    vol_max1                                 0x20000068   Data           2  controller.o(.data)
    vol_min0                                 0x2000006a   Data           2  controller.o(.data)
    vol_min1                                 0x2000006c   Data           2  controller.o(.data)
    flow_target                              0x20000074   Data           4  magic_cool.o(.data)
    update_cur                               0x20000078   Data           1  magic_cool.o(.data)
    voltage_gain                             0x2000007c   Data           4  magic_cool.o(.data)
    magic_cool_channel                       0x20000080   Data           1  magic_cool.o(.data)
    magic_cool_mode                          0x20000081   Data           1  magic_cool.o(.data)
    magic_cool_adj_dir                       0x20000082   Data           1  magic_cool.o(.data)
    magic_cool_ipp                           0x20000084   Data           4  magic_cool.o(.data)
    magic_cool_ph_min                        0x20000088   Data           4  magic_cool.o(.data)
    magic_cool_freqstart                     0x2000008c   Data           4  magic_cool.o(.data)
    magic_cool_freqstop                      0x20000090   Data           4  magic_cool.o(.data)
    magic_cool_runfreq                       0x20000094   Data           4  magic_cool.o(.data)
    magic_cool_freq_step                     0x20000098   Data           4  magic_cool.o(.data)
    magic_cool_target_vol                    0x2000009c   Data           4  magic_cool.o(.data)
    magic_cool_key_count                     0x200000a0   Data           4  magic_cool.o(.data)
    magic_cool_pwr_max                       0x200000a4   Data           4  magic_cool.o(.data)
    pwm1_duty_out                            0x200000a8   Data           2  magic_cool.o(.data)
    pwm1_duty_limit_min                      0x200000aa   Data           2  magic_cool.o(.data)
    pwm1_duty_limit_max                      0x200000ac   Data           2  magic_cool.o(.data)
    magic_cool_ph_proxth                     0x200000b0   Data           4  magic_cool.o(.data)
    manual                                   0x200000b4   Data           4  magic_cool.o(.data)
    mode2_tick                               0x200000b8   Data           4  magic_cool.o(.data)
    mc_key1_last                             0x200000bc   Data           1  magic_cool.o(.data)
    mc_key2_last                             0x200000bd   Data           1  magic_cool.o(.data)
    mc_key3_last                             0x200000be   Data           1  magic_cool.o(.data)
    AHBPreTable                              0x200000d4   Data          12  hal_rcc.o(.data)
    APBPreTable                              0x200000e0   Data           8  hal_rcc.o(.data)
    SystemCoreClock                          0x200000e8   Data           4  system_mm32spin0230.o(.data)
    __stdout                                 0x200000ec   Data           4  stdout.o(.data)
    uart_rxbuffer                            0x200000f4   Data          30  usart.o(.bss)
    uart_cmd                                 0x20000112   Data          30  usart.o(.bss)
    adc_data                                 0x20000130   Data         512  adc.o(.bss)
    adc_voltage_data                         0x20000330   Data         512  adc.o(.bss)
    adc_current_data                         0x20000530   Data         512  adc.o(.bss)
    impedance                                0x20000730   Data         256  magic_cool.o(.bss)
    phase                                    0x20000830   Data         256  magic_cool.o(.bss)
    freq_pwr                                 0x20000930   Data         256  magic_cool.o(.bss)
    pid_rmx_q15                              0x20000a30   Data          18  pid.o(.bss)
    pid_rmx_f32                              0x20000a44   Data          36  pid.o(.bss)
    __initial_sp                             0x20000f68   Data           0  startup_mm32spin0230_keil.o(STACK)



==============================================================================

Memory Map of the image

  Image Entry point : 0x080000c1

  Load Region LR_IROM1 (Base: 0x08000000, Size: 0x00003f60, Max: 0x00008000, ABSOLUTE)

    Execution Region ER_IROM1 (Exec base: 0x08000000, Load base: 0x08000000, Size: 0x00003e6c, Max: 0x00008000, ABSOLUTE)

    Exec Addr    Load Addr    Size         Type   Attr      Idx    E Section Name        Object

    0x08000000   0x08000000   0x000000c0   Data   RO         3170    RESET               startup_mm32spin0230_keil.o
    0x080000c0   0x080000c0   0x00000000   Code   RO         3450  * .ARM.Collect$$$$00000000  mc_p.l(entry.o)
    0x080000c0   0x080000c0   0x00000004   Code   RO         3786    .ARM.Collect$$$$00000001  mc_p.l(entry2.o)
    0x080000c4   0x080000c4   0x00000004   Code   RO         3789    .ARM.Collect$$$$00000004  mc_p.l(entry5.o)
    0x080000c8   0x080000c8   0x00000000   Code   RO         3791    .ARM.Collect$$$$00000008  mc_p.l(entry7b.o)
    0x080000c8   0x080000c8   0x00000000   Code   RO         3793    .ARM.Collect$$$$0000000A  mc_p.l(entry8b.o)
    0x080000c8   0x080000c8   0x00000008   Code   RO         3794    .ARM.Collect$$$$0000000B  mc_p.l(entry9a.o)
    0x080000d0   0x080000d0   0x00000004   Code   RO         3801    .ARM.Collect$$$$0000000E  mc_p.l(entry12b.o)
    0x080000d4   0x080000d4   0x00000000   Code   RO         3796    .ARM.Collect$$$$0000000F  mc_p.l(entry10a.o)
    0x080000d4   0x080000d4   0x00000000   Code   RO         3798    .ARM.Collect$$$$00000011  mc_p.l(entry11a.o)
    0x080000d4   0x080000d4   0x00000004   Code   RO         3787    .ARM.Collect$$$$00002712  mc_p.l(entry2.o)
    0x080000d8   0x080000d8   0x00000028   Code   RO         3171    .text               startup_mm32spin0230_keil.o
    0x08000100   0x08000100   0x0000002c   Code   RO         3453    .text               mc_p.l(uidiv.o)
    0x0800012c   0x0800012c   0x00000028   Code   RO         3455    .text               mc_p.l(idiv.o)
    0x08000154   0x08000154   0x00000024   Code   RO         3459    .text               mc_p.l(memseta.o)
    0x08000178   0x08000178   0x000000b2   Code   RO         3724    .text               mf_p.l(fadd.o)
    0x0800022a   0x0800022a   0x0000007a   Code   RO         3726    .text               mf_p.l(fmul.o)
    0x080002a4   0x080002a4   0x0000007c   Code   RO         3728    .text               mf_p.l(fdiv.o)
    0x08000320   0x08000320   0x00000168   Code   RO         3730    .text               mf_p.l(dadd.o)
    0x08000488   0x08000488   0x000000d0   Code   RO         3732    .text               mf_p.l(dmul.o)
    0x08000558   0x08000558   0x000000f0   Code   RO         3734    .text               mf_p.l(ddiv.o)
    0x08000648   0x08000648   0x00000016   Code   RO         3736    .text               mf_p.l(fflti.o)
    0x0800065e   0x0800065e   0x0000000e   Code   RO         3738    .text               mf_p.l(ffltui.o)
    0x0800066c   0x0800066c   0x0000001c   Code   RO         3740    .text               mf_p.l(dfltui.o)
    0x08000688   0x08000688   0x00000032   Code   RO         3742    .text               mf_p.l(ffixi.o)
    0x080006ba   0x080006ba   0x00000028   Code   RO         3744    .text               mf_p.l(ffixui.o)
    0x080006e2   0x080006e2   0x00000028   Code   RO         3746    .text               mf_p.l(f2d.o)
    0x0800070a   0x0800070a   0x00000038   Code   RO         3748    .text               mf_p.l(d2f.o)
    0x08000742   0x08000742   0x00000002   PAD
    0x08000744   0x08000744   0x00000014   Code   RO         3750    .text               mf_p.l(cfcmple.o)
    0x08000758   0x08000758   0x00000014   Code   RO         3752    .text               mf_p.l(cfrcmple.o)
    0x0800076c   0x0800076c   0x00000060   Code   RO         3803    .text               mc_p.l(uldiv.o)
    0x080007cc   0x080007cc   0x00000020   Code   RO         3805    .text               mc_p.l(llshl.o)
    0x080007ec   0x080007ec   0x00000026   Code   RO         3807    .text               mc_p.l(llsshr.o)
    0x08000812   0x08000812   0x00000000   Code   RO         3816    .text               mc_p.l(iusefp.o)
    0x08000812   0x08000812   0x00000082   Code   RO         3817    .text               mf_p.l(fepilogue.o)
    0x08000894   0x08000894   0x000000be   Code   RO         3821    .text               mf_p.l(depilogue.o)
    0x08000952   0x08000952   0x000000a2   Code   RO         3827    .text               mf_p.l(dsqrt.o)
    0x080009f4   0x080009f4   0x00000040   Code   RO         3829    .text               mf_p.l(dfixul.o)
    0x08000a34   0x08000a34   0x00000028   Code   RO         3833    .text               mf_p.l(cdrcmple.o)
    0x08000a5c   0x08000a5c   0x00000024   Code   RO         3835    .text               mc_p.l(init.o)
    0x08000a80   0x08000a80   0x00000022   Code   RO         3837    .text               mc_p.l(llushr.o)
    0x08000aa2   0x08000aa2   0x00000018   Code   RO         1192    i.ADC_AnyChannelCmd  hal_adc.o
    0x08000aba   0x08000aba   0x00000010   Code   RO         1193    i.ADC_AnyChannelNumCfg  hal_adc.o
    0x08000aca   0x08000aca   0x00000048   Code   RO         1194    i.ADC_AnyChannelSelect  hal_adc.o
    0x08000b12   0x08000b12   0x00000018   Code   RO         1199    i.ADC_Cmd           hal_adc.o
    0x08000b2a   0x08000b2a   0x00000002   PAD
    0x08000b2c   0x08000b2c   0x00000084   Code   RO          411    i.ADC_Configure     adc.o
    0x08000bb0   0x08000bb0   0x00000018   Code   RO         1200    i.ADC_DMACmd        hal_adc.o
    0x08000bc8   0x08000bc8   0x0000006c   Code   RO          412    i.ADC_DMA_Configure  adc.o
    0x08000c34   0x08000c34   0x00000020   Code   RO         1201    i.ADC_DeInit        hal_adc.o
    0x08000c54   0x08000c54   0x0000006c   Code   RO         1213    i.ADC_Init          hal_adc.o
    0x08000cc0   0x08000cc0   0x00000048   Code   RO         1221    i.ADC_SampleTimeConfig  hal_adc.o
    0x08000d08   0x08000d08   0x0000001c   Code   RO         1222    i.ADC_SoftwareStartConvCmd  hal_adc.o
    0x08000d24   0x08000d24   0x0000000c   Code   RO         1224    i.ADC_StructInit    hal_adc.o
    0x08000d30   0x08000d30   0x00000020   Code   RO          200    i.DMA1_Channel2_IRQHandler  mm32spin0230_it.o
    0x08000d50   0x08000d50   0x0000000c   Code   RO         1549    i.DMA_ClearFlag     hal_dma.o
    0x08000d5c   0x08000d5c   0x0000000c   Code   RO         1550    i.DMA_ClearITPendingBit  hal_dma.o
    0x08000d68   0x08000d68   0x00000018   Code   RO         1551    i.DMA_Cmd           hal_dma.o
    0x08000d80   0x08000d80   0x00000048   Code   RO         1552    i.DMA_DeInit        hal_dma.o
    0x08000dc8   0x08000dc8   0x00000018   Code   RO         1554    i.DMA_GetFlagStatus  hal_dma.o
    0x08000de0   0x08000de0   0x00000018   Code   RO         1555    i.DMA_GetITStatus   hal_dma.o
    0x08000df8   0x08000df8   0x00000054   Code   RO         1557    i.DMA_Init          hal_dma.o
    0x08000e4c   0x08000e4c   0x0000001c   Code   RO         1559    i.DMA_StructInit    hal_dma.o
    0x08000e68   0x08000e68   0x0000004c   Code   RO          491    i.GPIO_Configure    gpio.o
    0x08000eb4   0x08000eb4   0x0000009a   Code   RO         1851    i.GPIO_Init         hal_gpio.o
    0x08000f4e   0x08000f4e   0x00000028   Code   RO         1852    i.GPIO_PinAFConfig  hal_gpio.o
    0x08000f76   0x08000f76   0x00000012   Code   RO         1855    i.GPIO_ReadInputDataBit  hal_gpio.o
    0x08000f88   0x08000f88   0x00000010   Code   RO         1860    i.GPIO_StructInit   hal_gpio.o
    0x08000f98   0x08000f98   0x0000000c   Code   RO         1862    i.GPIO_WriteBit     hal_gpio.o
    0x08000fa4   0x08000fa4   0x0000000a   Code   RO          201    i.HardFault_Handler  mm32spin0230_it.o
    0x08000fae   0x08000fae   0x00000002   Code   RO          202    i.NMI_Handler       mm32spin0230_it.o
    0x08000fb0   0x08000fb0   0x00000068   Code   RO         2077    i.NVIC_Init         hal_misc.o
    0x08001018   0x08001018   0x00000018   Code   RO         2109    i.OPAMP_Cmd         hal_opamp.o
    0x08001030   0x08001030   0x0000007c   Code   RO         1146    i.OPAMP_Configure   opa.o
    0x080010ac   0x080010ac   0x0000000e   Code   RO         2110    i.OPAMP_ModeConfig  hal_opamp.o
    0x080010ba   0x080010ba   0x00000008   Code   RO          263    i.PLATFORM_Init     platform.o
    0x080010c2   0x080010c2   0x00000002   PAD
    0x080010c4   0x080010c4   0x00000054   Code   RO          265    i.PLATFORM_InitDelay  platform.o
    0x08001118   0x08001118   0x00000002   Code   RO          203    i.PendSV_Handler    mm32spin0230_it.o
    0x0800111a   0x0800111a   0x00000002   PAD
    0x0800111c   0x0800111c   0x00000020   Code   RO         2185    i.RCC_AHBPeriphClockCmd  hal_rcc.o
    0x0800113c   0x0800113c   0x00000020   Code   RO         2187    i.RCC_APB1PeriphClockCmd  hal_rcc.o
    0x0800115c   0x0800115c   0x00000020   Code   RO         2188    i.RCC_APB1PeriphResetCmd  hal_rcc.o
    0x0800117c   0x0800117c   0x00000070   Code   RO         2192    i.RCC_GetClocksFreq  hal_rcc.o
    0x080011ec   0x080011ec   0x00000002   Code   RO          204    i.SVC_Handler       mm32spin0230_it.o
    0x080011ee   0x080011ee   0x00000002   PAD
    0x080011f0   0x080011f0   0x0000012c   Code   RO         3130    i.SetSysClockToDefine  system_mm32spin0230.o
    0x0800131c   0x0800131c   0x0000002c   Code   RO          205    i.SysTick_Handler   mm32spin0230_it.o
    0x08001348   0x08001348   0x00000030   Code   RO         3131    i.SystemInit        system_mm32spin0230.o
    0x08001378   0x08001378   0x000000b8   Code   RO          529    i.TIM13_Configure   tim.o
    0x08001430   0x08001430   0x0000010c   Code   RO          530    i.TIM1_Configure    tim.o
    0x0800153c   0x0800153c   0x00000018   Code   RO         2352    i.TIM_ARRPreloadConfig  hal_tim.o
    0x08001554   0x08001554   0x0000001e   Code   RO         2353    i.TIM_BDTRConfig    hal_tim.o
    0x08001572   0x08001572   0x00000012   Code   RO         2354    i.TIM_BDTRStructInit  hal_tim.o
    0x08001584   0x08001584   0x0000001a   Code   RO         2358    i.TIM_CCxCmd        hal_tim.o
    0x0800159e   0x0800159e   0x0000001a   Code   RO         2359    i.TIM_CCxNCmd       hal_tim.o
    0x080015b8   0x080015b8   0x00000018   Code   RO         2366    i.TIM_Cmd           hal_tim.o
    0x080015d0   0x080015d0   0x0000001c   Code   RO         2368    i.TIM_CtrlPWMOutputs  hal_tim.o
    0x080015ec   0x080015ec   0x00000090   Code   RO         2397    i.TIM_OC1Init       hal_tim.o
    0x0800167c   0x0800167c   0x00000094   Code   RO         2407    i.TIM_OC3Init       hal_tim.o
    0x08001710   0x08001710   0x0000000e   Code   RO         2410    i.TIM_OC3PreloadConfig  hal_tim.o
    0x0800171e   0x0800171e   0x00000014   Code   RO         2417    i.TIM_OCStructInit  hal_tim.o
    0x08001732   0x08001732   0x00000004   Code   RO         2430    i.TIM_SetAutoreload  hal_tim.o
    0x08001736   0x08001736   0x00000012   Code   RO         2437    i.TIM_SetCompare1   hal_tim.o
    0x08001748   0x08001748   0x00000012   Code   RO         2439    i.TIM_SetCompare3   hal_tim.o
    0x0800175a   0x0800175a   0x00000002   PAD
    0x0800175c   0x0800175c   0x00000058   Code   RO         2448    i.TIM_TimeBaseInit  hal_tim.o
    0x080017b4   0x080017b4   0x00000012   Code   RO         2449    i.TIM_TimeBaseStructInit  hal_tim.o
    0x080017c6   0x080017c6   0x00000008   Code   RO          206    i.USART1_IRQHandler  mm32spin0230_it.o
    0x080017ce   0x080017ce   0x0000001c   Code   RO         3016    i.USART_Cmd         hal_usart.o
    0x080017ea   0x080017ea   0x00000012   Code   RO         3019    i.USART_GetFlagStatus  hal_usart.o
    0x080017fc   0x080017fc   0x00000078   Code   RO         3020    i.USART_GetITStatus  hal_usart.o
    0x08001874   0x08001874   0x00000034   Code   RO         3022    i.USART_ITConfig    hal_usart.o
    0x080018a8   0x080018a8   0x000000a0   Code   RO         3023    i.USART_Init        hal_usart.o
    0x08001948   0x08001948   0x000000c4   Code   RO          356    i.USART_PrintfConfigure  usart.o
    0x08001a0c   0x08001a0c   0x0000000a   Code   RO         3024    i.USART_ReceiveData  hal_usart.o
    0x08001a16   0x08001a16   0x00000008   Code   RO         3026    i.USART_SendData    hal_usart.o
    0x08001a1e   0x08001a1e   0x00000018   Code   RO         3027    i.USART_StructInit  hal_usart.o
    0x08001a36   0x08001a36   0x00000002   PAD
    0x08001a38   0x08001a38   0x00000020   Code   RO         3696    i.__0printf         mc_p.l(printfa.o)
    0x08001a58   0x08001a58   0x0000002e   Code   RO         3823    i.__ARM_clz         mf_p.l(depilogue.o)
    0x08001a86   0x08001a86   0x0000001c   Code   RO          478    i.__ARM_common_switch8  adc.o
    0x08001aa2   0x08001aa2   0x00000002   PAD
    0x08001aa4   0x08001aa4   0x00000078   Code   RO          270    i.__NVIC_SetPriority  platform.o
    0x08001b1c   0x08001b1c   0x0000000e   Code   RO         3843    i.__scatterload_copy  mc_p.l(handlers.o)
    0x08001b2a   0x08001b2a   0x00000002   Code   RO         3844    i.__scatterload_null  mc_p.l(handlers.o)
    0x08001b2c   0x08001b2c   0x0000000e   Code   RO         3845    i.__scatterload_zeroinit  mc_p.l(handlers.o)
    0x08001b3a   0x08001b3a   0x00000002   PAD
    0x08001b3c   0x08001b3c   0x0000000c   Code   RO         3811    i.__set_errno       mc_p.l(errno.o)
    0x08001b48   0x08001b48   0x00000174   Code   RO         3703    i._fp_digits        mc_p.l(printfa.o)
    0x08001cbc   0x08001cbc   0x000006f0   Code   RO         3704    i._printf_core      mc_p.l(printfa.o)
    0x080023ac   0x080023ac   0x00000020   Code   RO         3705    i._printf_post_padding  mc_p.l(printfa.o)
    0x080023cc   0x080023cc   0x0000002c   Code   RO         3706    i._printf_pre_padding  mc_p.l(printfa.o)
    0x080023f8   0x080023f8   0x0000000e   Code   RO         1001    i.abs_i             rm_math.o
    0x08002406   0x08002406   0x00000002   PAD
    0x08002408   0x08002408   0x000000ec   Code   RO          414    i.adc_get_conv_freq  adc.o
    0x080024f4   0x080024f4   0x000000cc   Code   RO          415    i.adc_hvli_input_conv  adc.o
    0x080025c0   0x080025c0   0x0000014c   Code   RO          416    i.adc_output_conv   adc.o
    0x0800270c   0x0800270c   0x00000074   Code   RO          417    i.adc_set_channel_dma  adc.o
    0x08002780   0x08002780   0x0000000c   Code   RO          418    i.adc_set_conv_freq  adc.o
    0x0800278c   0x0800278c   0x000000c8   Code   RO          419    i.adc_voltage_get_vpp  adc.o
    0x08002854   0x08002854   0x00000074   Code   RO          930    i.arm_rm_pid_init_q15  pid.o
    0x080028c8   0x080028c8   0x0000003c   Code   RO         1010    i.find_maxima_i     rm_math.o
    0x08002904   0x08002904   0x00000024   Code   RO          271    i.fputc             platform.o
    0x08002928   0x08002928   0x00000274   Code   RO         1016    i.get_peak_to_peak  rm_math.o
    0x08002b9c   0x08002b9c   0x00000102   Code   RO         1017    i.get_period_start_end_index  rm_math.o
    0x08002c9e   0x08002c9e   0x00000002   PAD
    0x08002ca0   0x08002ca0   0x0000000c   Code   RO            3    i.get_systick       main.o
    0x08002cac   0x08002cac   0x000000c4   Code   RO         1020    i.get_vol_cur_rms   rm_math.o
    0x08002d70   0x08002d70   0x000000d0   Code   RO          702    i.key_scan          controller.o
    0x08002e40   0x08002e40   0x00000014   Code   RO          492    i.led_off           gpio.o
    0x08002e54   0x08002e54   0x00000014   Code   RO          493    i.led_on            gpio.o
    0x08002e68   0x08002e68   0x00000184   Code   RO          786    i.magic_cool_calc_impedance  magic_cool.o
    0x08002fec   0x08002fec   0x0000005c   Code   RO          787    i.magic_cool_config  magic_cool.o
    0x08003048   0x08003048   0x00000068   Code   RO          790    i.magic_cool_freq_track  magic_cool.o
    0x080030b0   0x080030b0   0x000004c8   Code   RO          791    i.magic_cool_freq_track_current  magic_cool.o
    0x08003578   0x08003578   0x00000084   Code   RO          792    i.magic_cool_key_scan  magic_cool.o
    0x080035fc   0x080035fc   0x00000194   Code   RO          793    i.magic_cool_mode2  magic_cool.o
    0x08003790   0x08003790   0x00000098   Code   RO          794    i.magic_cool_run    magic_cool.o
    0x08003828   0x08003828   0x000001bc   Code   RO          795    i.magic_cool_run_impedance  magic_cool.o
    0x080039e4   0x080039e4   0x0000000a   Code   RO          796    i.magic_cool_set_adcfreq  magic_cool.o
    0x080039ee   0x080039ee   0x00000002   PAD
    0x080039f0   0x080039f0   0x00000020   Code   RO          797    i.magic_cool_set_limt  magic_cool.o
    0x08003a10   0x08003a10   0x0000000c   Code   RO          799    i.magic_cool_set_target_vol  magic_cool.o
    0x08003a1c   0x08003a1c   0x00000008   Code   RO          800    i.magic_cool_test   magic_cool.o
    0x08003a24   0x08003a24   0x00000016   Code   RO          801    i.magic_cool_voltage_closeloop  magic_cool.o
    0x08003a3a   0x08003a3a   0x00000002   PAD
    0x08003a3c   0x08003a3c   0x00000158   Code   RO          802    i.magic_cool_voltage_closeloop_dcdc  magic_cool.o
    0x08003b94   0x08003b94   0x00000030   Code   RO            4    i.main              main.o
    0x08003bc4   0x08003bc4   0x00000024   Code   RO          931    i.pid_init          pid.o
    0x08003be8   0x08003be8   0x0000000c   Code   RO          531    i.pwm1_set_duty     tim.o
    0x08003bf4   0x08003bf4   0x00000038   Code   RO          538    i.pwm_enable        tim.o
    0x08003c2c   0x08003c2c   0x0000000c   Code   RO          541    i.pwm_get_freq      tim.o
    0x08003c38   0x08003c38   0x00000010   Code   RO          543    i.pwm_set_config    tim.o
    0x08003c48   0x08003c48   0x0000000e   Code   RO          545    i.pwm_set_freq      tim.o
    0x08003c56   0x08003c56   0x00000002   PAD
    0x08003c58   0x08003c58   0x00000014   Code   RO          546    i.pwm_set_freq_limt  tim.o
    0x08003c6c   0x08003c6c   0x00000024   Code   RO          703    i.rm_magic_config   controller.o
    0x08003c90   0x08003c90   0x00000008   Code   RO          704    i.rm_magic_run      controller.o
    0x08003c98   0x08003c98   0x00000020   Code   RO          705    i.set_power_enable  controller.o
    0x08003cb8   0x08003cb8   0x00000048   Code   RO         3435    i.sqrt              m_ps.l(sqrt.o)
    0x08003d00   0x08003d00   0x00000018   Code   RO            5    i.sys_delayms       main.o
    0x08003d18   0x08003d18   0x00000014   Code   RO          547    i.tim13_set_duty    tim.o
    0x08003d2c   0x08003d2c   0x00000054   Code   RO          552    i.timer1_set_output  tim.o
    0x08003d80   0x08003d80   0x00000064   Code   RO          358    i.usart_callback    usart.o
    0x08003de4   0x08003de4   0x00000068   Data   RO          805    .conststring        magic_cool.o
    0x08003e4c   0x08003e4c   0x00000020   Data   RO         3841    Region$$Table       anon$$obj.o


    Execution Region RW_IRAM1 (Exec base: 0x20000000, Load base: 0x08003e6c, Size: 0x00000f68, Max: 0x00001000, ABSOLUTE)

    Exec Addr    Load Addr    Size         Type   Attr      Idx    E Section Name        Object

    0x20000000   0x08003e6c   0x00000004   Data   RW          207    .data               mm32spin0230_it.o
    0x20000004   0x08003e70   0x00000004   Data   RW          272    .data               platform.o
    0x20000008   0x08003e74   0x0000000c   Data   RW          361    .data               usart.o
    0x20000014   0x08003e80   0x0000002e   Data   RW          421    .data               adc.o
    0x20000042   0x08003eae   0x00000002   PAD
    0x20000044   0x08003eb0   0x00000018   Data   RW          554    .data               tim.o
    0x2000005c   0x08003ec8   0x00000018   Data   RW          706    .data               controller.o
    0x20000074   0x08003ee0   0x00000060   Data   RW          806    .data               magic_cool.o
    0x200000d4   0x08003f40   0x00000014   Data   RW         2203    .data               hal_rcc.o
    0x200000e8   0x08003f54   0x00000004   Data   RW         3132    .data               system_mm32spin0230.o
    0x200000ec   0x08003f58   0x00000004   Data   RW         3802    .data               mc_p.l(stdout.o)
    0x200000f0   0x08003f5c   0x00000004   Data   RW         3812    .data               mc_p.l(errno.o)
    0x200000f4        -       0x0000003c   Zero   RW          360    .bss                usart.o
    0x20000130        -       0x00000600   Zero   RW          420    .bss                adc.o
    0x20000730        -       0x00000300   Zero   RW          804    .bss                magic_cool.o
    0x20000a30        -       0x00000038   Zero   RW          938    .bss                pid.o
    0x20000a68        -       0x00000500   Zero   RW         3168    STACK               startup_mm32spin0230_keil.o


==============================================================================

Image component sizes


      Code (inc. data)   RO Data    RW Data    ZI Data      Debug   Object Name

      1368        214          0         46       1536       6370   adc.o
       284         46          0         24          0       2758   controller.o
       116         18          0          0          0       1348   gpio.o
       412         12          0          0          0       6012   hal_adc.o
       280         28          0          0          0       4705   hal_dma.o
       240          0          0          0          0       3657   hal_gpio.o
       104          4          0          0          0        888   hal_misc.o
        38          0          0          0          0       1471   hal_opamp.o
       208         34          0         20          0       3028   hal_rcc.o
       648         14          0          0          0       9373   hal_tim.o
       420          6          0          0          0       5208   hal_usart.o
      3368        664        104         96        768      13446   magic_cool.o
        84         18          0          0          0     100009   main.o
       100         12          0          4          0       3773   mm32spin0230_it.o
       124         12          0          0          0        522   opa.o
       152         14          0          0         56       2095   pid.o
       248         22          0          4          0      14016   platform.o
      1156          4          0          0          0       5506   rm_math.o
        40         14        192          0       1280        704   startup_mm32spin0230_keil.o
       348         28          0          4          0       2647   system_mm32spin0230.o
       686         72          0         24          0       5903   tim.o
       296         22          0         12         60       2358   usart.o

    ----------------------------------------------------------------------
     10744       1258        328        236       3700     195797   Object Totals
         0          0         32          0          0          0   (incl. Generated)
        24          0          0          2          0          0   (incl. Padding)

    ----------------------------------------------------------------------

      Code (inc. data)   RO Data    RW Data    ZI Data      Debug   Library Member Name

        72          6          0          0          0         76   sqrt.o
         0          0          0          0          0          0   entry.o
         0          0          0          0          0          0   entry10a.o
         0          0          0          0          0          0   entry11a.o
         4          0          0          0          0          0   entry12b.o
         8          4          0          0          0          0   entry2.o
         4          0          0          0          0          0   entry5.o
         0          0          0          0          0          0   entry7b.o
         0          0          0          0          0          0   entry8b.o
         8          4          0          0          0          0   entry9a.o
        12          6          0          4          0         60   errno.o
        30          0          0          0          0          0   handlers.o
        40          0          0          0          0         72   idiv.o
        36          8          0          0          0         68   init.o
         0          0          0          0          0          0   iusefp.o
        32          0          0          0          0         68   llshl.o
        38          0          0          0          0         68   llsshr.o
        34          0          0          0          0         68   llushr.o
        36          0          0          0          0        100   memseta.o
      2256         98          0          0          0        412   printfa.o
         0          0          0          4          0          0   stdout.o
        44          0          0          0          0         72   uidiv.o
        96          0          0          0          0         84   uldiv.o
        40          2          0          0          0         68   cdrcmple.o
        20          0          0          0          0         68   cfcmple.o
        20          0          0          0          0         68   cfrcmple.o
        56          0          0          0          0         68   d2f.o
       360          6          0          0          0        140   dadd.o
       240          6          0          0          0         84   ddiv.o
       236          0          0          0          0        216   depilogue.o
        64         10          0          0          0         68   dfixul.o
        28          4          0          0          0         68   dfltui.o
       208          6          0          0          0         88   dmul.o
       162          0          0          0          0         80   dsqrt.o
        40          0          0          0          0         60   f2d.o
       178          0          0          0          0        108   fadd.o
       124          0          0          0          0         72   fdiv.o
       130          0          0          0          0        144   fepilogue.o
        50          0          0          0          0         60   ffixi.o
        40          0          0          0          0         60   ffixui.o
        22          0          0          0          0         68   fflti.o
        14          0          0          0          0         68   ffltui.o
       122          0          0          0          0         72   fmul.o

    ----------------------------------------------------------------------
      4908        160          0          8          0       2876   Library Totals
         4          0          0          0          0          0   (incl. Padding)

    ----------------------------------------------------------------------

      Code (inc. data)   RO Data    RW Data    ZI Data      Debug   Library Name

        72          6          0          0          0         76   m_ps.l
      2678        120          0          8          0       1072   mc_p.l
      2154         34          0          0          0       1728   mf_p.l

    ----------------------------------------------------------------------
      4908        160          0          8          0       2876   Library Totals

    ----------------------------------------------------------------------

==============================================================================


      Code (inc. data)   RO Data    RW Data    ZI Data      Debug   

     15652       1418        328        244       3700     192245   Grand Totals
     15652       1418        328        244       3700     192245   ELF Image Totals
     15652       1418        328        244          0          0   ROM Totals

==============================================================================

    Total RO  Size (Code + RO Data)                15980 (  15.61kB)
    Total RW  Size (RW Data + ZI Data)              3944 (   3.85kB)
    Total ROM Size (Code + RO Data + RW Data)      16224 (  15.84kB)

==============================================================================

